
 Start         Length     Name                   Class
 0001:00000000 0002AA9CH .text                   CODE
 0002:00000000 00000848H .data                   DATA
 0002:00000848 000002CDH .bss                    BSS


Detailed map of segments

 0001:00000000 0000024E C=CODE     S=.text    G=(none)   M=System   ACBP=A9
 0001:00000250 00000140 C=CODE     S=.text    G=(none)   M=SysInit  ACBP=A9
 0001:00000390 00000938 C=CODE     S=.text    G=(none)   M=FastcodeCPUID ACBP=A9
 0001:00000CC8 00000016 C=CODE     S=.text    G=(none)   M=Types    ACBP=A9
 0001:00000CE0 000001F4 C=CODE     S=.text    G=(none)   M=Windows  ACBP=A9
 0001:00000ED4 000000B0 C=CODE     S=.text    G=(none)   M=FastcodePatch ACBP=A9
 0001:00000F84 0000000E C=CODE     S=.text    G=(none)   M=SysConst ACBP=A9
 0001:00000F94 00000136 C=CODE     S=.text    G=(none)   M=SysUtils ACBP=A9
 0001:000010CC 00000016 C=CODE     S=.text    G=(none)   M=StrUtils ACBP=A9
 0001:000010E4 000005EE C=CODE     S=.text    G=(none)   M=AnsiStringReplaceJOHIA32Unit12 ACBP=A9
 0001:000016D4 00000045 C=CODE     S=.text    G=(none)   M=AnsiStringReplaceJOHPASUnit12 ACBP=A9
 0001:0000171C 00000040 C=CODE     S=.text    G=(none)   M=FastcodeAnsiStringReplaceUnit ACBP=A9
 0001:0000175C 00000324 C=CODE     S=.text    G=(none)   M=FastcodePosUnit ACBP=A9
 0001:00001A80 000002A0 C=CODE     S=.text    G=(none)   M=FastcodePosExUnit ACBP=A9
 0001:00001D20 00000168 C=CODE     S=.text    G=(none)   M=FastcodeLowerCaseUnit ACBP=A9
 0001:00001E88 0000055E C=CODE     S=.text    G=(none)   M=FastcodeUpperCaseUnit ACBP=A9
 0001:000023E8 0000025C C=CODE     S=.text    G=(none)   M=FastcodeCompareStrUnit ACBP=A9
 0001:00002644 00000400 C=CODE     S=.text    G=(none)   M=FastcodeCompareMemUnit ACBP=A9
 0001:00002A44 000002E8 C=CODE     S=.text    G=(none)   M=FastcodeCompareTextUnit ACBP=A9
 0001:00002D2C 0000014C C=CODE     S=.text    G=(none)   M=FastcodeStrCompUnit ACBP=A9
 0001:00002E78 0000044C C=CODE     S=.text    G=(none)   M=FastcodeStrCopyUnit ACBP=A9
 0001:000032C4 0000006C C=CODE     S=.text    G=(none)   M=FastcodeStrICompUnit ACBP=A9
 0001:00003330 00000144 C=CODE     S=.text    G=(none)   M=FastCodeStrLenUnit ACBP=A9
 0001:00003474 000007EC C=CODE     S=.text    G=(none)   M=FastcodeFillCharUnit ACBP=A9
 0001:00003C60 00000334 C=CODE     S=.text    G=(none)   M=FastcodeStrToInt32Unit ACBP=A9
 0001:00003F94 00000875 C=CODE     S=.text    G=(none)   M=Fastcode ACBP=A9
 0001:0000480C 00000038 C=CODE     S=.text    G=(none)   M=Messages ACBP=A9
 0001:00004844 0000000E C=CODE     S=.text    G=(none)   M=ActiveX  ACBP=A9
 0001:00004854 0000000E C=CODE     S=.text    G=(none)   M=VarUtils ACBP=A9
 0001:00004864 000000B6 C=CODE     S=.text    G=(none)   M=Variants ACBP=A9
 0001:0000491C 0000000E C=CODE     S=.text    G=(none)   M=RTLConsts ACBP=A9
 0001:0000492C 00000026 C=CODE     S=.text    G=(none)   M=TypInfo  ACBP=A9
 0001:00004954 000001CE C=CODE     S=.text    G=(none)   M=Classes  ACBP=A9
 0001:00004B24 0000001E C=CODE     S=.text    G=(none)   M=Math     ACBP=A9
 0001:00004B44 00000026 C=CODE     S=.text    G=(none)   M=Contnrs  ACBP=A9
 0001:00004B6C 00000038 C=CODE     S=.text    G=(none)   M=CommCtrl ACBP=A9
 0001:00004BA4 0000000E C=CODE     S=.text    G=(none)   M=Consts   ACBP=A9
 0001:00004BB4 00000056 C=CODE     S=.text    G=(none)   M=Graphics ACBP=A9
 0001:00004C0C 0000000E C=CODE     S=.text    G=(none)   M=HelpIntfs ACBP=A9
 0001:00004C1C 0000000E C=CODE     S=.text    G=(none)   M=MultiMon ACBP=A9
 0001:00004C2C 00000038 C=CODE     S=.text    G=(none)   M=Imm      ACBP=A9
 0001:00004C64 0000000E C=CODE     S=.text    G=(none)   M=SyncObjs ACBP=A9
 0001:00004C74 0000000E C=CODE     S=.text    G=(none)   M=UxTheme  ACBP=A9
 0001:00004C84 00000038 C=CODE     S=.text    G=(none)   M=UrlMon   ACBP=A9
 0001:00004CBC 00000040 C=CODE     S=.text    G=(none)   M=WinInet  ACBP=A9
 0001:00004CFC 00000038 C=CODE     S=.text    G=(none)   M=RegStr   ACBP=A9
 0001:00004D34 00000040 C=CODE     S=.text    G=(none)   M=ShellAPI ACBP=A9
 0001:00004D74 00000038 C=CODE     S=.text    G=(none)   M=ShlObj   ACBP=A9
 0001:00004DAC 0000000E C=CODE     S=.text    G=(none)   M=WinHelpViewer ACBP=A9
 0001:00004DBC 00000038 C=CODE     S=.text    G=(none)   M=WinSpool ACBP=A9
 0001:00004DF4 0000000E C=CODE     S=.text    G=(none)   M=Printers ACBP=A9
 0001:00004E04 00000038 C=CODE     S=.text    G=(none)   M=CommDlg  ACBP=A9
 0001:00004E3C 00000038 C=CODE     S=.text    G=(none)   M=Dlgs     ACBP=A9
 0001:00004E74 0000000E C=CODE     S=.text    G=(none)   M=Dialogs  ACBP=A9
 0001:00004E84 0000000E C=CODE     S=.text    G=(none)   M=Clipbrd  ACBP=A9
 0001:00004E94 0000000E C=CODE     S=.text    G=(none)   M=StdActns ACBP=A9
 0001:00004EA4 0000000E C=CODE     S=.text    G=(none)   M=FlatSB   ACBP=A9
 0001:00004EB4 00000016 C=CODE     S=.text    G=(none)   M=StdCtrls ACBP=A9
 0001:00004ECC 0000001E C=CODE     S=.text    G=(none)   M=ExtCtrls ACBP=A9
 0001:00004EEC 0000000E C=CODE     S=.text    G=(none)   M=ToolWin  ACBP=A9
 0001:00004EFC 00000038 C=CODE     S=.text    G=(none)   M=RichEdit ACBP=A9
 0001:00004F34 00000016 C=CODE     S=.text    G=(none)   M=IniFiles ACBP=A9
 0001:00004F4C 0000000E C=CODE     S=.text    G=(none)   M=Registry ACBP=A9
 0001:00004F5C 0000000E C=CODE     S=.text    G=(none)   M=Buttons  ACBP=A9
 0001:00004F6C 0000000E C=CODE     S=.text    G=(none)   M=ExtDlgs  ACBP=A9
 0001:00004F7C 0000000E C=CODE     S=.text    G=(none)   M=Mapi     ACBP=A9
 0001:00004F8C 0000000E C=CODE     S=.text    G=(none)   M=ExtActns ACBP=A9
 0001:00004F9C 0000000E C=CODE     S=.text    G=(none)   M=ComStrs  ACBP=A9
 0001:00004FAC 0000000E C=CODE     S=.text    G=(none)   M=ListActns ACBP=A9
 0001:00004FBC 00000076 C=CODE     S=.text    G=(none)   M=ComCtrls ACBP=A9
 0001:00005034 0000002E C=CODE     S=.text    G=(none)   M=Themes   ACBP=A9
 0001:00005064 0000000E C=CODE     S=.text    G=(none)   M=Menus    ACBP=A9
 0001:00005074 0000028E C=CODE     S=.text    G=(none)   M=Controls ACBP=A9
 0001:00005304 00000246 C=CODE     S=.text    G=(none)   M=Forms    ACBP=A9
 0001:0000554C 00000016 C=CODE     S=.text    G=(none)   M=ImgList  ACBP=A9
 0001:00005564 0000001E C=CODE     S=.text    G=(none)   M=ActnList ACBP=A9
 0001:00005584 0000000E C=CODE     S=.text    G=(none)   M=DBConsts ACBP=A9
 0001:00005594 0000000E C=CODE     S=.text    G=(none)   M=FMTBcd   ACBP=A9
 0001:000055A4 0000001E C=CODE     S=.text    G=(none)   M=DateUtils ACBP=A9
 0001:000055C4 0000000E C=CODE     S=.text    G=(none)   M=SqlTimSt ACBP=A9
 0001:000055D4 0000000E C=CODE     S=.text    G=(none)   M=MaskUtils ACBP=A9
 0001:000055E4 0000000E C=CODE     S=.text    G=(none)   M=ComConst ACBP=A9
 0001:000055F4 0000000E C=CODE     S=.text    G=(none)   M=ComObj   ACBP=A9
 0001:00005604 00000086 C=CODE     S=.text    G=(none)   M=DB       ACBP=A9
 0001:0000568C 0000000E C=CODE     S=.text    G=(none)   M=Midas    ACBP=A9
 0001:0000569C 0000000E C=CODE     S=.text    G=(none)   M=DBCommon ACBP=A9
 0001:000056AC 0000000E C=CODE     S=.text    G=(none)   M=MidConst ACBP=A9
 0001:000056BC 0000000E C=CODE     S=.text    G=(none)   M=DSIntf   ACBP=A9
 0001:000056CC 0000000E C=CODE     S=.text    G=(none)   M=DataBkr  ACBP=A9
 0001:000056DC 0000000E C=CODE     S=.text    G=(none)   M=Provider ACBP=A9
 0001:000056EC 00000276 C=CODE     S=.text    G=(none)   M=DBClient ACBP=A9
 0001:00005964 0000000E C=CODE     S=.text    G=(none)   M=Mask     ACBP=A9
 0001:00005974 0000000E C=CODE     S=.text    G=(none)   M=VDBConsts ACBP=A9
 0001:00005984 0000000E C=CODE     S=.text    G=(none)   M=DBPWDlg  ACBP=A9
 0001:00005994 0000000E C=CODE     S=.text    G=(none)   M=DBLogDlg ACBP=A9
 0001:000059A4 0000000E C=CODE     S=.text    G=(none)   M=DBCtrls  ACBP=A9
 0001:000059B4 0000000E C=CODE     S=.text    G=(none)   M=Grids    ACBP=A9
 0001:000059C4 0000000E C=CODE     S=.text    G=(none)   M=DBGrids  ACBP=A9
 0001:000059D4 00001996 C=CODE     S=.text    G=(none)   M=VCLFixPack ACBP=A9
 0001:0000736C 00000046 C=CODE     S=.text    G=(none)   M=untEasyPlateBaseForm ACBP=A9
 0001:000073B4 0000000E C=CODE     S=.text    G=(none)   M=atParser ACBP=A9
 0001:000073C4 0000000E C=CODE     S=.text    G=(none)   M=uCallDLL ACBP=A9
 0001:000073D4 0000000E C=CODE     S=.text    G=(none)   M=DispatchLib ACBP=A9
 0001:000073E4 0000000E C=CODE     S=.text    G=(none)   M=uSystemLibrary ACBP=A9
 0001:000073F4 000000E6 C=CODE     S=.text    G=(none)   M=atScript ACBP=A9
 0001:000074DC 0000000E C=CODE     S=.text    G=(none)   M=atBasic  ACBP=A9
 0001:000074EC 0000000E C=CODE     S=.text    G=(none)   M=atPascal ACBP=A9
 0001:000074FC 0000000E C=CODE     S=.text    G=(none)   M=atScripter ACBP=A9
 0001:0000750C 00000046 C=CODE     S=.text    G=(none)   M=cxGeometry ACBP=A9
 0001:00007554 0000000E C=CODE     S=.text    G=(none)   M=dxMessages ACBP=A9
 0001:00007564 0000002E C=CODE     S=.text    G=(none)   M=dxCore   ACBP=A9
 0001:00007594 00000016 C=CODE     S=.text    G=(none)   M=dxGDIPlusAPI ACBP=A9
 0001:000075AC 0000000E C=CODE     S=.text    G=(none)   M=dxGDIPlusClasses ACBP=A9
 0001:000075BC 0000000E C=CODE     S=.text    G=(none)   M=dxThemeConsts ACBP=A9
 0001:000075CC 0000000E C=CODE     S=.text    G=(none)   M=dxUxTheme ACBP=A9
 0001:000075DC 0000000E C=CODE     S=.text    G=(none)   M=dxThemeManager ACBP=A9
 0001:000075EC 00000016 C=CODE     S=.text    G=(none)   M=dxOffice11 ACBP=A9
 0001:00007604 0000000E C=CODE     S=.text    G=(none)   M=cxDWMApi ACBP=A9
 0001:00007614 0000000E C=CODE     S=.text    G=(none)   M=cxLibraryStrs ACBP=A9
 0001:00007624 0000001E C=CODE     S=.text    G=(none)   M=dxHooks  ACBP=A9
 0001:00007644 00000056 C=CODE     S=.text    G=(none)   M=cxContainer ACBP=A9
 0001:0000769C 0000000E C=CODE     S=.text    G=(none)   M=cxLibraryConsts ACBP=A9
 0001:000076AC 0000000E C=CODE     S=.text    G=(none)   M=cxScrollBar ACBP=A9
 0001:000076BC 00000036 C=CODE     S=.text    G=(none)   M=cxLookAndFeels ACBP=A9
 0001:000076F4 0000000E C=CODE     S=.text    G=(none)   M=cxDrawTextUtils ACBP=A9
 0001:00007704 0000027E C=CODE     S=.text    G=(none)   M=cxControls ACBP=A9
 0001:00007984 0000004E C=CODE     S=.text    G=(none)   M=cxClasses ACBP=A9
 0001:000079D4 00000076 C=CODE     S=.text    G=(none)   M=cxGraphics ACBP=A9
 0001:00007A4C 0000039E C=CODE     S=.text    G=(none)   M=cxLookAndFeelPainters ACBP=A9
 0001:00007DEC 0000000E C=CODE     S=.text    G=(none)   M=dxSkinsStrs ACBP=A9
 0001:00007DFC 0000000E C=CODE     S=.text    G=(none)   M=dxSkinsCore ACBP=A9
 0001:00007E0C 0000000E C=CODE     S=.text    G=(none)   M=dxSkinInfo ACBP=A9
 0001:00007E1C 000005F6 C=CODE     S=.text    G=(none)   M=dxSkinsLookAndFeelPainter ACBP=A9
 0001:00008414 00000016 C=CODE     S=.text    G=(none)   M=dxSkinsDefaultPainters ACBP=A9
 0001:0000842C 0000000E C=CODE     S=.text    G=(none)   M=dxSkinsForm ACBP=A9
 0001:0000843C 00000026 C=CODE     S=.text    G=(none)   M=cxLocalization ACBP=A9
 0001:00008464 0000000E C=CODE     S=.text    G=(none)   M=JConsts  ACBP=A9
 0001:00008474 0000000E C=CODE     S=.text    G=(none)   M=jpeg     ACBP=A9
 0001:00008484 0000000E C=CODE     S=.text    G=(none)   M=untEasyAbout ACBP=A9
 0001:00008494 0000000E C=CODE     S=.text    G=(none)   M=untEasyWaterImage ACBP=A9
 0001:000084A4 0000000E C=CODE     S=.text    G=(none)   M=untEasyLEDDisPlay ACBP=A9
 0001:000084B4 0000000E C=CODE     S=.text    G=(none)   M=untEasyGroupBox ACBP=A9
 0001:000084C4 0000000E C=CODE     S=.text    G=(none)   M=FileCtrl ACBP=A9
 0001:000084D4 0000000E C=CODE     S=.text    G=(none)   M=frxXML   ACBP=A9
 0001:000084E4 0000000E C=CODE     S=.text    G=(none)   M=frxUnicodeUtils ACBP=A9
 0001:000084F4 0000000E C=CODE     S=.text    G=(none)   M=fs_xml   ACBP=A9
 0001:00008504 0000000E C=CODE     S=.text    G=(none)   M=fs_iparser ACBP=A9
 0001:00008514 0000000E C=CODE     S=.text    G=(none)   M=fs_iconst ACBP=A9
 0001:00008524 0000000E C=CODE     S=.text    G=(none)   M=fs_itools ACBP=A9
 0001:00008534 0000000E C=CODE     S=.text    G=(none)   M=fs_isysrtti ACBP=A9
 0001:00008544 0000000E C=CODE     S=.text    G=(none)   M=fs_iexpression ACBP=A9
 0001:00008554 0000000E C=CODE     S=.text    G=(none)   M=fs_idisp ACBP=A9
 0001:00008564 0000000E C=CODE     S=.text    G=(none)   M=fs_iilparser ACBP=A9
 0001:00008574 0000000E C=CODE     S=.text    G=(none)   M=fs_iinterpreter ACBP=A9
 0001:00008584 0000000E C=CODE     S=.text    G=(none)   M=frxAggregate ACBP=A9
 0001:00008594 0000000E C=CODE     S=.text    G=(none)   M=frxDsgnIntf ACBP=A9
 0001:000085A4 0000000E C=CODE     S=.text    G=(none)   M=frxDMPClass ACBP=A9
 0001:000085B4 0000000E C=CODE     S=.text    G=(none)   M=frxPictureCache ACBP=A9
 0001:000085C4 0000000E C=CODE     S=.text    G=(none)   M=frxPrinter ACBP=A9
 0001:000085D4 0000000E C=CODE     S=.text    G=(none)   M=frxCtrls ACBP=A9
 0001:000085E4 0000000E C=CODE     S=.text    G=(none)   M=frxDock  ACBP=A9
 0001:000085F4 0000000E C=CODE     S=.text    G=(none)   M=frxSearchDialog ACBP=A9
 0001:00008604 0000000E C=CODE     S=.text    G=(none)   M=frxPreviewPageSettings ACBP=A9
 0001:00008614 0000000E C=CODE     S=.text    G=(none)   M=frxPreview ACBP=A9
 0001:00008624 0000000E C=CODE     S=.text    G=(none)   M=frxPrintDialog ACBP=A9
 0001:00008634 0000000E C=CODE     S=.text    G=(none)   M=frxPreviewPages ACBP=A9
 0001:00008644 0000000E C=CODE     S=.text    G=(none)   M=frxEngine ACBP=A9
 0001:00008654 0000000E C=CODE     S=.text    G=(none)   M=frxPassw ACBP=A9
 0001:00008664 0000000E C=CODE     S=.text    G=(none)   M=frxGraphicUtils ACBP=A9
 0001:00008674 0000000E C=CODE     S=.text    G=(none)   M=frxDialogForm ACBP=A9
 0001:00008684 0000000E C=CODE     S=.text    G=(none)   M=frxrcClass ACBP=A9
 0001:00008694 0000000E C=CODE     S=.text    G=(none)   M=fs_ievents ACBP=A9
 0001:000086A4 0000000E C=CODE     S=.text    G=(none)   M=fs_iclassesrtti ACBP=A9
 0001:000086B4 0000000E C=CODE     S=.text    G=(none)   M=fs_igraphicsrtti ACBP=A9
 0001:000086C4 0000000E C=CODE     S=.text    G=(none)   M=fs_iformsrtti ACBP=A9
 0001:000086D4 0000000E C=CODE     S=.text    G=(none)   M=frxZLib  ACBP=A9
 0001:000086E4 0000000E C=CODE     S=.text    G=(none)   M=frxpnglang ACBP=A9
 0001:000086F4 0000000E C=CODE     S=.text    G=(none)   M=frxpngimage ACBP=A9
 0001:00008704 0000000E C=CODE     S=.text    G=(none)   M=frxClassRTTI ACBP=A9
 0001:00008714 0000000E C=CODE     S=.text    G=(none)   M=frxInheritError ACBP=A9
 0001:00008724 0000000E C=CODE     S=.text    G=(none)   M=fs_ipascal ACBP=A9
 0001:00008734 0000000E C=CODE     S=.text    G=(none)   M=fs_icpp  ACBP=A9
 0001:00008744 0000000E C=CODE     S=.text    G=(none)   M=fs_ibasic ACBP=A9
 0001:00008754 0000000E C=CODE     S=.text    G=(none)   M=fs_ijs   ACBP=A9
 0001:00008764 0000000E C=CODE     S=.text    G=(none)   M=fs_idialogsrtti ACBP=A9
 0001:00008774 0000000E C=CODE     S=.text    G=(none)   M=fs_iinirtti ACBP=A9
 0001:00008784 0000000E C=CODE     S=.text    G=(none)   M=frxUtils ACBP=A9
 0001:00008794 0000000E C=CODE     S=.text    G=(none)   M=frxChm   ACBP=A9
 0001:000087A4 0000000E C=CODE     S=.text    G=(none)   M=frxGZip  ACBP=A9
 0001:000087B4 0000000E C=CODE     S=.text    G=(none)   M=frxRes   ACBP=A9
 0001:000087C4 0000000E C=CODE     S=.text    G=(none)   M=frxProgress ACBP=A9
 0001:000087D4 0000000E C=CODE     S=.text    G=(none)   M=frxXMLSerializer ACBP=A9
 0001:000087E4 0000001E C=CODE     S=.text    G=(none)   M=frxVariables ACBP=A9
 0001:00008804 00000016 C=CODE     S=.text    G=(none)   M=frxClass ACBP=A9
 0001:0000881C 0000000E C=CODE     S=.text    G=(none)   M=frxPopupForm ACBP=A9
 0001:0000882C 0000000E C=CODE     S=.text    G=(none)   M=frxDesgnCtrls ACBP=A9
 0001:0000883C 0000000E C=CODE     S=.text    G=(none)   M=OleConst ACBP=A9
 0001:0000884C 00000038 C=CODE     S=.text    G=(none)   M=OleDlg   ACBP=A9
 0001:00008884 0000000E C=CODE     S=.text    G=(none)   M=OleCtnrs ACBP=A9
 0001:00008894 0000000E C=CODE     S=.text    G=(none)   M=frxRichEdit ACBP=A9
 0001:000088A4 0000000E C=CODE     S=.text    G=(none)   M=frxUnicodeCtrls ACBP=A9
 0001:000088B4 0000000E C=CODE     S=.text    G=(none)   M=frxDesgnWorkspace ACBP=A9
 0001:000088C4 0000000E C=CODE     S=.text    G=(none)   M=frxrcInsp ACBP=A9
 0001:000088D4 0000000E C=CODE     S=.text    G=(none)   M=frxInsp  ACBP=A9
 0001:000088E4 0000000E C=CODE     S=.text    G=(none)   M=frxDataTree ACBP=A9
 0001:000088F4 0000000E C=CODE     S=.text    G=(none)   M=frxSynMemo ACBP=A9
 0001:00008904 0000000E C=CODE     S=.text    G=(none)   M=CheckLst ACBP=A9
 0001:00008914 0000000E C=CODE     S=.text    G=(none)   M=frxEvaluateForm ACBP=A9
 0001:00008924 0000000E C=CODE     S=.text    G=(none)   M=frxWatchForm ACBP=A9
 0001:00008934 0000000E C=CODE     S=.text    G=(none)   M=frxDesgnWorkspace1 ACBP=A9
 0001:00008944 0000000E C=CODE     S=.text    G=(none)   M=frxEditFormat ACBP=A9
 0001:00008954 0000000E C=CODE     S=.text    G=(none)   M=frxEditHighlight ACBP=A9
 0001:00008964 0000000E C=CODE     S=.text    G=(none)   M=frxEditSysMemo ACBP=A9
 0001:00008974 0000000E C=CODE     S=.text    G=(none)   M=frxEditMemo ACBP=A9
 0001:00008984 0000000E C=CODE     S=.text    G=(none)   M=frxCustomEditors ACBP=A9
 0001:00008994 0000000E C=CODE     S=.text    G=(none)   M=frxEditPage ACBP=A9
 0001:000089A4 0000000E C=CODE     S=.text    G=(none)   M=frxEditDataBand ACBP=A9
 0001:000089B4 0000000E C=CODE     S=.text    G=(none)   M=frxEditStrings ACBP=A9
 0001:000089C4 0000000E C=CODE     S=.text    G=(none)   M=frxEditGroup ACBP=A9
 0001:000089D4 0000000E C=CODE     S=.text    G=(none)   M=frxCodeUtils ACBP=A9
 0001:000089E4 0000000E C=CODE     S=.text    G=(none)   M=frxEditPicture ACBP=A9
 0001:000089F4 0000000E C=CODE     S=.text    G=(none)   M=frxEditFrame ACBP=A9
 0001:00008A04 0000000E C=CODE     S=.text    G=(none)   M=frxDesgnEditors ACBP=A9
 0001:00008A14 0000000E C=CODE     S=.text    G=(none)   M=frxEditOptions ACBP=A9
 0001:00008A24 0000000E C=CODE     S=.text    G=(none)   M=frxEditReport ACBP=A9
 0001:00008A34 0000000E C=CODE     S=.text    G=(none)   M=frxAbout ACBP=A9
 0001:00008A44 0000000E C=CODE     S=.text    G=(none)   M=frxEditReportData ACBP=A9
 0001:00008A54 0000000E C=CODE     S=.text    G=(none)   M=frxEditVar ACBP=A9
 0001:00008A64 0000000E C=CODE     S=.text    G=(none)   M=frxEditExpr ACBP=A9
 0001:00008A74 0000000E C=CODE     S=.text    G=(none)   M=frxEditStyle ACBP=A9
 0001:00008A84 0000000E C=CODE     S=.text    G=(none)   M=frxNewItem ACBP=A9
 0001:00008A94 0000000E C=CODE     S=.text    G=(none)   M=frxStdWizard ACBP=A9
 0001:00008AA4 0000000E C=CODE     S=.text    G=(none)   M=frxEditTabOrder ACBP=A9
 0001:00008AB4 0000000E C=CODE     S=.text    G=(none)   M=frxrcDesgn ACBP=A9
 0001:00008AC4 0000000E C=CODE     S=.text    G=(none)   M=frxConnItemEdit ACBP=A9
 0001:00008AD4 0000000E C=CODE     S=.text    G=(none)   M=frxConnEditor ACBP=A9
 0001:00008AE4 0000000E C=CODE     S=.text    G=(none)   M=frxReportTree ACBP=A9
 0001:00008AF4 0000000E C=CODE     S=.text    G=(none)   M=frxDesgn ACBP=A9
 0001:00008B04 0000000E C=CODE     S=.text    G=(none)   M=frxDBSet ACBP=A9
 0001:00008B14 0000000E C=CODE     S=.text    G=(none)   M=frxEditMD ACBP=A9
 0001:00008B24 0000000E C=CODE     S=.text    G=(none)   M=frxEditAliases ACBP=A9
 0001:00008B34 0000000E C=CODE     S=.text    G=(none)   M=frxEditQueryParams ACBP=A9
 0001:00008B44 0000000E C=CODE     S=.text    G=(none)   M=frxEditSQL ACBP=A9
 0001:00008B54 0000000E C=CODE     S=.text    G=(none)   M=frxConnWizard ACBP=A9
 0001:00008B64 0000000E C=CODE     S=.text    G=(none)   M=frxCustomDBEditor ACBP=A9
 0001:00008B74 0000000E C=CODE     S=.text    G=(none)   M=fs_idbrtti ACBP=A9
 0001:00008B84 0000000E C=CODE     S=.text    G=(none)   M=frxCustomDBRTTI ACBP=A9
 0001:00008B94 0000000E C=CODE     S=.text    G=(none)   M=frxCustomDB ACBP=A9
 0001:00008BA4 0000000E C=CODE     S=.text    G=(none)   M=ADOInt   ACBP=A9
 0001:00008BB4 0000000E C=CODE     S=.text    G=(none)   M=OleDB    ACBP=A9
 0001:00008BC4 0000000E C=CODE     S=.text    G=(none)   M=ADOConst ACBP=A9
 0001:00008BD4 0000000E C=CODE     S=.text    G=(none)   M=Mtx      ACBP=A9
 0001:00008BE4 0000000E C=CODE     S=.text    G=(none)   M=ADODB    ACBP=A9
 0001:00008BF4 0000000E C=CODE     S=.text    G=(none)   M=fs_iadortti ACBP=A9
 0001:00008C04 0000000E C=CODE     S=.text    G=(none)   M=frxADORTTI ACBP=A9
 0001:00008C14 0000000E C=CODE     S=.text    G=(none)   M=frxADOEditor ACBP=A9
 0001:00008C24 0000000E C=CODE     S=.text    G=(none)   M=frxADOComponents ACBP=A9
 0001:00008C34 0000000E C=CODE     S=.text    G=(none)   M=TeCanvas ACBP=A9
 0001:00008C44 0000000E C=CODE     S=.text    G=(none)   M=TeeConst ACBP=A9
 0001:00008C54 0000000E C=CODE     S=.text    G=(none)   M=TeeProcs ACBP=A9
 0001:00008C64 0000000E C=CODE     S=.text    G=(none)   M=TeEngine ACBP=A9
 0001:00008C74 0000000E C=CODE     S=.text    G=(none)   M=TeeFunci ACBP=A9
 0001:00008C84 0000000E C=CODE     S=.text    G=(none)   M=Chart    ACBP=A9
 0001:00008C94 0000000E C=CODE     S=.text    G=(none)   M=Series   ACBP=A9
 0001:00008CA4 0000000E C=CODE     S=.text    G=(none)   M=GanttCh  ACBP=A9
 0001:00008CB4 0000000E C=CODE     S=.text    G=(none)   M=TeeShape ACBP=A9
 0001:00008CC4 0000000E C=CODE     S=.text    G=(none)   M=BubbleCh ACBP=A9
 0001:00008CD4 0000000E C=CODE     S=.text    G=(none)   M=ArrowCha ACBP=A9
 0001:00008CE4 0000000E C=CODE     S=.text    G=(none)   M=frxChartHelpers ACBP=A9
 0001:00008CF4 0000000E C=CODE     S=.text    G=(none)   M=fs_ichartrtti ACBP=A9
 0001:00008D04 0000000E C=CODE     S=.text    G=(none)   M=frxChartRTTI ACBP=A9
 0001:00008D14 0000000E C=CODE     S=.text    G=(none)   M=TeeGally ACBP=A9
 0001:00008D24 0000000E C=CODE     S=.text    G=(none)   M=frxChartEditor ACBP=A9
 0001:00008D34 0000000E C=CODE     S=.text    G=(none)   M=frxChart ACBP=A9
 0001:00008D44 0000000E C=CODE     S=.text    G=(none)   M=frxBarcod ACBP=A9
 0001:00008D54 0000000E C=CODE     S=.text    G=(none)   M=frxBarcodeEditor ACBP=A9
 0001:00008D64 0000000E C=CODE     S=.text    G=(none)   M=frxBarcodeRTTI ACBP=A9
 0001:00008D74 0000000E C=CODE     S=.text    G=(none)   M=frxBarcode ACBP=A9
 0001:00008D84 0000000E C=CODE     S=.text    G=(none)   M=frxOLERTTI ACBP=A9
 0001:00008D94 0000000E C=CODE     S=.text    G=(none)   M=frxOLEEditor ACBP=A9
 0001:00008DA4 0000000E C=CODE     S=.text    G=(none)   M=frxOLE   ACBP=A9
 0001:00008DB4 0000000E C=CODE     S=.text    G=(none)   M=frxRichRTTI ACBP=A9
 0001:00008DC4 0000000E C=CODE     S=.text    G=(none)   M=frxRichEditor ACBP=A9
 0001:00008DD4 0000000E C=CODE     S=.text    G=(none)   M=frxRich  ACBP=A9
 0001:00008DE4 0000000E C=CODE     S=.text    G=(none)   M=frxCrossEditor ACBP=A9
 0001:00008DF4 0000000E C=CODE     S=.text    G=(none)   M=frxCrossRTTI ACBP=A9
 0001:00008E04 0000000E C=CODE     S=.text    G=(none)   M=frxCross ACBP=A9
 0001:00008E14 0000000E C=CODE     S=.text    G=(none)   M=frxChBoxRTTI ACBP=A9
 0001:00008E24 0000000E C=CODE     S=.text    G=(none)   M=frxChBox ACBP=A9
 0001:00008E34 0000000E C=CODE     S=.text    G=(none)   M=frxGradientRTTI ACBP=A9
 0001:00008E44 0000000E C=CODE     S=.text    G=(none)   M=frxGradient ACBP=A9
 0001:00008E54 0000000E C=CODE     S=.text    G=(none)   M=frxDMPExport ACBP=A9
 0001:00008E64 0000000E C=CODE     S=.text    G=(none)   M=frxDCtrlRTTI ACBP=A9
 0001:00008E74 0000000E C=CODE     S=.text    G=(none)   M=frxDCtrl ACBP=A9
 0001:00008E84 0000000E C=CODE     S=.text    G=(none)   M=frxrcExports ACBP=A9
 0001:00008E94 0000000E C=CODE     S=.text    G=(none)   M=frxExportMatrix ACBP=A9
 0001:00008EA4 0000000E C=CODE     S=.text    G=(none)   M=frxFileUtils ACBP=A9
 0001:00008EB4 0000000E C=CODE     S=.text    G=(none)   M=frxExportXLS ACBP=A9
 0001:00008EC4 0000000E C=CODE     S=.text    G=(none)   M=frxStorage ACBP=A9
 0001:00008ED4 0000000E C=CODE     S=.text    G=(none)   M=frxExportXML ACBP=A9
 0001:00008EE4 0000000E C=CODE     S=.text    G=(none)   M=frxExportTxtPrn ACBP=A9
 0001:00008EF4 0000000E C=CODE     S=.text    G=(none)   M=frxExportTXT ACBP=A9
 0001:00008F04 00000038 C=CODE     S=.text    G=(none)   M=WinSock  ACBP=A9
 0001:00008F3C 0000000E C=CODE     S=.text    G=(none)   M=ScktComp ACBP=A9
 0001:00008F4C 0000000E C=CODE     S=.text    G=(none)   M=frxNetUtils ACBP=A9
 0001:00008F5C 0000000E C=CODE     S=.text    G=(none)   M=frxmd5   ACBP=A9
 0001:00008F6C 0000000E C=CODE     S=.text    G=(none)   M=frxSMTP  ACBP=A9
 0001:00008F7C 0000000E C=CODE     S=.text    G=(none)   M=frxExportMail ACBP=A9
 0001:00008F8C 0000000E C=CODE     S=.text    G=(none)   M=frxRC4   ACBP=A9
 0001:00008F9C 0000000E C=CODE     S=.text    G=(none)   M=frxExportPDF ACBP=A9
 0001:00008FAC 0000000E C=CODE     S=.text    G=(none)   M=GIF      ACBP=A9
 0001:00008FBC 0000000E C=CODE     S=.text    G=(none)   M=frxExportImage ACBP=A9
 0001:00008FCC 0000000E C=CODE     S=.text    G=(none)   M=frxImageConverter ACBP=A9
 0001:00008FDC 0000000E C=CODE     S=.text    G=(none)   M=frxExportHTML ACBP=A9
 0001:00008FEC 0000000E C=CODE     S=.text    G=(none)   M=frxGML   ACBP=A9
 0001:00008FFC 0000000E C=CODE     S=.text    G=(none)   M=frxExportRTF ACBP=A9
 0001:0000900C 0000000E C=CODE     S=.text    G=(none)   M=frxExportText ACBP=A9
 0001:0000901C 0000000E C=CODE     S=.text    G=(none)   M=frxExportCSV ACBP=A9
 0001:0000902C 00000016 C=CODE     S=.text    G=(none)   M=untEasyUtilClasses ACBP=A9
 0001:00009044 00000016 C=CODE     S=.text    G=(none)   M=untEasyClassinfDeptPostion ACBP=A9
 0001:0000905C 00000016 C=CODE     S=.text    G=(none)   M=untEasyClassinfCompanyDept ACBP=A9
 0001:00009074 00000016 C=CODE     S=.text    G=(none)   M=untEasyClassinfCompany ACBP=A9
 0001:0000908C 00000016 C=CODE     S=.text    G=(none)   M=untEasyClasshrEmployee ACBP=A9
 0001:000090A4 00000016 C=CODE     S=.text    G=(none)   M=untEasyClasssysUser ACBP=A9
 0001:000090BC 0000000E C=CODE     S=.text    G=(none)   M=AppEvnts ACBP=A9
 0001:000090CC 0000000E C=CODE     S=.text    G=(none)   M=StdVCL   ACBP=A9
 0001:000090DC 0000000E C=CODE     S=.text    G=(none)   M=EasyPlateServer_TLB ACBP=A9
 0001:000090EC 0000000E C=CODE     S=.text    G=(none)   M=MConnect ACBP=A9
 0001:000090FC 0000000E C=CODE     S=.text    G=(none)   M=SConnect ACBP=A9
 0001:0000910C 0000000E C=CODE     S=.text    G=(none)   M=ObjBrkr  ACBP=A9
 0001:0000911C 0000000E C=CODE     S=.text    G=(none)   M=untEasyUtilStream ACBP=A9
 0001:0000912C 0000000E C=CODE     S=.text    G=(none)   M=untEasyUtilRWIni ACBP=A9
 0001:0000913C 0000000E C=CODE     S=.text    G=(none)   M=untEasyPlateSplash ACBP=A9
 0001:0000914C 0000000E C=CODE     S=.text    G=(none)   M=untEasyDBConnectionConst ACBP=A9
 0001:0000915C 0000000E C=CODE     S=.text    G=(none)   M=untEasyUtilConst ACBP=A9
 0001:0000916C 0000000E C=CODE     S=.text    G=(none)   M=ZLibConst ACBP=A9
 0001:0000917C 0000000E C=CODE     S=.text    G=(none)   M=ZLib     ACBP=A9
 0001:0000918C 00000016 C=CODE     S=.text    G=(none)   M=untEasyBallonControl ACBP=A9
 0001:000091A4 0000000E C=CODE     S=.text    G=(none)   M=untEasyCommon ACBP=A9
 0001:000091B4 00000016 C=CODE     S=.text    G=(none)   M=untEasyProgressBar ACBP=A9
 0001:000091CC 0000000E C=CODE     S=.text    G=(none)   M=untEasyFeelStyle ACBP=A9
 0001:000091DC 0000000E C=CODE     S=.text    G=(none)   M=untEasygdip ACBP=A9
 0001:000091EC 0000000E C=CODE     S=.text    G=(none)   M=untEasyGDIPicture ACBP=A9
 0001:000091FC 0000000E C=CODE     S=.text    G=(none)   M=untEasyHintInfo ACBP=A9
 0001:0000920C 0000000E C=CODE     S=.text    G=(none)   M=untEasyGlowButton ACBP=A9
 0001:0000921C 0000000E C=CODE     S=.text    G=(none)   M=untEasyOfficeTabSetStylers ACBP=A9
 0001:0000922C 0000000E C=CODE     S=.text    G=(none)   M=untEasyTabSet ACBP=A9
 0001:0000923C 0000000E C=CODE     S=.text    G=(none)   M=ImageHlp ACBP=A9
 0001:0000924C 0000000E C=CODE     S=.text    G=(none)   M=IdException ACBP=A9
 0001:0000925C 0000000E C=CODE     S=.text    G=(none)   M=IdResourceStrings ACBP=A9
 0001:0000926C 0000000E C=CODE     S=.text    G=(none)   M=IdURI    ACBP=A9
 0001:0000927C 0000000E C=CODE     S=.text    G=(none)   M=IdWinSock2 ACBP=A9
 0001:0000928C 0000000E C=CODE     S=.text    G=(none)   M=IdStackConsts ACBP=A9
 0001:0000929C 0000000E C=CODE     S=.text    G=(none)   M=IdStack  ACBP=A9
 0001:000092AC 0000000E C=CODE     S=.text    G=(none)   M=IdStackWindows ACBP=A9
 0001:000092BC 0000000E C=CODE     S=.text    G=(none)   M=IdGlobal ACBP=A9
 0001:000092CC 00000038 C=CODE     S=.text    G=(none)   M=TlHelp32 ACBP=A9
 0001:00009304 0000003E C=CODE     S=.text    G=(none)   M=untEasyUtilMethod ACBP=A9
 0001:00009344 00000056 C=CODE     S=.text    G=(none)   M=untEasyDBConnection ACBP=A9
 0001:0000939C 0000000E C=CODE     S=.text    G=(none)   M=dxCustomHint ACBP=A9
 0001:000093AC 0000000E C=CODE     S=.text    G=(none)   M=dxScreenTip ACBP=A9
 0001:000093BC 0000000E C=CODE     S=.text    G=(none)   M=OleServer ACBP=A9
 0001:000093CC 0000000E C=CODE     S=.text    G=(none)   M=cxAccessibility ACBP=A9
 0001:000093DC 0000000E C=CODE     S=.text    G=(none)   M=dxFading ACBP=A9
 0001:000093EC 0000000E C=CODE     S=.text    G=(none)   M=cxStyles ACBP=A9
 0001:000093FC 0000000E C=CODE     S=.text    G=(none)   M=dxCommon ACBP=A9
 0001:0000940C 0000000E C=CODE     S=.text    G=(none)   M=dxBarStrs ACBP=A9
 0001:0000941C 0000000E C=CODE     S=.text    G=(none)   M=dxBarAccessibility ACBP=A9
 0001:0000942C 0000000E C=CODE     S=.text    G=(none)   M=dxBarSkinConsts ACBP=A9
 0001:0000943C 0000000E C=CODE     S=.text    G=(none)   M=dxBarAddGroupItemsEd ACBP=A9
 0001:0000944C 0000000E C=CODE     S=.text    G=(none)   M=dxBarItemEd ACBP=A9
 0001:0000945C 0000000E C=CODE     S=.text    G=(none)   M=dxBarPopupMenuEd ACBP=A9
 0001:0000946C 0000000E C=CODE     S=.text    G=(none)   M=dxBarCustForm ACBP=A9
 0001:0000947C 00000016 C=CODE     S=.text    G=(none)   M=dxBarCustomCustomizationForm ACBP=A9
 0001:00009494 0000000E C=CODE     S=.text    G=(none)   M=dxBarNameEd ACBP=A9
 0001:000094A4 00000038 C=CODE     S=.text    G=(none)   M=MMSystem ACBP=A9
 0001:000094DC 00000A7E C=CODE     S=.text    G=(none)   M=dxBar    ACBP=A9
 0001:00009F5C 00000036 C=CODE     S=.text    G=(none)   M=dxStatusBar ACBP=A9
 0001:00009F94 0000000E C=CODE     S=.text    G=(none)   M=dxSkinsdxBarPainter ACBP=A9
 0001:00009FA4 0000000E C=CODE     S=.text    G=(none)   M=dxSkinsdxStatusBarPainter ACBP=A9
 0001:00009FB4 0000000E C=CODE     S=.text    G=(none)   M=cxDataUtils ACBP=A9
 0001:00009FC4 0000000E C=CODE     S=.text    G=(none)   M=cxFilterConsts ACBP=A9
 0001:00009FD4 0000000E C=CODE     S=.text    G=(none)   M=cxLike   ACBP=A9
 0001:00009FE4 0000000E C=CODE     S=.text    G=(none)   M=cxDataConsts ACBP=A9
 0001:00009FF4 00000016 C=CODE     S=.text    G=(none)   M=cxVariants ACBP=A9
 0001:0000A00C 0000000E C=CODE     S=.text    G=(none)   M=cxFilter ACBP=A9
 0001:0000A01C 00000016 C=CODE     S=.text    G=(none)   M=cxEditPaintUtils ACBP=A9
 0001:0000A034 0000000E C=CODE     S=.text    G=(none)   M=cxDataStorage ACBP=A9
 0001:0000A044 0000000E C=CODE     S=.text    G=(none)   M=cxEditUtils ACBP=A9
 0001:0000A054 0000000E C=CODE     S=.text    G=(none)   M=cxEditConsts ACBP=A9
 0001:0000A064 0000000E C=CODE     S=.text    G=(none)   M=cxFormats ACBP=A9
 0001:0000A074 0000000E C=CODE     S=.text    G=(none)   M=cxDateUtils ACBP=A9
 0001:0000A084 000000DE C=CODE     S=.text    G=(none)   M=cxEdit   ACBP=A9
 0001:0000A164 0000000E C=CODE     S=.text    G=(none)   M=cxFilterControlStrs ACBP=A9
 0001:0000A174 00000026 C=CODE     S=.text    G=(none)   M=cxFilterControlUtils ACBP=A9
 0001:0000A19C 0000000E C=CODE     S=.text    G=(none)   M=cxTextEdit ACBP=A9
 0001:0000A1AC 0000000E C=CODE     S=.text    G=(none)   M=cxStandardMask ACBP=A9
 0001:0000A1BC 0000000E C=CODE     S=.text    G=(none)   M=cxRegExpr ACBP=A9
 0001:0000A1CC 0000000E C=CODE     S=.text    G=(none)   M=cxMaskEdit ACBP=A9
 0001:0000A1DC 0000001E C=CODE     S=.text    G=(none)   M=cxDropDownEdit ACBP=A9
 0001:0000A1FC 00000016 C=CODE     S=.text    G=(none)   M=cxButtons ACBP=A9
 0001:0000A214 000007AC C=CODE     S=.text    G=(none)   M=cxBarEditItemValueEditor ACBP=A9
 0001:0000A9C0 0000000E C=CODE     S=.text    G=(none)   M=cxCustomData ACBP=A9
 0001:0000A9D0 0000000E C=CODE     S=.text    G=(none)   M=cxCheckBox ACBP=A9
 0001:0000A9E0 0000000E C=CODE     S=.text    G=(none)   M=cxGroupBox ACBP=A9
 0001:0000A9F0 0000000E C=CODE     S=.text    G=(none)   M=cxRadioGroup ACBP=A9
 0001:0000AA00 0000000E C=CODE     S=.text    G=(none)   M=cxMRUEdit ACBP=A9
 0001:0000AA10 0000000E C=CODE     S=.text    G=(none)   M=cxHyperLinkEdit ACBP=A9
 0001:0000AA20 0000000E C=CODE     S=.text    G=(none)   M=cxSpinEdit ACBP=A9
 0001:0000AA30 0000000E C=CODE     S=.text    G=(none)   M=cxTimeEdit ACBP=A9
 0001:0000AA40 0000000E C=CODE     S=.text    G=(none)   M=cxCalc   ACBP=A9
 0001:0000AA50 0000000E C=CODE     S=.text    G=(none)   M=cxMemo   ACBP=A9
 0001:0000AA60 0000000E C=CODE     S=.text    G=(none)   M=cxImage  ACBP=A9
 0001:0000AA70 0000000E C=CODE     S=.text    G=(none)   M=cxBlobEdit ACBP=A9
 0001:0000AA80 0000000E C=CODE     S=.text    G=(none)   M=cxImageComboBox ACBP=A9
 0001:0000AA90 0000000E C=CODE     S=.text    G=(none)   M=cxCurrencyEdit ACBP=A9
 0001:0000AAA0 0000000E C=CODE     S=.text    G=(none)   M=cxCalendar ACBP=A9
 0001:0000AAB0 0000000E C=CODE     S=.text    G=(none)   M=cxButtonEdit ACBP=A9
 0001:0000AAC0 0000000E C=CODE     S=.text    G=(none)   M=cxEditRepositoryItems ACBP=A9
 0001:0000AAD0 00004980 C=CODE     S=.text    G=(none)   M=cxBarEditItem ACBP=A9
 0001:0000F450 00000682 C=CODE     S=.text    G=(none)   M=dxSkinBlue ACBP=A9
 0001:0000FAD4 0000068E C=CODE     S=.text    G=(none)   M=dxSkinCaramel ACBP=A9
 0001:00010164 0000002E C=CODE     S=.text    G=(none)   M=cxPCGoDialog ACBP=A9
 0001:00010194 0000000E C=CODE     S=.text    G=(none)   M=cxPCConsts ACBP=A9
 0001:000101A4 0000000E C=CODE     S=.text    G=(none)   M=cxPCPaintersFactory ACBP=A9
 0001:000101B4 000002D6 C=CODE     S=.text    G=(none)   M=cxPC     ACBP=A9
 0001:0001048C 0000000E C=CODE     S=.text    G=(none)   M=cxPCPainters ACBP=A9
 0001:0001049C 0000000E C=CODE     S=.text    G=(none)   M=dxSkinscxPCPainter ACBP=A9
 0001:000104AC 0000003E C=CODE     S=.text    G=(none)   M=dxBarBuiltInMenu ACBP=A9
 0001:000104EC 000001F3 C=CODE     S=.text    G=(none)   M=cxPCdxBarPopupMenu ACBP=A9
 0001:000106E0 0000000E C=CODE     S=.text    G=(none)   M=cxExtEditUtils ACBP=A9
 0001:000106F0 0000000E C=CODE     S=.text    G=(none)   M=cxExtEditConsts ACBP=A9
 0001:00010700 0000000E C=CODE     S=.text    G=(none)   M=cxSplitter ACBP=A9
 0001:00010710 0000000E C=CODE     S=.text    G=(none)   M=untEasyTrayIcon ACBP=A9
 0001:00010720 00000050 C=CODE     S=.text    G=(none)   M=dxTabbedMDIStrs ACBP=A9
 0001:00010770 00003C87 C=CODE     S=.text    G=(none)   M=dxTabbedMDI ACBP=A9
 0001:000143F8 0000002E C=CODE     S=.text    G=(none)   M=cxTreeView ACBP=A9
 0001:00014428 00000016 C=CODE     S=.text    G=(none)   M=untEasyClassPluginDirectory ACBP=A9
 0001:00014440 00000016 C=CODE     S=.text    G=(none)   M=untEasyPackageInfo ACBP=A9
 0001:00014458 0000000E C=CODE     S=.text    G=(none)   M=untEasyLabel ACBP=A9
 0001:00014468 0000000E C=CODE     S=.text    G=(none)   M=untEasyEdit ACBP=A9
 0001:00014478 0000000E C=CODE     S=.text    G=(none)   M=untEasyButtons ACBP=A9
 0001:00014488 00000026 C=CODE     S=.text    G=(none)   M=untEasyPlateDBBaseForm ACBP=A9
 0001:000144B0 00000026 C=CODE     S=.text    G=(none)   M=untEasyUtilCrypt ACBP=A9
 0001:000144D8 00000016 C=CODE     S=.text    G=(none)   M=untEasyUtilDLL ACBP=A9
 0001:000144F0 00001574 C=CODE     S=.text    G=(none)   M=untEasyLoginMain ACBP=A9
 0001:00015A64 0000000E C=CODE     S=.text    G=(none)   M=untEasyTreeView ACBP=A9
 0001:00015A74 000004D8 C=CODE     S=.text    G=(none)   M=untEasyPlateLoading ACBP=A9
 0001:00015F4C 0000002E C=CODE     S=.text    G=(none)   M=untEasyCSRegUtil ACBP=A9
 0001:00015F7C 0000000E C=CODE     S=.text    G=(none)   M=Nb30     ACBP=A9
 0001:00015F8C 0000000E C=CODE     S=.text    G=(none)   M=untEasyUtilCompression ACBP=A9
 0001:00015F9C 0000000E C=CODE     S=.text    G=(none)   M=dbcgrids ACBP=A9
 0001:00015FAC 0000000E C=CODE     S=.text    G=(none)   M=Tabs     ACBP=A9
 0001:00015FBC 0000000E C=CODE     S=.text    G=(none)   M=cxLabel  ACBP=A9
 0001:00015FCC 0000000E C=CODE     S=.text    G=(none)   M=cxTrackBar ACBP=A9
 0001:00015FDC 0000000E C=CODE     S=.text    G=(none)   M=cxDB     ACBP=A9
 0001:00015FEC 0000000E C=CODE     S=.text    G=(none)   M=cxListBox ACBP=A9
 0001:00015FFC 0000000E C=CODE     S=.text    G=(none)   M=cxDBEdit ACBP=A9
 0001:0001600C 0000000E C=CODE     S=.text    G=(none)   M=cxData   ACBP=A9
 0001:0001601C 0000000E C=CODE     S=.text    G=(none)   M=cxEditRegisteredRepositoryItems ACBP=A9
 0001:0001602C 0000000E C=CODE     S=.text    G=(none)   M=cxEditDataRegisteredRepositoryItems ACBP=A9
 0001:0001603C 0000000E C=CODE     S=.text    G=(none)   M=cxLookupGrid ACBP=A9
 0001:0001604C 0000000E C=CODE     S=.text    G=(none)   M=cxDBFilter ACBP=A9
 0001:0001605C 0000000E C=CODE     S=.text    G=(none)   M=cxDBData ACBP=A9
 0001:0001606C 0000000E C=CODE     S=.text    G=(none)   M=cxLookupEdit ACBP=A9
 0001:0001607C 0000000E C=CODE     S=.text    G=(none)   M=cxDBLookupEdit ACBP=A9
 0001:0001608C 0000000E C=CODE     S=.text    G=(none)   M=cxDBEditRepository ACBP=A9
 0001:0001609C 0000000E C=CODE     S=.text    G=(none)   M=cxEditDBRegisteredRepositoryItems ACBP=A9
 0001:000160AC 0000000E C=CODE     S=.text    G=(none)   M=cxLookupDBGrid ACBP=A9
 0001:000160BC 0000000E C=CODE     S=.text    G=(none)   M=cxDBLookupComboBox ACBP=A9
 0001:000160CC 0000000E C=CODE     S=.text    G=(none)   M=cxNavigator ACBP=A9
 0001:000160DC 0000000E C=CODE     S=.text    G=(none)   M=cxFilterControl ACBP=A9
 0001:000160EC 0000000E C=CODE     S=.text    G=(none)   M=cxFilterControlDialog ACBP=A9
 0001:000160FC 0000000E C=CODE     S=.text    G=(none)   M=cxDBFilterControl ACBP=A9
 0001:0001610C 0000000E C=CODE     S=.text    G=(none)   M=cxDBNavigator ACBP=A9
 0001:0001611C 0000000E C=CODE     S=.text    G=(none)   M=cxHeader ACBP=A9
 0001:0001612C 0000000E C=CODE     S=.text    G=(none)   M=cxHint   ACBP=A9
 0001:0001613C 0000000E C=CODE     S=.text    G=(none)   M=cxCheckComboBox ACBP=A9
 0001:0001614C 0000000E C=CODE     S=.text    G=(none)   M=cxCheckGroup ACBP=A9
 0001:0001615C 0000000E C=CODE     S=.text    G=(none)   M=dximctrl ACBP=A9
 0001:0001616C 0000000E C=CODE     S=.text    G=(none)   M=dxImagePropEditor ACBP=A9
 0001:0001617C 0000000E C=CODE     S=.text    G=(none)   M=dxSpinImagePropEditor ACBP=A9
 0001:0001618C 0000000E C=CODE     S=.text    G=(none)   M=cxCheckListBox ACBP=A9
 0001:0001619C 0000000E C=CODE     S=.text    G=(none)   M=cxColorComboBox ACBP=A9
 0001:000161AC 0000000E C=CODE     S=.text    G=(none)   M=cxDBCheckComboBox ACBP=A9
 0001:000161BC 0000000E C=CODE     S=.text    G=(none)   M=cxDBCheckGroup ACBP=A9
 0001:000161CC 0000000E C=CODE     S=.text    G=(none)   M=cxDBCheckListBox ACBP=A9
 0001:000161DC 0000000E C=CODE     S=.text    G=(none)   M=cxDBColorComboBox ACBP=A9
 0001:000161EC 0000000E C=CODE     S=.text    G=(none)   M=cxFontNameComboBox ACBP=A9
 0001:000161FC 0000000E C=CODE     S=.text    G=(none)   M=cxDBFontNameComboBox ACBP=A9
 0001:0001620C 0000000E C=CODE     S=.text    G=(none)   M=cxDBLabel ACBP=A9
 0001:0001621C 0000000E C=CODE     S=.text    G=(none)   M=cxProgressBar ACBP=A9
 0001:0001622C 0000000E C=CODE     S=.text    G=(none)   M=cxDBProgressBar ACBP=A9
 0001:0001623C 0000000E C=CODE     S=.text    G=(none)   M=cxRichEdit ACBP=A9
 0001:0001624C 0000000E C=CODE     S=.text    G=(none)   M=cxDBRichEdit ACBP=A9
 0001:0001625C 0000000E C=CODE     S=.text    G=(none)   M=cxDBTrackBar ACBP=A9
 0001:0001626C 0000000E C=CODE     S=.text    G=(none)   M=cxListView ACBP=A9
 0001:0001627C 0000000E C=CODE     S=.text    G=(none)   M=cxMCListBox ACBP=A9
 0001:0001628C 0000000E C=CODE     S=.text    G=(none)   M=cxSpinButton ACBP=A9
 0001:0001629C 0000000E C=CODE     S=.text    G=(none)   M=cxGridCommon ACBP=A9
 0001:000162AC 0000000E C=CODE     S=.text    G=(none)   M=cxStorage ACBP=A9
 0001:000162BC 0000000E C=CODE     S=.text    G=(none)   M=cxGridStrs ACBP=A9
 0001:000162CC 0000000E C=CODE     S=.text    G=(none)   M=cxGridDetailsSite ACBP=A9
 0001:000162DC 0000000E C=CODE     S=.text    G=(none)   M=cxFilterDialog ACBP=A9
 0001:000162EC 0000000E C=CODE     S=.text    G=(none)   M=cxGridCustomTableView ACBP=A9
 0001:000162FC 0000000E C=CODE     S=.text    G=(none)   M=cxGridLevel ACBP=A9
 0001:0001630C 0000000E C=CODE     S=.text    G=(none)   M=cxGridCustomView ACBP=A9
 0001:0001631C 0000000E C=CODE     S=.text    G=(none)   M=cxGrid   ACBP=A9
 0001:0001632C 0000000E C=CODE     S=.text    G=(none)   M=cxGridRows ACBP=A9
 0001:0001633C 0000000E C=CODE     S=.text    G=(none)   M=cxGridTableView ACBP=A9
 0001:0001634C 0000000E C=CODE     S=.text    G=(none)   M=cxGridDBDataDefinitions ACBP=A9
 0001:0001635C 0000000E C=CODE     S=.text    G=(none)   M=cxGridFilterHelpers ACBP=A9
 0001:0001636C 0000000E C=CODE     S=.text    G=(none)   M=cxDBExtLookupComboBox ACBP=A9
 0001:0001637C 0000000E C=CODE     S=.text    G=(none)   M=cxGridCustomLayoutView ACBP=A9
 0001:0001638C 0000000E C=CODE     S=.text    G=(none)   M=cxGridCardView ACBP=A9
 0001:0001639C 0000000E C=CODE     S=.text    G=(none)   M=cxGridBandedTableView ACBP=A9
 0001:000163AC 0000000E C=CODE     S=.text    G=(none)   M=cxGridCustomPopupMenu ACBP=A9
 0001:000163BC 0000000E C=CODE     S=.text    G=(none)   M=cxGridUIHelper ACBP=A9
 0001:000163CC 0000000E C=CODE     S=.text    G=(none)   M=cxGridUICustomTableHelper ACBP=A9
 0001:000163DC 0000000E C=CODE     S=.text    G=(none)   M=cxGridUICardHelper ACBP=A9
 0001:000163EC 0000000E C=CODE     S=.text    G=(none)   M=cxGridUITableHelper ACBP=A9
 0001:000163FC 0000000E C=CODE     S=.text    G=(none)   M=cxGridUIBandedTableHelper ACBP=A9
 0001:0001640C 0000000E C=CODE     S=.text    G=(none)   M=cxGridPopupMenuConsts ACBP=A9
 0001:0001641C 0000000E C=CODE     S=.text    G=(none)   M=cxGridMenuOperations ACBP=A9
 0001:0001642C 0000000E C=CODE     S=.text    G=(none)   M=cxGridGroupRowPopupMenuItems ACBP=A9
 0001:0001643C 0000000E C=CODE     S=.text    G=(none)   M=cxGridFooterPopupMenuItems ACBP=A9
 0001:0001644C 0000000E C=CODE     S=.text    G=(none)   M=cxGridHeaderPopupMenuItems ACBP=A9
 0001:0001645C 0000000E C=CODE     S=.text    G=(none)   M=cxGridStdPopupMenu ACBP=A9
 0001:0001646C 0000000E C=CODE     S=.text    G=(none)   M=cxGridPopupMenu ACBP=A9
 0001:0001647C 0000000E C=CODE     S=.text    G=(none)   M=dxLayoutSelection ACBP=A9
 0001:0001648C 0000000E C=CODE     S=.text    G=(none)   M=dxLayoutStrs ACBP=A9
 0001:0001649C 0000000E C=CODE     S=.text    G=(none)   M=dxLayoutCommon ACBP=A9
 0001:000164AC 0000000E C=CODE     S=.text    G=(none)   M=dxLayoutControlAdapters ACBP=A9
 0001:000164BC 0000000E C=CODE     S=.text    G=(none)   M=dxLayoutcxEditAdapters ACBP=A9
 0001:000164CC 0000000E C=CODE     S=.text    G=(none)   M=dxLayoutEditForm ACBP=A9
 0001:000164DC 0000000E C=CODE     S=.text    G=(none)   M=dxLayoutCustomizeForm ACBP=A9
 0001:000164EC 0000000E C=CODE     S=.text    G=(none)   M=dxLayoutDragAndDrop ACBP=A9
 0001:000164FC 0000000E C=CODE     S=.text    G=(none)   M=dxLayoutPainters ACBP=A9
 0001:0001650C 0000000E C=CODE     S=.text    G=(none)   M=dxLayoutLookAndFeels ACBP=A9
 0001:0001651C 0000000E C=CODE     S=.text    G=(none)   M=dxLayoutContainer ACBP=A9
 0001:0001652C 0000000E C=CODE     S=.text    G=(none)   M=dxLayoutControl ACBP=A9
 0001:0001653C 0000000E C=CODE     S=.text    G=(none)   M=cxInplaceContainer ACBP=A9
 0001:0001654C 0000000E C=CODE     S=.text    G=(none)   M=cxPivotGridStrs ACBP=A9
 0001:0001655C 0000000E C=CODE     S=.text    G=(none)   M=cxPivotGridCustomization ACBP=A9
 0001:0001656C 0000000E C=CODE     S=.text    G=(none)   M=cxPivotGridAdvancedCustomization ACBP=A9
 0001:0001657C 0000000E C=CODE     S=.text    G=(none)   M=cxCustomPivotGrid ACBP=A9
 0001:0001658C 0000000E C=CODE     S=.text    G=(none)   M=cxDBPivotGrid ACBP=A9
 0001:0001659C 0000000E C=CODE     S=.text    G=(none)   M=cxPivotGrid ACBP=A9
 0001:000165AC 0000000E C=CODE     S=.text    G=(none)   M=dxmdaset ACBP=A9
 0001:000165BC 0000000E C=CODE     S=.text    G=(none)   M=cxPivotGridCustomDataSet ACBP=A9
 0001:000165CC 0000000E C=CODE     S=.text    G=(none)   M=cxPivotGridSummaryDataSet ACBP=A9
 0001:000165DC 0000000E C=CODE     S=.text    G=(none)   M=cxGridChartView ACBP=A9
 0001:000165EC 0000000E C=CODE     S=.text    G=(none)   M=cxPivotGridChartConnection ACBP=A9
 0001:000165FC 0000000E C=CODE     S=.text    G=(none)   M=cxPivotGridDrillDownDataSet ACBP=A9
 0001:0001660C 0000000E C=CODE     S=.text    G=(none)   M=cxADOMDInt ACBP=A9
 0001:0001661C 0000000E C=CODE     S=.text    G=(none)   M=cxPivotGridOLAPQueryBuilder ACBP=A9
 0001:0001662C 0000000E C=CODE     S=.text    G=(none)   M=cxPivotGridOLAPDataSource ACBP=A9
 0001:0001663C 0000000E C=CODE     S=.text    G=(none)   M=cxSchedulerStrs ACBP=A9
 0001:0001664C 0000000E C=CODE     S=.text    G=(none)   M=cxSchedulerUtils ACBP=A9
 0001:0001665C 0000000E C=CODE     S=.text    G=(none)   M=cxSchedulerHolidays ACBP=A9
 0001:0001666C 0000000E C=CODE     S=.text    G=(none)   M=cxSchedulerTaskDependencyEditor ACBP=A9
 0001:0001667C 0000000E C=CODE     S=.text    G=(none)   M=cxShellCommon ACBP=A9
 0001:0001668C 0000000E C=CODE     S=.text    G=(none)   M=cxShellDlgs ACBP=A9
 0001:0001669C 0000000E C=CODE     S=.text    G=(none)   M=cxShellControls ACBP=A9
 0001:000166AC 0000000E C=CODE     S=.text    G=(none)   M=cxShellListView ACBP=A9
 0001:000166BC 0000000E C=CODE     S=.text    G=(none)   M=cxShellTreeView ACBP=A9
 0001:000166CC 0000000E C=CODE     S=.text    G=(none)   M=cxShellBrowser ACBP=A9
 0001:000166DC 0000000E C=CODE     S=.text    G=(none)   M=cxShellBrowserDialog ACBP=A9
 0001:000166EC 0000000E C=CODE     S=.text    G=(none)   M=cxSchedulerDateNavigator ACBP=A9
 0001:000166FC 0000000E C=CODE     S=.text    G=(none)   M=cxSchedulerCustomResourceView ACBP=A9
 0001:0001670C 0000000E C=CODE     S=.text    G=(none)   M=cxSchedulerTimeGridView ACBP=A9
 0001:0001671C 0000000E C=CODE     S=.text    G=(none)   M=cxSchedulerGanttView ACBP=A9
 0001:0001672C 0000000E C=CODE     S=.text    G=(none)   M=cxSchedulerWeekView ACBP=A9
 0001:0001673C 0000000E C=CODE     S=.text    G=(none)   M=cxSchedulerDayView ACBP=A9
 0001:0001674C 0000000E C=CODE     S=.text    G=(none)   M=cxSchedulerGoToDateDialog ACBP=A9
 0001:0001675C 0000000E C=CODE     S=.text    G=(none)   M=cxSchedulerResourcesLayoutEditor ACBP=A9
 0001:0001676C 0000000E C=CODE     S=.text    G=(none)   M=cxSchedulerEventEditor ACBP=A9
 0001:0001677C 0000000E C=CODE     S=.text    G=(none)   M=cxSchedulerRecurrenceEditor ACBP=A9
 0001:0001678C 0000000E C=CODE     S=.text    G=(none)   M=cxSchedulerCustomControls ACBP=A9
 0001:0001679C 0000000E C=CODE     S=.text    G=(none)   M=cxSchedulerRecurrenceSelectionDialog ACBP=A9
 0001:000167AC 0000000E C=CODE     S=.text    G=(none)   M=cxSchedulerHolidaysEditor ACBP=A9
 0001:000167BC 0000000E C=CODE     S=.text    G=(none)   M=cxSchedulerHolidaysLocationHolidayEditor ACBP=A9
 0001:000167CC 0000000E C=CODE     S=.text    G=(none)   M=cxSchedulerHolidaysLocationEditor ACBP=A9
 0001:000167DC 0000000E C=CODE     S=.text    G=(none)   M=cxSchedulerDialogs ACBP=A9
 0001:000167EC 0000000E C=CODE     S=.text    G=(none)   M=cxSchedulerReminderWindow ACBP=A9
 0001:000167FC 0000000E C=CODE     S=.text    G=(none)   M=cxSchedulerStorage ACBP=A9
 0001:0001680C 0000000E C=CODE     S=.text    G=(none)   M=cxSchedulerYearView ACBP=A9
 0001:0001681C 0000000E C=CODE     S=.text    G=(none)   M=cxScheduler ACBP=A9
 0001:0001682C 0000000E C=CODE     S=.text    G=(none)   M=cxSchedulerDBStorage ACBP=A9
 0001:0001683C 0000000E C=CODE     S=.text    G=(none)   M=cxSchedulercxGridConnection ACBP=A9
 0001:0001684C 0000000E C=CODE     S=.text    G=(none)   M=cxSchedulerAggregateStorage ACBP=A9
 0001:0001685C 0000000E C=CODE     S=.text    G=(none)   M=cxDateNavigator ACBP=A9
 0001:0001686C 0000000E C=CODE     S=.text    G=(none)   M=cxTLStrs ACBP=A9
 0001:0001687C 0000000E C=CODE     S=.text    G=(none)   M=cxTL     ACBP=A9
 0001:0001688C 0000000E C=CODE     S=.text    G=(none)   M=cxTLData ACBP=A9
 0001:0001689C 0000000E C=CODE     S=.text    G=(none)   M=cxDBTL   ACBP=A9
 0001:000168AC 0000000E C=CODE     S=.text    G=(none)   M=cxVGridUtils ACBP=A9
 0001:000168BC 0000000E C=CODE     S=.text    G=(none)   M=cxVGridConsts ACBP=A9
 0001:000168CC 0000000E C=CODE     S=.text    G=(none)   M=cxVGridNewCategory ACBP=A9
 0001:000168DC 0000000E C=CODE     S=.text    G=(none)   M=cxVGridViewInfo ACBP=A9
 0001:000168EC 0000000E C=CODE     S=.text    G=(none)   M=cxVGrid  ACBP=A9
 0001:000168FC 0000000E C=CODE     S=.text    G=(none)   M=cxDBVGrid ACBP=A9
 0001:0001690C 0000000E C=CODE     S=.text    G=(none)   M=cxOICollectionEd ACBP=A9
 0001:0001691C 0000000E C=CODE     S=.text    G=(none)   M=cxOIPictureEd ACBP=A9
 0001:0001692C 0000000E C=CODE     S=.text    G=(none)   M=cxOIStringsEd ACBP=A9
 0001:0001693C 0000000E C=CODE     S=.text    G=(none)   M=MPlayer  ACBP=A9
 0001:0001694C 0000000E C=CODE     S=.text    G=(none)   M=cxOI     ACBP=A9
 0001:0001695C 0000000E C=CODE     S=.text    G=(none)   M=cxShellComboBox ACBP=A9
 0001:0001696C 0000000E C=CODE     S=.text    G=(none)   M=cxDBShellComboBox ACBP=A9
 0001:0001697C 0000000E C=CODE     S=.text    G=(none)   M=cxShellEditRepositoryItems ACBP=A9
 0001:0001698C 0000000E C=CODE     S=.text    G=(none)   M=dxorgchr ACBP=A9
 0001:0001699C 0000000E C=CODE     S=.text    G=(none)   M=dxdborgc ACBP=A9
 0001:000169AC 0000000E C=CODE     S=.text    G=(none)   M=dxorgchrstrs ACBP=A9
 0001:000169BC 0000000E C=CODE     S=.text    G=(none)   M=dxorgced ACBP=A9
 0001:000169CC 0000000E C=CODE     S=.text    G=(none)   M=SMINTF   ACBP=A9
 0001:000169DC 0000000E C=CODE     S=.text    G=(none)   M=BDE      ACBP=A9
 0001:000169EC 0000000E C=CODE     S=.text    G=(none)   M=bdeconst ACBP=A9
 0001:000169FC 0000000E C=CODE     S=.text    G=(none)   M=DBTables ACBP=A9
 0001:00016A0C 0000000E C=CODE     S=.text    G=(none)   M=cxGridLayoutViewCustomizationForm ACBP=A9
 0001:00016A1C 0000000E C=CODE     S=.text    G=(none)   M=cxGridLayoutView ACBP=A9
 0001:00016A2C 0000000E C=CODE     S=.text    G=(none)   M=DesignConst ACBP=A9
 0001:00016A3C 0000000E C=CODE     S=.text    G=(none)   M=VirtIntf ACBP=A9
 0001:00016A4C 0000000E C=CODE     S=.text    G=(none)   M=EditIntf ACBP=A9
 0001:00016A5C 0000000E C=CODE     S=.text    G=(none)   M=Events   ACBP=A9
 0001:00016A6C 0000000E C=CODE     S=.text    G=(none)   M=DesignMenus ACBP=A9
 0001:00016A7C 0000000E C=CODE     S=.text    G=(none)   M=DesignIntf ACBP=A9
 0001:00016A8C 0000000E C=CODE     S=.text    G=(none)   M=ToolsAPI ACBP=A9
 0001:00016A9C 0000000E C=CODE     S=.text    G=(none)   M=ToolUtils ACBP=A9
 0001:00016AAC 0000000E C=CODE     S=.text    G=(none)   M=LibConst ACBP=A9
 0001:00016ABC 0000000E C=CODE     S=.text    G=(none)   M=Update   ACBP=A9
 0001:00016ACC 0000000E C=CODE     S=.text    G=(none)   M=Proxies  ACBP=A9
 0001:00016ADC 0000000E C=CODE     S=.text    G=(none)   M=DesignEditors ACBP=A9
 0001:00016AEC 0000000E C=CODE     S=.text    G=(none)   M=Designer ACBP=A9
 0001:00016AFC 0000000E C=CODE     S=.text    G=(none)   M=AxCtrls  ACBP=A9
 0001:00016B0C 0000000E C=CODE     S=.text    G=(none)   M=IStreams ACBP=A9
 0001:00016B1C 0000000E C=CODE     S=.text    G=(none)   M=StFilSys ACBP=A9
 0001:00016B2C 0000000E C=CODE     S=.text    G=(none)   M=TopLevels ACBP=A9
 0001:00016B3C 0000000E C=CODE     S=.text    G=(none)   M=TreeIntf ACBP=A9
 0001:00016B4C 0000000E C=CODE     S=.text    G=(none)   M=ComponentDesigner ACBP=A9
 0001:00016B5C 0000000E C=CODE     S=.text    G=(none)   M=VCLEditors ACBP=A9
 0001:00016B6C 0000000E C=CODE     S=.text    G=(none)   M=DesignWindows ACBP=A9
 0001:00016B7C 0000000E C=CODE     S=.text    G=(none)   M=cxDesignWindows ACBP=A9
 0001:00016B8C 0000000E C=CODE     S=.text    G=(none)   M=dxCoreReg ACBP=A9
 0001:00016B9C 0000000E C=CODE     S=.text    G=(none)   M=cxImageListEditorView ACBP=A9
 0001:00016BAC 0000000E C=CODE     S=.text    G=(none)   M=cxImageListEditor ACBP=A9
 0001:00016BBC 0000000E C=CODE     S=.text    G=(none)   M=cxStyleSheetEditor ACBP=A9
 0001:00016BCC 0000000E C=CODE     S=.text    G=(none)   M=cxStyleSheetsLoad ACBP=A9
 0001:00016BDC 0000000E C=CODE     S=.text    G=(none)   M=cxStyleRepositoryEditor ACBP=A9
 0001:00016BEC 0000000E C=CODE     S=.text    G=(none)   M=LibHelp  ACBP=A9
 0001:00016BFC 0000000E C=CODE     S=.text    G=(none)   M=PicEdit  ACBP=A9
 0001:00016C0C 0000000E C=CODE     S=.text    G=(none)   M=cxPropertiesStore ACBP=A9
 0001:00016C1C 0000000E C=CODE     S=.text    G=(none)   M=cxPropertiesStoreEditor ACBP=A9
 0001:00016C2C 0000000E C=CODE     S=.text    G=(none)   M=GraphUtil ACBP=A9
 0001:00016C3C 0000000E C=CODE     S=.text    G=(none)   M=ActnColorMaps ACBP=A9
 0001:00016C4C 0000000E C=CODE     S=.text    G=(none)   M=ShadowWnd ACBP=A9
 0001:00016C5C 0000000E C=CODE     S=.text    G=(none)   M=ActnMenus ACBP=A9
 0001:00016C6C 0000000E C=CODE     S=.text    G=(none)   M=ActnMan  ACBP=A9
 0001:00016C7C 0000000E C=CODE     S=.text    G=(none)   M=ActnCtrls ACBP=A9
 0001:00016C8C 0000000E C=CODE     S=.text    G=(none)   M=XPActnCtrls ACBP=A9
 0001:00016C9C 0000000E C=CODE     S=.text    G=(none)   M=ActnPopup ACBP=A9
 0001:00016CAC 0000000E C=CODE     S=.text    G=(none)   M=ToolWnds ACBP=A9
 0001:00016CBC 0000000E C=CODE     S=.text    G=(none)   M=ColnEdit ACBP=A9
 0001:00016CCC 0000000E C=CODE     S=.text    G=(none)   M=cxComponentCollectionEditor ACBP=A9
 0001:00016CDC 0000000E C=CODE     S=.text    G=(none)   M=dxScreenTipRepositoryEditor ACBP=A9
 0001:00016CEC 0000000E C=CODE     S=.text    G=(none)   M=cxPropEditors ACBP=A9
 0001:00016CFC 0000000E C=CODE     S=.text    G=(none)   M=cxLibraryReg ACBP=A9
 0001:00016D0C 0000000E C=CODE     S=.text    G=(none)   M=cxGridViewLayoutEditor ACBP=A9
 0001:00016D1C 0000000E C=CODE     S=.text    G=(none)   M=cxViewEditor ACBP=A9
 0001:00016D2C 0000000E C=CODE     S=.text    G=(none)   M=cxGridEditor ACBP=A9
 0001:00016D3C 0000000E C=CODE     S=.text    G=(none)   M=cxGridDBTableView ACBP=A9
 0001:00016D4C 0000000E C=CODE     S=.text    G=(none)   M=cxGridStructureNavigator ACBP=A9
 0001:00016D5C 0000000E C=CODE     S=.text    G=(none)   M=cxCustomTableViewEditor ACBP=A9
 0001:00016D6C 0000000E C=CODE     S=.text    G=(none)   M=cxLayoutViewEditor ACBP=A9
 0001:00016D7C 0000000E C=CODE     S=.text    G=(none)   M=cxGridDBLayoutView ACBP=A9
 0001:00016D8C 0000000E C=CODE     S=.text    G=(none)   M=cxGridDBBandedTableView ACBP=A9
 0001:00016D9C 0000000E C=CODE     S=.text    G=(none)   M=cxGridDBCardView ACBP=A9
 0001:00016DAC 0000000E C=CODE     S=.text    G=(none)   M=cxGridDBChartView ACBP=A9
 0001:00016DBC 0000000E C=CODE     S=.text    G=(none)   M=cxPivotGridDesigner ACBP=A9
 0001:00016DCC 0000000E C=CODE     S=.text    G=(none)   M=cxPivotGridPredefinedStyles ACBP=A9
 0001:00016DDC 0000000E C=CODE     S=.text    G=(none)   M=cxPivotGridStyleSheetsPreview ACBP=A9
 0001:00016DEC 0000000E C=CODE     S=.text    G=(none)   M=cxExportStrs ACBP=A9
 0001:00016DFC 0000000E C=CODE     S=.text    G=(none)   M=cxExport ACBP=A9
 0001:00016E0C 0000000E C=CODE     S=.text    G=(none)   M=cxHtmlXmlTxtExport ACBP=A9
 0001:00016E1C 0000000E C=CODE     S=.text    G=(none)   M=cxXLSExport ACBP=A9
 0001:00016E2C 0000000E C=CODE     S=.text    G=(none)   M=cxExportPivotGridLink ACBP=A9
 0001:00016E3C 0000000E C=CODE     S=.text    G=(none)   M=cxSSRes  ACBP=A9
 0001:00016E4C 0000000E C=CODE     S=.text    G=(none)   M=cxSSTypes ACBP=A9
 0001:00016E5C 0000000E C=CODE     S=.text    G=(none)   M=cxExcelConst ACBP=A9
 0001:00016E6C 0000000E C=CODE     S=.text    G=(none)   M=cxSSUtils ACBP=A9
 0001:00016E7C 0000000E C=CODE     S=.text    G=(none)   M=cxSSIntf ACBP=A9
 0001:00016E8C 0000000E C=CODE     S=.text    G=(none)   M=cxSSPainterWrapper ACBP=A9
 0001:00016E9C 0000000E C=CODE     S=.text    G=(none)   M=cxExcelAccess ACBP=A9
 0001:00016EAC 0000000E C=CODE     S=.text    G=(none)   M=cxExcelFormulas ACBP=A9
 0001:00016EBC 0000000E C=CODE     S=.text    G=(none)   M=cxSSEditors ACBP=A9
 0001:00016ECC 0000000E C=CODE     S=.text    G=(none)   M=cxSSColorBox ACBP=A9
 0001:00016EDC 0000000E C=CODE     S=.text    G=(none)   M=cxSSCtrls ACBP=A9
 0001:00016EEC 0000000E C=CODE     S=.text    G=(none)   M=cxSSDesigner ACBP=A9
 0001:00016EFC 0000000E C=CODE     S=.text    G=(none)   M=cxSSPainters ACBP=A9
 0001:00016F0C 0000000E C=CODE     S=.text    G=(none)   M=cxSSFormulas ACBP=A9
 0001:00016F1C 0000000E C=CODE     S=.text    G=(none)   M=cxSSViewInfo ACBP=A9
 0001:00016F2C 0000000E C=CODE     S=.text    G=(none)   M=cxSSHeaders ACBP=A9
 0001:00016F3C 0000000E C=CODE     S=.text    G=(none)   M=cxSSStyles ACBP=A9
 0001:00016F4C 0000000E C=CODE     S=.text    G=(none)   M=cxSSData ACBP=A9
 0001:00016F5C 0000000E C=CODE     S=.text    G=(none)   M=cxSSHistory ACBP=A9
 0001:00016F6C 0000000E C=CODE     S=.text    G=(none)   M=cxSSheet ACBP=A9
 0001:00016F7C 0000000E C=CODE     S=.text    G=(none)   M=cxTLPredefinedStyles ACBP=A9
 0001:00016F8C 0000000E C=CODE     S=.text    G=(none)   M=cxTLStyleSheetPreview ACBP=A9
 0001:00016F9C 0000000E C=CODE     S=.text    G=(none)   M=dxtree   ACBP=A9
 0001:00016FAC 0000000E C=CODE     S=.text    G=(none)   M=dxlocate ACBP=A9
 0001:00016FBC 0000000E C=CODE     S=.text    G=(none)   M=dxdbtree ACBP=A9
 0001:00016FCC 0000000E C=CODE     S=.text    G=(none)   M=dxDockConsts ACBP=A9
 0001:00016FDC 0000000E C=CODE     S=.text    G=(none)   M=dxDockPanel ACBP=A9
 0001:00016FEC 0000000E C=CODE     S=.text    G=(none)   M=dxDockZones ACBP=A9
 0001:00016FFC 0000000E C=CODE     S=.text    G=(none)   M=dxDockStyleVS2005 ACBP=A9
 0001:0001700C 0000000E C=CODE     S=.text    G=(none)   M=dxDockControlNETView ACBP=A9
 0001:0001701C 0000000E C=CODE     S=.text    G=(none)   M=dxDockControlOfficeView ACBP=A9
 0001:0001702C 0000000E C=CODE     S=.text    G=(none)   M=dxDockControlXPView ACBP=A9
 0001:0001703C 0000000E C=CODE     S=.text    G=(none)   M=dxDockControl ACBP=A9
 0001:0001704C 0000000E C=CODE     S=.text    G=(none)   M=dxdbtrel ACBP=A9
 0001:0001705C 0000000E C=CODE     S=.text    G=(none)   M=dxLines  ACBP=A9
 0001:0001706C 0000000E C=CODE     S=.text    G=(none)   M=dxflchrt ACBP=A9
 0001:0001707C 0000000E C=CODE     S=.text    G=(none)   M=dxLayoutLookAndFeelListDesignForm ACBP=A9
 0001:0001708C 0000000E C=CODE     S=.text    G=(none)   M=dxLayoutImport ACBP=A9
 0001:0001709C 0000000E C=CODE     S=.text    G=(none)   M=dxNavBarConsts ACBP=A9
 0001:000170AC 0000000E C=CODE     S=.text    G=(none)   M=dxNavBarGraphics ACBP=A9
 0001:000170BC 0000000E C=CODE     S=.text    G=(none)   M=dxNavBarCustomPainters ACBP=A9
 0001:000170CC 0000000E C=CODE     S=.text    G=(none)   M=dxNavBarViewsFact ACBP=A9
 0001:000170DC 0000000E C=CODE     S=.text    G=(none)   M=dxNavBarExplorerViews ACBP=A9
 0001:000170EC 0000000E C=CODE     S=.text    G=(none)   M=dxNavBarBaseViews ACBP=A9
 0001:000170FC 0000000E C=CODE     S=.text    G=(none)   M=dxNavBarOfficeViews ACBP=A9
 0001:0001710C 0000000E C=CODE     S=.text    G=(none)   M=dxNavBarAccessibility ACBP=A9
 0001:0001711C 0000000E C=CODE     S=.text    G=(none)   M=dxNavBarOffice11Views ACBP=A9
 0001:0001712C 0000000E C=CODE     S=.text    G=(none)   M=dxNavBarXPViews ACBP=A9
 0001:0001713C 0000000E C=CODE     S=.text    G=(none)   M=dxNavBarSkinBasedViews ACBP=A9
 0001:0001714C 0000000E C=CODE     S=.text    G=(none)   M=dxNavBarVistaViews ACBP=A9
 0001:0001715C 0000000E C=CODE     S=.text    G=(none)   M=dxNavBarVSToolBoxViews ACBP=A9
 0001:0001716C 0000000E C=CODE     S=.text    G=(none)   M=dxNavBarOffice12Views ACBP=A9
 0001:0001717C 0000000E C=CODE     S=.text    G=(none)   M=dxNavBarCustomization ACBP=A9
 0001:0001718C 0000000E C=CODE     S=.text    G=(none)   M=dxNavBarCollns ACBP=A9
 0001:0001719C 0000000E C=CODE     S=.text    G=(none)   M=dxNavBarBase ACBP=A9
 0001:000171AC 0000000E C=CODE     S=.text    G=(none)   M=dxNavBarStyles ACBP=A9
 0001:000171BC 0000000E C=CODE     S=.text    G=(none)   M=dxNavBar ACBP=A9
 0001:000171CC 0000000E C=CODE     S=.text    G=(none)   M=dxNavBarGroupItems ACBP=A9
 0001:000171DC 0000000E C=CODE     S=.text    G=(none)   M=dxNavBarDsgnConsts ACBP=A9
 0001:000171EC 0000000E C=CODE     S=.text    G=(none)   M=dxNavBarDsgnUtils ACBP=A9
 0001:000171FC 0000000E C=CODE     S=.text    G=(none)   M=dxfmNavBarDsgnEditor ACBP=A9
 0001:0001720C 0000000E C=CODE     S=.text    G=(none)   M=dxsbar   ACBP=A9
 0001:0001721C 0000000E C=CODE     S=.text    G=(none)   M=untEasyClientDataSet ACBP=A9
 0001:0001722C 0000000E C=CODE     S=.text    G=(none)   M=untEasyShape ACBP=A9
 0001:0001723C 0000000E C=CODE     S=.text    G=(none)   M=cxEasyFile ACBP=A9
 0001:0001724C 0000000E C=CODE     S=.text    G=(none)   M=cxEasyBlobFileEdit ACBP=A9
 0001:0001725C 00001D64 C=CODE     S=.text    G=(none)   M=untEasyStdCmpsReg ACBP=A9
 0001:00018FC0 00000398 C=CODE     S=.text    G=(none)   M=untEasyLockApp ACBP=A9
 0001:00019358 00000674 C=CODE     S=.text    G=(none)   M=untEasyPlateChangePS ACBP=A9
 0001:000199CC 00000B1C C=CODE     S=.text    G=(none)   M=untEasySelectCMD ACBP=A9
 0001:0001A4E8 0000000E C=CODE     S=.text    G=(none)   M=ap_Types ACBP=A9
 0001:0001A4F8 0000000E C=CODE     S=.text    G=(none)   M=ap_System ACBP=A9
 0001:0001A508 0000000E C=CODE     S=.text    G=(none)   M=ap_Classes ACBP=A9
 0001:0001A518 0000464A C=CODE     S=.text    G=(none)   M=ap_DBClient ACBP=A9
 0001:0001EB64 00000864 C=CODE     S=.text    G=(none)   M=untEasyInitCommonScript ACBP=A9
 0001:0001F3C8 00000016 C=CODE     S=.text    G=(none)   M=untEasyIODFM ACBP=A9
 0001:0001F3E0 00000DCC C=CODE     S=.text    G=(none)   M=untEasyRefreshFormCache ACBP=A9
 0001:000201AC 00009040 C=CODE     S=.text    G=(none)   M=untEasyPlateClient ACBP=A9
 0001:000291EC 00000038 C=CODE     S=.text    G=(none)   M=untEasyPlateClientUtil ACBP=A9
 0001:00029224 0000000E C=CODE     S=.text    G=(none)   M=MidasSpeedFix ACBP=A9
 0001:00029234 00001865 C=CODE     S=.text    G=(none)   M=EasyPlateClient ACBP=A9
 0002:00000000 0000001C C=DATA     S=.data    G=DGROUP   M=SysInit  ACBP=A9
 0002:0000001C 0000008F C=DATA     S=.data    G=DGROUP   M=FastcodeCPUID ACBP=A9
 0002:000000AC 00000028 C=DATA     S=.data    G=DGROUP   M=FastcodeAnsiStringReplaceUnit ACBP=A9
 0002:000000D4 00000028 C=DATA     S=.data    G=DGROUP   M=FastcodePosUnit ACBP=A9
 0002:000000FC 00000028 C=DATA     S=.data    G=DGROUP   M=FastcodePosExUnit ACBP=A9
 0002:00000124 00000140 C=DATA     S=.data    G=DGROUP   M=FastcodeLowerCaseUnit ACBP=A9
 0002:00000264 00000088 C=DATA     S=.data    G=DGROUP   M=FastcodeUpperCaseUnit ACBP=A9
 0002:000002EC 00000028 C=DATA     S=.data    G=DGROUP   M=FastcodeCompareStrUnit ACBP=A9
 0002:00000314 00000028 C=DATA     S=.data    G=DGROUP   M=FastcodeCompareMemUnit ACBP=A9
 0002:0000033C 00000028 C=DATA     S=.data    G=DGROUP   M=FastcodeCompareTextUnit ACBP=A9
 0002:00000364 00000028 C=DATA     S=.data    G=DGROUP   M=FastcodeStrCompUnit ACBP=A9
 0002:0000038C 00000028 C=DATA     S=.data    G=DGROUP   M=FastcodeStrCopyUnit ACBP=A9
 0002:000003B4 00000128 C=DATA     S=.data    G=DGROUP   M=FastcodeStrICompUnit ACBP=A9
 0002:000004DC 00000028 C=DATA     S=.data    G=DGROUP   M=FastCodeStrLenUnit ACBP=A9
 0002:00000504 00000028 C=DATA     S=.data    G=DGROUP   M=FastcodeFillCharUnit ACBP=A9
 0002:0000052C 00000028 C=DATA     S=.data    G=DGROUP   M=FastcodeStrToInt32Unit ACBP=A9
 0002:00000554 00000038 C=DATA     S=.data    G=DGROUP   M=Fastcode ACBP=A9
 0002:0000058C 00000008 C=DATA     S=.data    G=DGROUP   M=cxBarEditItem ACBP=A9
 0002:00000594 00000008 C=DATA     S=.data    G=DGROUP   M=dxSkinBlue ACBP=A9
 0002:0000059C 00000008 C=DATA     S=.data    G=DGROUP   M=dxSkinCaramel ACBP=A9
 0002:000005A4 00000008 C=DATA     S=.data    G=DGROUP   M=untEasyPlateClient ACBP=A9
 0002:00001000 00000010 C=BSS      S=.bss     G=DGROUP   M=SysInit  ACBP=A9
 0002:00001010 00000020 C=BSS      S=.bss     G=DGROUP   M=FastcodeCPUID ACBP=A9
 0002:00001030 00000004 C=BSS      S=.bss     G=DGROUP   M=Windows  ACBP=A9
 0002:00001034 00000004 C=BSS      S=.bss     G=DGROUP   M=FastcodePatch ACBP=A9
 0002:00001038 00000108 C=BSS      S=.bss     G=DGROUP   M=AnsiStringReplaceJOHIA32Unit12 ACBP=A9
 0002:00001140 00000008 C=BSS      S=.bss     G=DGROUP   M=AnsiStringReplaceJOHPASUnit12 ACBP=A9
 0002:00001148 00000004 C=BSS      S=.bss     G=DGROUP   M=FastcodeAnsiStringReplaceUnit ACBP=A9
 0002:0000114C 00000004 C=BSS      S=.bss     G=DGROUP   M=FastcodePosUnit ACBP=A9
 0002:00001150 00000004 C=BSS      S=.bss     G=DGROUP   M=FastcodePosExUnit ACBP=A9
 0002:00001154 00000004 C=BSS      S=.bss     G=DGROUP   M=FastcodeLowerCaseUnit ACBP=A9
 0002:00001158 00000008 C=BSS      S=.bss     G=DGROUP   M=FastcodeUpperCaseUnit ACBP=A9
 0002:00001160 00000004 C=BSS      S=.bss     G=DGROUP   M=FastcodeCompareStrUnit ACBP=A9
 0002:00001164 00000004 C=BSS      S=.bss     G=DGROUP   M=FastcodeCompareMemUnit ACBP=A9
 0002:00001168 00000004 C=BSS      S=.bss     G=DGROUP   M=FastcodeCompareTextUnit ACBP=A9
 0002:0000116C 00000004 C=BSS      S=.bss     G=DGROUP   M=FastcodeStrCompUnit ACBP=A9
 0002:00001170 00000004 C=BSS      S=.bss     G=DGROUP   M=FastcodeStrCopyUnit ACBP=A9
 0002:00001174 00000004 C=BSS      S=.bss     G=DGROUP   M=FastcodeStrICompUnit ACBP=A9
 0002:00001178 00000004 C=BSS      S=.bss     G=DGROUP   M=FastCodeStrLenUnit ACBP=A9
 0002:0000117C 00000004 C=BSS      S=.bss     G=DGROUP   M=FastcodeFillCharUnit ACBP=A9
 0002:00001180 00000004 C=BSS      S=.bss     G=DGROUP   M=FastcodeStrToInt32Unit ACBP=A9
 0002:00001184 00000004 C=BSS      S=.bss     G=DGROUP   M=Fastcode ACBP=A9
 0002:00001188 00000004 C=BSS      S=.bss     G=DGROUP   M=Messages ACBP=A9
 0002:0000118C 00000004 C=BSS      S=.bss     G=DGROUP   M=CommCtrl ACBP=A9
 0002:00001190 00000004 C=BSS      S=.bss     G=DGROUP   M=Imm      ACBP=A9
 0002:00001194 00000004 C=BSS      S=.bss     G=DGROUP   M=UrlMon   ACBP=A9
 0002:00001198 00000004 C=BSS      S=.bss     G=DGROUP   M=WinInet  ACBP=A9
 0002:0000119C 00000004 C=BSS      S=.bss     G=DGROUP   M=RegStr   ACBP=A9
 0002:000011A0 00000004 C=BSS      S=.bss     G=DGROUP   M=ShellAPI ACBP=A9
 0002:000011A4 00000004 C=BSS      S=.bss     G=DGROUP   M=ShlObj   ACBP=A9
 0002:000011A8 00000004 C=BSS      S=.bss     G=DGROUP   M=WinSpool ACBP=A9
 0002:000011AC 00000004 C=BSS      S=.bss     G=DGROUP   M=CommDlg  ACBP=A9
 0002:000011B0 00000004 C=BSS      S=.bss     G=DGROUP   M=Dlgs     ACBP=A9
 0002:000011B4 00000004 C=BSS      S=.bss     G=DGROUP   M=RichEdit ACBP=A9
 0002:000011B8 00000070 C=BSS      S=.bss     G=DGROUP   M=VCLFixPack ACBP=A9
 0002:00001228 00000004 C=BSS      S=.bss     G=DGROUP   M=OleDlg   ACBP=A9
 0002:0000122C 00000004 C=BSS      S=.bss     G=DGROUP   M=WinSock  ACBP=A9
 0002:00001230 00000004 C=BSS      S=.bss     G=DGROUP   M=TlHelp32 ACBP=A9
 0002:00001234 00000004 C=BSS      S=.bss     G=DGROUP   M=MMSystem ACBP=A9
 0002:00001238 00000004 C=BSS      S=.bss     G=DGROUP   M=cxBarEditItemValueEditor ACBP=A9
 0002:0000123C 00000018 C=BSS      S=.bss     G=DGROUP   M=cxBarEditItem ACBP=A9
 0002:00001254 00000004 C=BSS      S=.bss     G=DGROUP   M=dxSkinBlue ACBP=A9
 0002:00001258 00000004 C=BSS      S=.bss     G=DGROUP   M=dxSkinCaramel ACBP=A9
 0002:0000125C 00000008 C=BSS      S=.bss     G=DGROUP   M=cxPCdxBarPopupMenu ACBP=A9
 0002:00001264 00000004 C=BSS      S=.bss     G=DGROUP   M=dxTabbedMDIStrs ACBP=A9
 0002:00001268 00000008 C=BSS      S=.bss     G=DGROUP   M=dxTabbedMDI ACBP=A9
 0002:00001270 00000008 C=BSS      S=.bss     G=DGROUP   M=untEasyLoginMain ACBP=A9
 0002:00001278 00000008 C=BSS      S=.bss     G=DGROUP   M=untEasyPlateLoading ACBP=A9
 0002:00001280 00000004 C=BSS      S=.bss     G=DGROUP   M=untEasyStdCmpsReg ACBP=A9
 0002:00001284 00000008 C=BSS      S=.bss     G=DGROUP   M=untEasyLockApp ACBP=A9
 0002:0000128C 00000008 C=BSS      S=.bss     G=DGROUP   M=untEasyPlateChangePS ACBP=A9
 0002:00001294 00000008 C=BSS      S=.bss     G=DGROUP   M=untEasySelectCMD ACBP=A9
 0002:0000129C 00000004 C=BSS      S=.bss     G=DGROUP   M=ap_DBClient ACBP=A9
 0002:000012A0 00000004 C=BSS      S=.bss     G=DGROUP   M=untEasyInitCommonScript ACBP=A9
 0002:000012A4 00000008 C=BSS      S=.bss     G=DGROUP   M=untEasyRefreshFormCache ACBP=A9
 0002:000012AC 0000001C C=BSS      S=.bss     G=DGROUP   M=untEasyPlateClient ACBP=A9
 0002:000012C8 00000004 C=BSS      S=.bss     G=DGROUP   M=untEasyPlateClientUtil ACBP=A9


  Address         Publics by Name

 0002:00001238       .1
 0002:000011B0       .1
 0002:000011AC       .1
 0002:00001140       .1
 0002:000011B4       .1
 0002:000011B8       .1
 0002:00001164       .1
 0002:000011A4       .1
 0002:000011A0       .1
 0002:0000119C       .1
 0002:00001198       .1
 0002:00001154       .1
 0002:00001230       .1
 0002:0000122C       .1
 0002:00001038       .1
 0002:00001228       .1
 0002:00001168       .1
 0002:00001034       .1
 0002:00001280       .1
 0002:0000116C       .1
 0002:0000114C       .1
 0002:0000102C       .1
 0002:00001170       .1
 0002:00001158       .1
 0002:00001174       .1
 0002:00001008       .1
 0002:00001178       .1
 0002:00001148       .1
 0002:00001160       .1
 0002:0000117C       .1
 0002:00001180       .1
 0002:000012C8       .1
 0002:00001184       .1
 0002:00001188       .1
 0002:0000118C       .1
 0002:00001264       .1
 0002:00001150       .1
 0002:00001190       .1
 0002:00001194       .1
 0002:000012B0       .2
 0002:000012A8       .2
 0002:000012A0       .2
 0002:0000125C       .2
 0002:00001258       .2
 0002:00001298       .2
 0002:00001254       .2
 0002:00001290       .2
 0002:00001288       .2
 0002:0000127C       .2
 0002:00001274       .2
 0002:00001030       .3
 0002:000011A8       .3
 0002:0000123C       .5
 0002:00001268       .6
 0002:0000129C       .6
 0002:00001234       .7
 0001:000002C8       @GetTls
 0001:00000314       @InitExe
 0002:000012C4       AInitCommonScript
 0001:00005D14       AlignWork
 0001:00000270       AllocTlsBuffer
 0001:00001240       AnsiPosExIC
 0001:000016B8       AnsiStringReplaceJOHIA32Unit12
 0001:00001704       AnsiStringReplaceJOHPASUnit12
 0001:0000171C       AnsiStringReplaceStub
 0002:0000103C       AnsiUpcase
 0002:0000120C       AppCancelHintHook
 0001:00006F0C       Application_CancelHint
 0002:00001260       APreviousMenuClass
 0001:0001EB4C       ap_DBClient
 0002:0000014C       AsciiLowerCase
 0002:0000058C       AShowParams
 0001:0000D6E4       AssignEditEvents
 0002:000012B4       ATmpCds
 0002:000002D4       B05
 0002:000002BC       B05
 0002:0000028C       B05
 0002:000002AC       B20
 0002:000002E4       B20
 0002:0000025C       B20
 0002:000002CC       B20
 0002:0000024C       B25
 0002:0000029C       B65
 0002:000002C4       B65
 0002:00000254       B65
 0002:000002DC       B65
 0002:000011C8       BackupAlignControl
 0002:000011EC       BackupDefaultHandler
 0002:000011D8       BackupSetBounds
 0002:000011D0       BackupWMSize
 0001:00000D90       BeginPaint
 0001:000067B4       CalcFreeInstBlockItems
 0001:00000D98       CallWindowProc
 0001:0000DC04       CanHotTrack
 0001:00000DA0       CharUpperBuffA
 0001:00014068       CheckMaximized
 0001:00020E6C       ChineseUpperMoney
 0001:00006754       CleanupInstFreeList
 0001:0000A214       ClearPublishedEvents
 0001:00000CE0       CloseHandle
 0001:00000DA8       CloseWindow
 0001:00000D70       CombineRgn
 0001:00004B9C       CommCtrl
 0001:00004E34       CommDlg
 0001:00002A04       CompareMemStub
 0001:00002744       CompareMem_DKC_SSE2_1
 0001:000027F4       CompareMem_DKC_SSE2_6
 0001:00002644       CompareMem_DKC_SSE3_2
 0001:000028CC       CompareMem_JOH_IA32_1
 0001:00002930       CompareMem_PLR_IA32_1
 0001:00002998       CompareMem_PLR_IA32_2
 0001:00002604       CompareStrStub
 0001:00002554       CompareStr_PLR_IA32_12
 0001:000024B4       CompareStr_PLR_IA32_14
 0001:000023E8       CompareStr_PLR_IA32_16
 0001:00002450       CompareStr_PLR_IA32_17
 0001:00002CEC       CompareTextStub
 0001:00002AF8       CompareText_JOH_IA32_5
 0001:00002A44       CompareText_JOH_IA32_6
 0001:00002BB0       CompareText_Sha_IA32_3
 0002:00001010       CPU
 0001:0000A550       CreateButton
 0001:0000B96C       CreateDefaultRepositoryItem
 0001:0000A2F8       CreateEdit
 0001:00015CAC       CreatePG
 0001:00015D3C       CreatePG_Plug
 0001:00015DDC       CreatePG_Plug_File
 0001:00000D78       CreateRectRgnIndirect
 0001:0000A5A8       CreateSubControls
 0001:00006A08       CustomFormFocusControl
 0002:00001204       CustomFormFocusControlHook
 0001:0000F420       cxBarEditItem
 0001:0000A9B8       cxBarEditItemValueEditor
 0001:000106B8       cxPCdxBarPopupMenu
 0001:00005C98       DebugLog
 0001:00011968       Default
 0001:00013DA4       Default
 0001:000121B8       Default
 0001:0000B984       DefaultRepositoryItem
 0001:00000DB0       DefWindowProc
 0001:00004E6C       Dlgs
 0001:00011AA0       DoChildActivate
 0001:00013FD4       DoClientSubclass
 0001:000123BC       DoDestroyWnd
 0001:00011B38       DoDestroyWnd
 0001:00012410       DoFocusChanged
 0001:00012370       DoKeyDown
 0001:00012398       DoMDIChildCreate
 0001:00011B8C       DoNCActivate
 0001:000121E8       DoNCCalcSize
 0001:00011A04       DoNCCalcSize
 0001:00012258       DoNCPaint
 0001:000122E0       DoPaint
 0001:00011C1C       DoSetIcon
 0001:00013DC0       DoSetText
 0001:00011BFC       DoSetText
 0001:00011BAC       DoShowWindow
 0001:000117E0       DoSubclass
 0001:00011F9C       DoSubclass
 0001:000141E8       DoUnSubclass
 0001:00011814       DoUnSubclass
 0001:00012114       DoUnsubclass
 0001:00011984       DoWindowPosMessage
 0001:0000FAB0       dxSkinBlue
 0001:00010140       dxSkinCaramel
 0001:000143D8       dxTabbedMDI
 0001:000110E4       dxTabbedMDICBTHook
 0002:0000126C       dxTabbedMDIManagers
 0001:00010768       dxTabbedMDIStrs
 0001:0002AA54       EasyPlateClient
 0001:0001725C       EasyRegisterAllClasses
 0001:000180EC       EasyUnRegisterAllClasses
 0001:0000B99C       EditList
 0001:0000B9C4       EditorParentForm
 0001:00000DB8       EndPaint
 0001:0000C748       Equals
 0001:0000BA30       FakeWinControl
 0001:00003FC4       Fastcode
 0001:00000EF4       FastcodeAddressPatch
 0002:00000554       FastcodeAnsiStringReplace
 0002:000000BC       FastcodeAnsiStringReplaceAMD64
 0002:000000C0       FastcodeAnsiStringReplaceAMD64_SSE3
 0002:000000C4       FastcodeAnsiStringReplaceIA32
 0002:000000C8       FastcodeAnsiStringReplaceMMX
 0002:000000B0       FastcodeAnsiStringReplaceP4N
 0002:000000AC       FastcodeAnsiStringReplaceP4R
 0002:000000B8       FastcodeAnsiStringReplacePMD
 0002:000000B4       FastcodeAnsiStringReplacePMY
 0002:000000CC       FastcodeAnsiStringReplaceSSE
 0002:000000D0       FastcodeAnsiStringReplaceSSE2
 0001:00001754       FastcodeAnsiStringReplaceUnit
 0002:00000558       FastcodeCompareMem
 0002:00000324       FastcodeCompareMemAMD64
 0002:00000328       FastcodeCompareMemAMD64_SSE3
 0002:0000032C       FastcodeCompareMemIA32
 0002:00000330       FastcodeCompareMemMMX
 0002:00000318       FastcodeCompareMemP4N
 0002:00000314       FastcodeCompareMemP4R
 0002:00000320       FastcodeCompareMemPMD
 0002:0000031C       FastcodeCompareMemPMY
 0002:00000334       FastcodeCompareMemSSE
 0002:00000338       FastcodeCompareMemSSE2
 0001:00002A3C       FastcodeCompareMemUnit
 0002:0000055C       FastcodeCompareStr
 0002:000002FC       FastcodeCompareStrAMD64
 0002:00000300       FastcodeCompareStrAMD64_SSE3
 0002:00000304       FastcodeCompareStrIA32
 0002:00000308       FastcodeCompareStrMMX
 0002:000002F0       FastcodeCompareStrP4N
 0002:000002EC       FastcodeCompareStrP4R
 0002:000002F8       FastcodeCompareStrPMD
 0002:000002F4       FastcodeCompareStrPMY
 0002:0000030C       FastcodeCompareStrSSE
 0002:00000310       FastcodeCompareStrSSE2
 0001:0000263C       FastcodeCompareStrUnit
 0002:00000560       FastcodeCompareText
 0002:0000034C       FastcodeCompareTextAMD64
 0002:00000350       FastcodeCompareTextAMD64_SSE3
 0002:00000354       FastcodeCompareTextIA32
 0002:00000358       FastcodeCompareTextMMX
 0002:00000340       FastcodeCompareTextP4N
 0002:0000033C       FastcodeCompareTextP4R
 0002:00000348       FastcodeCompareTextPMD
 0002:00000344       FastcodeCompareTextPMY
 0002:0000035C       FastcodeCompareTextSSE
 0002:00000360       FastcodeCompareTextSSE2
 0001:00002D24       FastcodeCompareTextUnit
 0001:00000CB0       FastcodeCPUID
 0002:00000564       FastcodeFillChar
 0002:00000514       FastcodeFillCharAMD64
 0002:00000518       FastcodeFillCharAMD64_SSE3
 0002:0000051C       FastcodeFillCharIA32
 0002:00000520       FastcodeFillCharMMX
 0002:00000508       FastcodeFillCharP4N
 0002:00000504       FastcodeFillCharP4R
 0002:00000510       FastcodeFillCharPMD
 0002:0000050C       FastcodeFillCharPMY
 0002:00000524       FastcodeFillCharSSE
 0002:00000528       FastcodeFillCharSSE2
 0001:00003C58       FastcodeFillCharUnit
 0001:00000ED4       FastcodeGetAddress
 0002:00000568       FastcodeLowerCase
 0002:00000134       FastcodeLowerCaseAMD64
 0002:00000138       FastcodeLowerCaseAMD64_SSE3
 0002:0000013C       FastcodeLowerCaseIA32
 0002:00000140       FastcodeLowerCaseMMX
 0002:00000128       FastcodeLowerCaseP4N
 0002:00000124       FastcodeLowerCaseP4R
 0002:00000130       FastcodeLowerCasePMD
 0002:0000012C       FastcodeLowerCasePMY
 0002:00000144       FastcodeLowerCaseSSE
 0002:00000148       FastcodeLowerCaseSSE2
 0001:00001E80       FastcodeLowerCaseUnit
 0001:00000F7C       FastcodePatch
 0002:0000056C       FastcodePos
 0002:000000E4       FastcodePosAMD64
 0002:000000E8       FastcodePosAMD64_SSE3
 0002:00000570       FastcodePosEx
 0002:0000010C       FastcodePosExAMD64
 0002:00000110       FastcodePosExAMD64_SSE3
 0002:00000114       FastcodePosExIA32
 0002:00000118       FastcodePosExMMX
 0002:00000100       FastcodePosExP4N
 0002:000000FC       FastcodePosExP4R
 0002:00000108       FastcodePosExPMD
 0002:00000104       FastcodePosExPMY
 0002:0000011C       FastcodePosExSSE
 0002:00000120       FastcodePosExSSE2
 0001:00001D18       FastcodePosExUnit
 0002:000000EC       FastcodePosIA32
 0002:000000F0       FastcodePosMMX
 0002:000000D8       FastcodePosP4N
[...]
   639 0001:00021E41   642 0001:00021E4D   643 0001:00021E57   644 0001:00021E5C
   645 0001:00021E6A   648 0001:00021E86   649 0001:00021E9E   652 0001:00021EAA
   655 0001:00021EF2   656 0001:00021F0A   659 0001:00021F16   660 0001:00021F34
   661 0001:00021F72   664 0001:00021FAC   665 0001:00021FBB   666 0001:00021FC7
   668 0001:00021FD9   669 0001:00021FFC   671 0001:00022005   674 0001:00022009
   675 0001:00022021   677 0001:0002202D   685 0001:00022081   686 0001:00022099
   688 0001:000220A5   689 0001:000220C8   690 0001:00022101   692 0001:00022112
   693 0001:0002211A   696 0001:00022145   698 0001:00022147   699 0001:0002217A
   702 0001:00022213   705 0001:000223D0   706 0001:000223EA   707 0001:000223FC
   710 0001:00022407   711 0001:0002241F   714 0001:00022430   716 0001:00022439
   717 0001:00022440   721 0001:00022452   724 0001:00022466   725 0001:00022472
   726 0001:0002247E   727 0001:0002248A   728 0001:00022496   729 0001:000224A2
   730 0001:000224AE   734 0001:000224BA   735 0001:000224CC   737 0001:000224DA
   739 0001:000224DF   740 0001:000224E9   742 0001:000224FF   744 0001:00022512
   745 0001:00022523   746 0001:00022534   747 0001:00022560   748 0001:00022562
   750 0001:000225B1   756 0001:0002268C   757 0001:000226AA   759 0001:000226B8
   761 0001:000226C6   763 0001:000226FD   765 0001:00022725   766 0001:0002275B
   767 0001:0002276A   768 0001:00022779   769 0001:00022787   770 0001:00022798
   773 0001:000227DA   774 0001:000227E2   779 0001:000227F2   781 0001:00022800
   783 0001:0002280E   784 0001:00022818   786 0001:00022822   788 0001:0002282C
   789 0001:00022836   790 0001:00022840   792 0001:0002284A   794 0001:00022858
   796 0001:00022862   798 0001:00022892   803 0001:000228F4   804 0001:000228F8
   805 0001:00022906   806 0001:00022922   807 0001:00022934   808 0001:00022941
   810 0001:00022959   812 0001:00022970   815 0001:00022974   816 0001:00022991
   819 0001:000229A8   821 0001:000229B0   824 0001:000229B8   826 0001:000229C0
   828 0001:000229DA   830 0001:000229F1   832 0001:000229F9   834 0001:00022A01
   836 0001:00022A09   838 0001:00022A11   840 0001:00022A19   841 0001:00022A21
   843 0001:00022A38   846 0001:00022A4B   847 0001:00022A5A   848 0001:00022A6B
   849 0001:00022A7F   850 0001:00022A87   853 0001:00022A8F   854 0001:00022AC6
   856 0001:00022AD8   857 0001:00022AE6   859 0001:00022B03   862 0001:00022B08
   864 0001:00022B10   866 0001:00022B18   868 0001:00022B20   870 0001:00022B2D
   871 0001:00022B3B   874 0001:00022B40   875 0001:00022B42   876 0001:00022B72
   882 0001:00022B98   883 0001:00022BB0   885 0001:00022BBD   887 0001:00022BCA
   888 0001:00022BE1   889 0001:00022BF5   890 0001:00022C06   891 0001:00022C13
   893 0001:00022C30   896 0001:00022C3E   897 0001:00022C7D   899 0001:00022C7F
   900 0001:00022C93   904 0001:00022C9F   906 0001:00022CA1   907 0001:00022CB8
   908 0001:00022CE3   911 0001:00022CFC   913 0001:00022D2A   915 0001:00022D3B
   917 0001:00022D47   919 0001:00022D4F   920 0001:00022D91   926 0001:00022DA2
   928 0001:00022DB3   929 0001:00022DBA   931 0001:00022DD2   934 0001:00022DE0
   935 0001:00022DE7   937 0001:00022DFF   940 0001:00022E4A   952 0001:00022EE4
   955 0001:00022F07   956 0001:00022F2F   957 0001:00022F3E   958 0001:00022F4C
   959 0001:00022F57   961 0001:00022F67   962 0001:00022F7B   963 0001:00022F85
   965 0001:00022FA1   966 0001:00022FA5   969 0001:00022FBC   970 0001:00022FF0
   971 0001:00023023   973 0001:00023038   974 0001:00023058   976 0001:000230D9
   973 0001:000230DA   977 0001:000230E1   978 0001:000230EC   979 0001:00023116
   980 0001:0002313A   982 0001:0002317B   983 0001:00023181   986 0001:000231D7
   963 0001:000231DA   990 0001:000231E8   992 0001:00023225   994 0001:00023248
  1002 0001:000232A7  1003 0001:000232AE  1005 0001:000232C7  1006 0001:000232D6
  1008 0001:000232FE  1011 0001:00023324  1013 0001:0002335F  1018 0001:000233D6
  1019 0001:000233DE  1023 0001:000233EE  1024 0001:0002342B  1032 0001:00023568
  1034 0001:0002358A  1035 0001:0002359A  1037 0001:000235B4  1039 0001:000235D7
  1040 0001:000235E2  1042 0001:000235F8  1043 0001:00023610  1045 0001:00023629
  1047 0001:00023633  1040 0001:0002363E  1051 0001:00023641  1052 0001:0002364C
  1054 0001:00023666  1056 0001:0002367E  1059 0001:0002368E  1061 0001:000236D9
  1063 0001:000236EB  1052 0001:000236F6  1066 0001:000236FD  1067 0001:00023712
  1068 0001:0002371F  1070 0001:0002373A  1073 0001:0002374B  1075 0001:00023761
  1076 0001:00023789  1077 0001:00023794  1079 0001:0002379F  1082 0001:000237B7
  1068 0001:000237BA  1084 0001:000237C1  1086 0001:000237D2  1088 0001:000237DA
  1089 0001:000237E8  1090 0001:000237F4  1093 0001:00023800  1094 0001:0002384B
  1098 0001:00023894  1100 0001:0002389D  1102 0001:000238A8  1104 0001:000238C0
  1106 0001:000238CE  1109 0001:000238E4  1116 0001:00023900  1119 0001:0002390F
  1121 0001:0002391D  1123 0001:00023929  1125 0001:0002393C  1126 0001:0002395D
  1127 0001:00023968  1130 0001:00023973  1131 0001:00023979  1134 0001:0002398E
  1117 0001:0002398F  1136 0001:00023992  1141 0001:000239B0  1143 0001:000239CA
  1145 0001:000239DD  1147 0001:000239F5  1148 0001:00023A0E  1150 0001:00023A20
  1152 0001:00023A3D  1153 0001:00023A4D  1154 0001:00023A6A  1159 0001:00023A7C
  1160 0001:00023AB3  1164 0001:00023AD5  1170 0001:00023B4C  1171 0001:00023B78
  1173 0001:00023B7C  1175 0001:00023B8B  1177 0001:00023BA7  1180 0001:00023BD7
  1181 0001:00023BE7  1182 0001:00023BEB  1184 0001:00023BED  1175 0001:00023BEE
  1187 0001:00023BF3  1189 0001:00023C04  1191 0001:00023C28  1192 0001:00023C36
  1193 0001:00023C47  1194 0001:00023C4B  1196 0001:00023C4D  1187 0001:00023C4E
  1198 0001:00023C7E  1201 0001:00023C88  1203 0001:00023C8E  1204 0001:00023C9D
  1205 0001:00023CAF  1208 0001:00023CB4  1210 0001:00023CBA  1211 0001:00023CC9
  1212 0001:00023CDB  1215 0001:00023CE0  1217 0001:00023CE3  1218 0001:00023CEE
  1221 0001:00023CF0  1223 0001:00023CF3  1224 0001:00023CFE  1227 0001:00023D00
  1229 0001:00023D03  1230 0001:00023D08  1233 0001:00023D0C  1235 0001:00023D12
  1236 0001:00023D23  1237 0001:00023D42  1240 0001:00023D68  1242 0001:00023D6B
  1243 0001:00023D70  1246 0001:00023D74  1248 0001:00023D7A  1249 0001:00023D81
  1250 0001:00023D88  1255 0001:00023D8C  1256 0001:00023DAE  1257 0001:00023DC2
  1256 0001:00023DE7  1258 0001:00023E07  1265 0001:00023E10  1266 0001:00023E34
  1267 0001:00023E5E  1269 0001:00023E6E  1270 0001:00023E9B  1271 0001:00023EAA
  1272 0001:00023EB8  1273 0001:00023EC3  1274 0001:00023ED3  1275 0001:00023EE3
  1276 0001:00023EF1  1277 0001:00023F09  1278 0001:00023F4B  1279 0001:00023F4D
  1282 0001:00023F7C  1285 0001:00023FBB  1290 0001:00024014  1291 0001:0002402E
  1292 0001:0002404D  1293 0001:00024068  1294 0001:00024077  1295 0001:00024085
  1297 0001:000240AA  1299 0001:000240C1  1301 0001:000240F3  1304 0001:00024114
  1306 0001:00024117  1307 0001:0002411C  1310 0001:00024120  1312 0001:00024123
  1313 0001:00024128  1322 0001:0002412C  1323 0001:0002415F  1324 0001:0002416C
  1325 0001:00024179  1326 0001:00024197  1328 0001:000241A7  1329 0001:000241CA
  1331 0001:000241D6  1332 0001:000241E5  1333 0001:000241F3  1334 0001:000241FE
  1335 0001:0002420E  1337 0001:0002422B  1340 0001:0002423B  1342 0001:0002424B
  1343 0001:00024262  1344 0001:0002426F  1345 0001:00024278  1346 0001:00024290
  1347 0001:00024299  1348 0001:000242A7  1349 0001:000242B3  1350 0001:000242F0
  1355 0001:00024360  1356 0001:00024386  1357 0001:00024395  1358 0001:000243A3
  1359 0001:000243BE  1360 0001:000243CD  1362 0001:000243D8  1363 0001:000243E7
  1364 0001:00024405  1366 0001:00024430  1368 0001:0002446A  1373 0001:000244AC
  1374 0001:000244E5  1375 0001:000244F4  1376 0001:00024502  1377 0001:0002451D
  1378 0001:00024538  1380 0001:00024563  1382 0001:000245A2  1385 0001:000245E0
  1386 0001:000245F8  1388 0001:00024617  1389 0001:0002463F  1391 0001:0002467E
  1396 0001:00024698  1398 0001:000246BB  1399 0001:000246D7  1401 0001:000246E9
  1403 0001:00024701  1406 0001:00024796  1401 0001:00024797  1408 0001:000247A0
  1410 0001:000247EB  1411 0001:00024852  1414 0001:00024870  1416 0001:0002488A
  1417 0001:000248AC  1418 0001:000248E5  1423 0001:00024944  1424 0001:0002496E
  1426 0001:0002497C  1428 0001:00024989  1429 0001:00024995  1430 0001:000249BD
  1431 0001:000249C9  1432 0001:000249DB  1431 0001:00024A2C  1434 0001:00024A51
  1437 0001:00024A9C  1439 0001:00024AA2  1440 0001:00024AB9  1441 0001:00024ADB
  1447 0001:00024B04  1449 0001:00024B0C  1450 0001:00024B26  1451 0001:00024B32
  1452 0001:00024B3E  1453 0001:00024B51  1454 0001:00024B56  1456 0001:00024B7B
  1457 0001:00024B9B  1458 0001:00024BBD  1459 0001:00024BDF  1466 0001:00024C1C
  1468 0001:00024C24  1469 0001:00024C30  1470 0001:00024C3B  1471 0001:00024C4C
  1472 0001:00024C50  1474 0001:00024C54  1476 0001:00024C56  1477 0001:00024C5A
  1479 0001:00024C7C  1480 0001:00024C9F  1481 0001:00024CAF  1482 0001:00024CD1
  1490 0001:00024D04  1491 0001:00024D2D  1494 0001:00024D62  1497 0001:00024DB1
  1500 0001:00024E00  1503 0001:00024E4F  1506 0001:00024E9E  1509 0001:00024EED
  1511 0001:00024F14  1513 0001:00024F3B  1515 0001:00024F62  1518 0001:00024F6F
  1520 0001:00024FAA  1522 0001:00024FE5  1528 0001:00025022  1529 0001:00025030
  1526 0001:0002503D  1531 0001:00025049  1533 0001:00025057  1534 0001:0002507C
  1535 0001:0002508F  1537 0001:000250A4  1538 0001:000250C9  1539 0001:000250DC
  1541 0001:000250F4  1542 0001:00025119  1543 0001:0002512C  1545 0001:00025144
  1546 0001:00025169  1547 0001:0002517C  1549 0001:00025194  1550 0001:000251B9
  1551 0001:000251CC  1553 0001:000251E4  1555 0001:000251F1  1557 0001:0002521A
  1560 0001:0002521C  1561 0001:0002524F  1564 0001:00025383  1567 0001:000255A0
  1569 0001:000255A6  1570 0001:000255BD  1571 0001:000255DF  1574 0001:00025604
  1576 0001:0002560A  1577 0001:00025621  1578 0001:00025643  1581 0001:00025668
  1583 0001:0002566E  1584 0001:00025686  1585 0001:0002569E  1591 0001:000256A4
  1593 0001:000256C5  1594 0001:000256EB  1595 0001:000256FE  1597 0001:00025704
  1598 0001:00025713  1599 0001:00025721  1600 0001:00025732  1601 0001:00025743
  1603 0001:0002575A  1606 0001:000257A4  1609 0001:000257B8  1611 0001:000257BB
  1612 0001:000257D7  1613 0001:000257E6  1614 0001:000257F2  1617 0001:000257F4
  1619 0001:000257FA  1620 0001:00025821  1623 0001:0002583C  1625 0001:00025842
  1626 0001:00025869  1629 0001:00025884  1631 0001:0002589A  1632 0001:000258EE
  1637 0001:0002591C  1638 0001:00025942  1639 0001:00025944  1641 0001:00025968
  1642 0001:0002597F  1649 0001:000259E1  1650 0001:00025A21  1653 0001:00025A87
  1646 0001:00025A88  1657 0001:00025AC5  1658 0001:00025B2E  1663 0001:00025B74
  1664 0001:00025B94  1665 0001:00025BC0  1680 0001:00025C32  1700 0001:00025CB3
  1703 0001:00025CD4  1706 0001:00025CE6  1707 0001:00025D26  1709 0001:00025D3D
  1710 0001:00025D7D  1711 0001:00025E64  1714 0001:000262C0  1716 0001:000262C3
  1717 0001:000262DF  1718 0001:000262EE  1719 0001:000262FA  1726 0001:000262FC
  1727 0001:0002632A  1728 0001:0002632C  1729 0001:00026330  1730 0001:0002633F
  1731 0001:0002634D  1737 0001:0002639F  1738 0001:000263B0  1740 0001:000263E9
  1741 0001:00026408  1742 0001:00026419  1744 0001:00026452  1745 0001:00026471
  1748 0001:000264D5  1751 0001:00026511  1753 0001:0002654E  1754 0001:00026583
  1755 0001:000265B5  1757 0001:000265E0  1759 0001:00026601  1761 0001:00026614
  1762 0001:00026637  1763 0001:00026657  1759 0001:00026658  1765 0001:0002665D
  1766 0001:00026661  1768 0001:00026666  1734 0001:00026667  1772 0001:000266B8
  1774 0001:00026735  1778 0001:000267E8  1780 0001:000267EB  1781 0001:000267F1
  1782 0001:000267F6  1785 0001:000267FC  1787 0001:00026819  1789 0001:0002682A
  1790 0001:00026841  1791 0001:00026858  1792 0001:0002686A  1794 0001:000268AF
  1795 0001:000268BD  1798 0001:000268CB  1799 0001:00026927  1801 0001:00026929
  1802 0001:0002693D  1806 0001:0002695B  1807 0001:00026968  1811 0001:0002697D
  1812 0001:00026994  1813 0001:000269C2  1816 0001:000269DC  1818 0001:000269F4
  1820 0001:00026A00  1822 0001:00026A20  1823 0001:00026A2C  1826 0001:00026A2E
  1828 0001:00026A3E  1830 0001:00026A45  1831 0001:00026A57  1833 0001:00026A8B
  1836 0001:00026AA8  1838 0001:00026AC0  1841 0001:00026B35  1844 0001:00026B70
  1846 0001:00026B77  1848 0001:00026B80  1849 0001:00026B99  1851 0001:00026BB2
  1854 0001:00026BE8  1856 0001:00026BEF  1857 0001:00026C13  1858 0001:00026C2A
  1859 0001:00026C33  1860 0001:00026C57  1861 0001:00026C60  1862 0001:00026C84
  1863 0001:00026CA8  1865 0001:00026CB1  1866 0001:00026CD5  1867 0001:00026CDE
  1868 0001:00026D02  1870 0001:00026D0B  1871 0001:00026D2E  1873 0001:00026D51
  1874 0001:00026D75  1875 0001:00026D89  1878 0001:00026E78  1880 0001:00026E7E
  1881 0001:00026E85  1882 0001:00026E99  1885 0001:00026E9C  1887 0001:00026EC3
  1889 0001:00026ED0  1890 0001:00026EF2  1891 0001:00026F14  1892 0001:00026F36
  1893 0001:00026F58  1894 0001:00026F7A  1895 0001:00026F9C  1896 0001:00026FBE
  1897 0001:00026FE0  1898 0001:00027002  1899 0001:00027024  1900 0001:00027046
  1901 0001:00027068  1902 0001:0002708A  1903 0001:000270CE  1906 0001:00027280
  1907 0001:0002729D  1908 0001:000272B5  1909 0001:000272E7  1915 0001:000272EC
  1916 0001:00027315  1918 0001:0002733E  1920 0001:0002734B  1921 0001:00027357
  1922 0001:0002737F  1924 0001:0002738B  1927 0001:000273A3  1928 0001:000273BB
  1930 0001:000273C0  1932 0001:000273D8  1933 0001:000273E6  1935 0001:00027413
  1937 0001:00027425  1941 0001:00027454  1943 0001:00027470  1944 0001:00027489
  1946 0001:00027499  1948 0001:0002749B  1935 0001:0002749C  1949 0001:000274C1
  1954 0001:00027570  1955 0001:0002758A  1956 0001:00027599  1957 0001:000275A7
  1959 0001:000275C6  1960 0001:000275E4  1963 0001:00027608  1965 0001:0002763A
  1970 0001:00027660  1971 0001:0002767C  1972 0001:00027689  1974 0001:000276B2
  1976 0001:000276BF  1977 0001:000276CB  1978 0001:000276F3  1980 0001:000276FF
  1982 0001:00027717  1983 0001:00027725  1985 0001:00027752  1987 0001:0002777E
  1994 0001:000277E4  1995 0001:00027817  1996 0001:00027830  1998 0001:0002785A
  1999 0001:00027869  2000 0001:00027878  2001 0001:00027887  2002 0001:00027895
  2003 0001:000278A0  2005 0001:000278B0  2006 0001:000278BC  2008 0001:000278C7
  2011 0001:000278EB  2012 0001:000278F3  2013 0001:000278FB  2016 0001:00027935
  2023 0001:00027968  2024 0001:0002798E  2027 0001:000279AC  2029 0001:000279B9
  2030 0001:000279C5  2031 0001:00027A19  2033 0001:00027A25  2035 0001:00027A41
  2036 0001:00027A81  2037 0001:00027A8F  2038 0001:00027AA6  2039 0001:00027ABD
  2041 0001:00027AD1  2044 0001:00027B23  2046 0001:00027B6F  2051 0001:00027BCA
  2054 0001:00027BDA  2024 0001:00027BDD  2055 0001:00027C15  2060 0001:00027CC8
  2061 0001:00027CE4  2062 0001:00027CF3  2063 0001:00027D01  2064 0001:00027D26
  2066 0001:00027D3D  2068 0001:00027D6A  2071 0001:00027D90  2072 0001:00027D93
  2073 0001:00027D98  2081 0001:00027D9C  2082 0001:00027DC9  2083 0001:00027DDA
  2084 0001:00027DE9  2085 0001:00027DF8  2086 0001:00027E06  2087 0001:00027E14
  2088 0001:00027E1F  2089 0001:00027E2F  2091 0001:00027E3A  2092 0001:00027E48
  2093 0001:00027E50  2094 0001:00027E5B  2095 0001:00027E66  2096 0001:00027E6C
  2097 0001:00027E78  2098 0001:00027E8C  2100 0001:00027EA0  2101 0001:00027EB2
  2102 0001:00027ED5  2104 0001:00027ED7  2105 0001:00027EF4  2106 0001:00027EFC
  2110 0001:00027F1A  2111 0001:00027F22  2113 0001:00027F54  2118 0001:00027F84
  2119 0001:00027F8C  2121 0001:00027F98  2122 0001:00027FAA  2121 0001:00027FBB
  2125 0001:00027FC0  2127 0001:00027FD6  2129 0001:00027FED  2130 0001:00028006
  2132 0001:00028019  2125 0001:0002801A  2134 0001:0002801D  2140 0001:00028024
  2141 0001:00028046  2143 0001:0002806A  2144 0001:000280A4  2145 0001:000280B2
  2147 0001:000280BE  2148 0001:000280C8  2151 0001:000280D9  2152 0001:000280E6
  2155 0001:000280EF  2156 0001:000280FD  2158 0001:0002811C  2159 0001:00028139
  2162 0001:0002814A  2163 0001:00028157  2165 0001:00028180  2170 0001:000281EC
  2171 0001:00028204  2172 0001:0002820E  2173 0001:0002822E  2175 0001:0002823A
  2176 0001:0002824B  2178 0001:0002825F  2179 0001:00028273  2181 0001:000282A0
  2186 0001:000282E0  2188 0001:00028300  2187 0001:0002831A  2189 0001:00028331
  2191 0001:0002833E  2192 0001:0002834A  2193 0001:00028375  2195 0001:00028381
  2198 0001:000283A4  2199 0001:000283C4  2204 0001:0002841E  2208 0001:00028476
  2209 0001:00028488  2195 0001:00028489  2210 0001:000284B2  2213 0001:00028514
  2215 0001:00028527  2216 0001:0002854C  2223 0001:00028550  2224 0001:0002857E
  2226 0001:000285C7  2227 0001:000285D5  2228 0001:000285EC  2229 0001:00028603
  2231 0001:00028617  2233 0001:00028633  2236 0001:00028671  2237 0001:0002868A
  2238 0001:0002869E  2240 0001:000286E5  2242 0001:000286E7  2231 0001:000286E8
  2245 0001:000286FC  2247 0001:00028736  2250 0001:000287AC  2252 0001:000287C2
  2253 0001:000287FA  2259 0001:0002881C  2260 0001:00028837  2261 0001:00028845
  2263 0001:00028864  2264 0001:00028881  2267 0001:00028892  2268 0001:0002889F
  2270 0001:000288A6  2271 0001:000288B9  2273 0001:000288C5  2274 0001:000288D6
  2275 0001:000288E8  2276 0001:000288F9  2278 0001:0002892F  2285 0001:0002898C
  2286 0001:000289B7  2287 0001:000289CD  2288 0001:000289DA  2289 0001:000289E7
  2290 0001:000289ED  2291 0001:00028A22  2296 0001:00028A2C  2298 0001:00028A54
  2297 0001:00028A6A  2299 0001:00028A7F  2301 0001:00028A8C  2302 0001:00028A98
  2303 0001:00028AD8  2305 0001:00028AE4  2308 0001:00028B07  2309 0001:00028B27
  2314 0001:00028B7E  2318 0001:00028BD3  2319 0001:00028BE5  2305 0001:00028BE6
  2320 0001:00028C0F  2327 0001:00028C70  2328 0001:00028C9B  2329 0001:00028CB1
  2330 0001:00028CBE  2331 0001:00028CCB  2332 0001:00028CD4  2333 0001:00028CDA
  2334 0001:00028CE7  2335 0001:00028D1C  2338 0001:00028D24  2339 0001:00028D42
  2340 0001:00028D62  2341 0001:00028DA6  2344 0001:00028DB0  2346 0001:00028DB3
  2347 0001:00028DBD  2351 0001:00028DE0  2354 0001:00028DE3  2355 0001:00028DED
  2360 0001:00028E20  2361 0001:00028E3D  2363 0001:00028E4C  2365 0001:00028E62
  2366 0001:00028E83  2367 0001:00028EA8  2363 0001:00028EA9  2370 0001:00028ED0
  2373 0001:00028ED8  2376 0001:00028EDB  2377 0001:00028EE0  2380 0001:00028EE4
  2381 0001:00028EEA  2382 0001:00028EF1  2383 0001:00028EF8  2384 0001:00028F12
  2387 0001:00028F18  2388 0001:00028F1B  2390 0001:00028F25  2393 0001:00028F39
  2396 0001:00028FB4  2397 0001:00028FCF  2398 0001:00028FF1  2399 0001:00029021
  2400 0001:00029076  2404 0001:000290D4  2405 0001:000290F9  2406 0001:0002911F
  2407 0001:0002917C  2409 0001:000291E4  2409 0001:000291EB

Line numbers for untEasyPlateClientUtil(untEasyPlateClientUtil.pas) segment .text

    14 0001:0002921C    14 0001:00029223

Line numbers for EasyPlateClient(E:\MyProject\EasyPlate\V2.0\src\Client\EasyPlateClient.dpr) segment .text

    41 0001:0002AA54    42 0001:0002AA64    43 0001:0002AA70    44 0001:0002AA88
    45 0001:0002AA94

Bound resource files

D:\Program Files\DevExpress VCL\ExpressSkins Library\Sources\dxSkinBlue.res
D:\Program Files\DevExpress VCL\ExpressSkins Library\Sources\dxSkinCaramel.res
untEasyLoginMain.dfm
untEasyPlateLoading.dfm
untEasyLockApp.dfm
untEasyPlateChangePS.dfm
untEasySelectCMD.dfm
untEasyRefreshFormCache.dfm
untEasyPlateClient.dfm
EasyPlateClient.res
EasyPlateClient.drf


Program entry point at 0001:0002AA54
