
 Start         Length     Name                   Class
 0001:00000000 0002AD54H .text                   CODE
 0002:00000000 00000848H .data                   DATA
 0002:00000848 000002D9H .bss                    BSS


Detailed map of segments

 0001:00000000 0000024E C=CODE     S=.text    G=(none)   M=System   ACBP=A9
 0001:00000250 00000140 C=CODE     S=.text    G=(none)   M=SysInit  ACBP=A9
 0001:00000390 00000938 C=CODE     S=.text    G=(none)   M=FastcodeCPUID ACBP=A9
 0001:00000CC8 00000016 C=CODE     S=.text    G=(none)   M=Types    ACBP=A9
 0001:00000CE0 000001FC C=CODE     S=.text    G=(none)   M=Windows  ACBP=A9
 0001:00000EDC 000000B0 C=CODE     S=.text    G=(none)   M=FastcodePatch ACBP=A9
 0001:00000F8C 0000000E C=CODE     S=.text    G=(none)   M=SysConst ACBP=A9
 0001:00000F9C 00000136 C=CODE     S=.text    G=(none)   M=SysUtils ACBP=A9
 0001:000010D4 00000016 C=CODE     S=.text    G=(none)   M=StrUtils ACBP=A9
 0001:000010EC 000005EE C=CODE     S=.text    G=(none)   M=AnsiStringReplaceJOHIA32Unit12 ACBP=A9
 0001:000016DC 00000045 C=CODE     S=.text    G=(none)   M=AnsiStringReplaceJOHPASUnit12 ACBP=A9
 0001:00001724 00000040 C=CODE     S=.text    G=(none)   M=FastcodeAnsiStringReplaceUnit ACBP=A9
 0001:00001764 00000324 C=CODE     S=.text    G=(none)   M=FastcodePosUnit ACBP=A9
 0001:00001A88 000002A0 C=CODE     S=.text    G=(none)   M=FastcodePosExUnit ACBP=A9
 0001:00001D28 00000168 C=CODE     S=.text    G=(none)   M=FastcodeLowerCaseUnit ACBP=A9
 0001:00001E90 0000055E C=CODE     S=.text    G=(none)   M=FastcodeUpperCaseUnit ACBP=A9
 0001:000023F0 0000025C C=CODE     S=.text    G=(none)   M=FastcodeCompareStrUnit ACBP=A9
 0001:0000264C 00000400 C=CODE     S=.text    G=(none)   M=FastcodeCompareMemUnit ACBP=A9
 0001:00002A4C 000002E8 C=CODE     S=.text    G=(none)   M=FastcodeCompareTextUnit ACBP=A9
 0001:00002D34 0000014C C=CODE     S=.text    G=(none)   M=FastcodeStrCompUnit ACBP=A9
 0001:00002E80 0000044C C=CODE     S=.text    G=(none)   M=FastcodeStrCopyUnit ACBP=A9
 0001:000032CC 0000006C C=CODE     S=.text    G=(none)   M=FastcodeStrICompUnit ACBP=A9
 0001:00003338 00000144 C=CODE     S=.text    G=(none)   M=FastCodeStrLenUnit ACBP=A9
 0001:0000347C 000007EC C=CODE     S=.text    G=(none)   M=FastcodeFillCharUnit ACBP=A9
 0001:00003C68 00000334 C=CODE     S=.text    G=(none)   M=FastcodeStrToInt32Unit ACBP=A9
 0001:00003F9C 00000875 C=CODE     S=.text    G=(none)   M=Fastcode ACBP=A9
 0001:00004814 00000038 C=CODE     S=.text    G=(none)   M=Messages ACBP=A9
 0001:0000484C 0000000E C=CODE     S=.text    G=(none)   M=ActiveX  ACBP=A9
 0001:0000485C 0000000E C=CODE     S=.text    G=(none)   M=VarUtils ACBP=A9
 0001:0000486C 000000B6 C=CODE     S=.text    G=(none)   M=Variants ACBP=A9
 0001:00004924 0000000E C=CODE     S=.text    G=(none)   M=RTLConsts ACBP=A9
 0001:00004934 00000026 C=CODE     S=.text    G=(none)   M=TypInfo  ACBP=A9
 0001:0000495C 000001CE C=CODE     S=.text    G=(none)   M=Classes  ACBP=A9
 0001:00004B2C 0000001E C=CODE     S=.text    G=(none)   M=Math     ACBP=A9
 0001:00004B4C 00000026 C=CODE     S=.text    G=(none)   M=Contnrs  ACBP=A9
 0001:00004B74 00000038 C=CODE     S=.text    G=(none)   M=CommCtrl ACBP=A9
 0001:00004BAC 0000000E C=CODE     S=.text    G=(none)   M=Consts   ACBP=A9
 0001:00004BBC 00000056 C=CODE     S=.text    G=(none)   M=Graphics ACBP=A9
 0001:00004C14 0000000E C=CODE     S=.text    G=(none)   M=HelpIntfs ACBP=A9
 0001:00004C24 0000000E C=CODE     S=.text    G=(none)   M=MultiMon ACBP=A9
 0001:00004C34 00000038 C=CODE     S=.text    G=(none)   M=Imm      ACBP=A9
 0001:00004C6C 0000000E C=CODE     S=.text    G=(none)   M=SyncObjs ACBP=A9
 0001:00004C7C 0000000E C=CODE     S=.text    G=(none)   M=UxTheme  ACBP=A9
 0001:00004C8C 00000038 C=CODE     S=.text    G=(none)   M=UrlMon   ACBP=A9
 0001:00004CC4 00000040 C=CODE     S=.text    G=(none)   M=WinInet  ACBP=A9
 0001:00004D04 00000038 C=CODE     S=.text    G=(none)   M=RegStr   ACBP=A9
 0001:00004D3C 00000040 C=CODE     S=.text    G=(none)   M=ShellAPI ACBP=A9
 0001:00004D7C 00000038 C=CODE     S=.text    G=(none)   M=ShlObj   ACBP=A9
 0001:00004DB4 0000000E C=CODE     S=.text    G=(none)   M=WinHelpViewer ACBP=A9
 0001:00004DC4 00000038 C=CODE     S=.text    G=(none)   M=WinSpool ACBP=A9
 0001:00004DFC 0000000E C=CODE     S=.text    G=(none)   M=Printers ACBP=A9
 0001:00004E0C 00000038 C=CODE     S=.text    G=(none)   M=CommDlg  ACBP=A9
 0001:00004E44 00000038 C=CODE     S=.text    G=(none)   M=Dlgs     ACBP=A9
 0001:00004E7C 00000016 C=CODE     S=.text    G=(none)   M=Dialogs  ACBP=A9
 0001:00004E94 0000000E C=CODE     S=.text    G=(none)   M=Clipbrd  ACBP=A9
 0001:00004EA4 0000000E C=CODE     S=.text    G=(none)   M=StdActns ACBP=A9
 0001:00004EB4 0000000E C=CODE     S=.text    G=(none)   M=FlatSB   ACBP=A9
 0001:00004EC4 00000016 C=CODE     S=.text    G=(none)   M=StdCtrls ACBP=A9
 0001:00004EDC 0000001E C=CODE     S=.text    G=(none)   M=ExtCtrls ACBP=A9
 0001:00004EFC 0000000E C=CODE     S=.text    G=(none)   M=ToolWin  ACBP=A9
 0001:00004F0C 00000038 C=CODE     S=.text    G=(none)   M=RichEdit ACBP=A9
 0001:00004F44 00000016 C=CODE     S=.text    G=(none)   M=IniFiles ACBP=A9
 0001:00004F5C 0000000E C=CODE     S=.text    G=(none)   M=Registry ACBP=A9
 0001:00004F6C 0000000E C=CODE     S=.text    G=(none)   M=Buttons  ACBP=A9
 0001:00004F7C 0000000E C=CODE     S=.text    G=(none)   M=ExtDlgs  ACBP=A9
 0001:00004F8C 0000000E C=CODE     S=.text    G=(none)   M=Mapi     ACBP=A9
 0001:00004F9C 0000000E C=CODE     S=.text    G=(none)   M=ExtActns ACBP=A9
 0001:00004FAC 0000000E C=CODE     S=.text    G=(none)   M=ComStrs  ACBP=A9
 0001:00004FBC 0000000E C=CODE     S=.text    G=(none)   M=ListActns ACBP=A9
 0001:00004FCC 00000076 C=CODE     S=.text    G=(none)   M=ComCtrls ACBP=A9
 0001:00005044 0000002E C=CODE     S=.text    G=(none)   M=Themes   ACBP=A9
 0001:00005074 0000000E C=CODE     S=.text    G=(none)   M=Menus    ACBP=A9
 0001:00005084 0000028E C=CODE     S=.text    G=(none)   M=Controls ACBP=A9
 0001:00005314 00000246 C=CODE     S=.text    G=(none)   M=Forms    ACBP=A9
 0001:0000555C 00000016 C=CODE     S=.text    G=(none)   M=ImgList  ACBP=A9
 0001:00005574 0000001E C=CODE     S=.text    G=(none)   M=ActnList ACBP=A9
 0001:00005594 0000000E C=CODE     S=.text    G=(none)   M=DBConsts ACBP=A9
 0001:000055A4 0000000E C=CODE     S=.text    G=(none)   M=FMTBcd   ACBP=A9
 0001:000055B4 0000001E C=CODE     S=.text    G=(none)   M=DateUtils ACBP=A9
 0001:000055D4 0000000E C=CODE     S=.text    G=(none)   M=SqlTimSt ACBP=A9
 0001:000055E4 0000000E C=CODE     S=.text    G=(none)   M=MaskUtils ACBP=A9
 0001:000055F4 0000000E C=CODE     S=.text    G=(none)   M=ComConst ACBP=A9
 0001:00005604 0000000E C=CODE     S=.text    G=(none)   M=ComObj   ACBP=A9
 0001:00005614 00000086 C=CODE     S=.text    G=(none)   M=DB       ACBP=A9
 0001:0000569C 0000000E C=CODE     S=.text    G=(none)   M=Midas    ACBP=A9
 0001:000056AC 0000000E C=CODE     S=.text    G=(none)   M=DBCommon ACBP=A9
 0001:000056BC 0000000E C=CODE     S=.text    G=(none)   M=MidConst ACBP=A9
 0001:000056CC 0000000E C=CODE     S=.text    G=(none)   M=DSIntf   ACBP=A9
 0001:000056DC 0000000E C=CODE     S=.text    G=(none)   M=DataBkr  ACBP=A9
 0001:000056EC 0000000E C=CODE     S=.text    G=(none)   M=Provider ACBP=A9
 0001:000056FC 00000276 C=CODE     S=.text    G=(none)   M=DBClient ACBP=A9
 0001:00005974 0000000E C=CODE     S=.text    G=(none)   M=DBGrids  ACBP=A9
 0001:00005984 0000000E C=CODE     S=.text    G=(none)   M=Mask     ACBP=A9
 0001:00005994 0000000E C=CODE     S=.text    G=(none)   M=VDBConsts ACBP=A9
 0001:000059A4 0000000E C=CODE     S=.text    G=(none)   M=DBPWDlg  ACBP=A9
 0001:000059B4 0000000E C=CODE     S=.text    G=(none)   M=DBLogDlg ACBP=A9
 0001:000059C4 0000000E C=CODE     S=.text    G=(none)   M=DBCtrls  ACBP=A9
 0001:000059D4 0000000E C=CODE     S=.text    G=(none)   M=Grids    ACBP=A9
 0001:000059E4 00001996 C=CODE     S=.text    G=(none)   M=VCLFixPack ACBP=A9
 0001:0000737C 00000046 C=CODE     S=.text    G=(none)   M=untEasyPlateBaseForm ACBP=A9
 0001:000073C4 0000000E C=CODE     S=.text    G=(none)   M=atParser ACBP=A9
 0001:000073D4 0000000E C=CODE     S=.text    G=(none)   M=uCallDLL ACBP=A9
 0001:000073E4 0000000E C=CODE     S=.text    G=(none)   M=DispatchLib ACBP=A9
 0001:000073F4 0000000E C=CODE     S=.text    G=(none)   M=uSystemLibrary ACBP=A9
 0001:00007404 000000EE C=CODE     S=.text    G=(none)   M=atScript ACBP=A9
 0001:000074F4 0000000E C=CODE     S=.text    G=(none)   M=atBasic  ACBP=A9
 0001:00007504 0000000E C=CODE     S=.text    G=(none)   M=atPascal ACBP=A9
 0001:00007514 0000000E C=CODE     S=.text    G=(none)   M=atScripter ACBP=A9
 0001:00007524 00000046 C=CODE     S=.text    G=(none)   M=cxGeometry ACBP=A9
 0001:0000756C 0000000E C=CODE     S=.text    G=(none)   M=dxMessages ACBP=A9
 0001:0000757C 0000002E C=CODE     S=.text    G=(none)   M=dxCore   ACBP=A9
 0001:000075AC 00000016 C=CODE     S=.text    G=(none)   M=dxGDIPlusAPI ACBP=A9
 0001:000075C4 0000000E C=CODE     S=.text    G=(none)   M=dxGDIPlusClasses ACBP=A9
 0001:000075D4 0000000E C=CODE     S=.text    G=(none)   M=dxThemeConsts ACBP=A9
 0001:000075E4 0000000E C=CODE     S=.text    G=(none)   M=dxUxTheme ACBP=A9
 0001:000075F4 0000000E C=CODE     S=.text    G=(none)   M=dxThemeManager ACBP=A9
 0001:00007604 00000016 C=CODE     S=.text    G=(none)   M=dxOffice11 ACBP=A9
 0001:0000761C 0000000E C=CODE     S=.text    G=(none)   M=cxDWMApi ACBP=A9
 0001:0000762C 0000000E C=CODE     S=.text    G=(none)   M=cxLibraryStrs ACBP=A9
 0001:0000763C 0000001E C=CODE     S=.text    G=(none)   M=dxHooks  ACBP=A9
 0001:0000765C 00000056 C=CODE     S=.text    G=(none)   M=cxContainer ACBP=A9
 0001:000076B4 0000000E C=CODE     S=.text    G=(none)   M=cxLibraryConsts ACBP=A9
 0001:000076C4 0000000E C=CODE     S=.text    G=(none)   M=cxScrollBar ACBP=A9
 0001:000076D4 00000036 C=CODE     S=.text    G=(none)   M=cxLookAndFeels ACBP=A9
 0001:0000770C 0000000E C=CODE     S=.text    G=(none)   M=cxDrawTextUtils ACBP=A9
 0001:0000771C 0000027E C=CODE     S=.text    G=(none)   M=cxControls ACBP=A9
 0001:0000799C 0000004E C=CODE     S=.text    G=(none)   M=cxClasses ACBP=A9
 0001:000079EC 00000076 C=CODE     S=.text    G=(none)   M=cxGraphics ACBP=A9
 0001:00007A64 0000039E C=CODE     S=.text    G=(none)   M=cxLookAndFeelPainters ACBP=A9
 0001:00007E04 0000000E C=CODE     S=.text    G=(none)   M=dxSkinsStrs ACBP=A9
 0001:00007E14 0000000E C=CODE     S=.text    G=(none)   M=dxSkinsCore ACBP=A9
 0001:00007E24 0000000E C=CODE     S=.text    G=(none)   M=dxSkinInfo ACBP=A9
 0001:00007E34 000005F6 C=CODE     S=.text    G=(none)   M=dxSkinsLookAndFeelPainter ACBP=A9
 0001:0000842C 00000016 C=CODE     S=.text    G=(none)   M=dxSkinsDefaultPainters ACBP=A9
 0001:00008444 0000000E C=CODE     S=.text    G=(none)   M=dxSkinsForm ACBP=A9
 0001:00008454 00000026 C=CODE     S=.text    G=(none)   M=cxLocalization ACBP=A9
 0001:0000847C 0000000E C=CODE     S=.text    G=(none)   M=JConsts  ACBP=A9
 0001:0000848C 0000000E C=CODE     S=.text    G=(none)   M=jpeg     ACBP=A9
 0001:0000849C 0000000E C=CODE     S=.text    G=(none)   M=untEasyAbout ACBP=A9
 0001:000084AC 0000000E C=CODE     S=.text    G=(none)   M=untEasyWaterImage ACBP=A9
 0001:000084BC 0000000E C=CODE     S=.text    G=(none)   M=untEasyLEDDisPlay ACBP=A9
 0001:000084CC 0000000E C=CODE     S=.text    G=(none)   M=untEasyGroupBox ACBP=A9
 0001:000084DC 0000000E C=CODE     S=.text    G=(none)   M=FileCtrl ACBP=A9
 0001:000084EC 0000000E C=CODE     S=.text    G=(none)   M=frxXML   ACBP=A9
 0001:000084FC 0000000E C=CODE     S=.text    G=(none)   M=frxUnicodeUtils ACBP=A9
 0001:0000850C 0000000E C=CODE     S=.text    G=(none)   M=fs_xml   ACBP=A9
 0001:0000851C 0000000E C=CODE     S=.text    G=(none)   M=fs_iparser ACBP=A9
 0001:0000852C 0000000E C=CODE     S=.text    G=(none)   M=fs_iconst ACBP=A9
 0001:0000853C 0000000E C=CODE     S=.text    G=(none)   M=fs_itools ACBP=A9
 0001:0000854C 0000000E C=CODE     S=.text    G=(none)   M=fs_isysrtti ACBP=A9
 0001:0000855C 0000000E C=CODE     S=.text    G=(none)   M=fs_iexpression ACBP=A9
 0001:0000856C 0000000E C=CODE     S=.text    G=(none)   M=fs_idisp ACBP=A9
 0001:0000857C 0000000E C=CODE     S=.text    G=(none)   M=fs_iilparser ACBP=A9
 0001:0000858C 0000000E C=CODE     S=.text    G=(none)   M=fs_iinterpreter ACBP=A9
 0001:0000859C 0000000E C=CODE     S=.text    G=(none)   M=frxAggregate ACBP=A9
 0001:000085AC 0000000E C=CODE     S=.text    G=(none)   M=frxDsgnIntf ACBP=A9
 0001:000085BC 0000000E C=CODE     S=.text    G=(none)   M=frxDMPClass ACBP=A9
 0001:000085CC 0000000E C=CODE     S=.text    G=(none)   M=frxPictureCache ACBP=A9
 0001:000085DC 0000000E C=CODE     S=.text    G=(none)   M=frxPrinter ACBP=A9
 0001:000085EC 0000000E C=CODE     S=.text    G=(none)   M=frxCtrls ACBP=A9
 0001:000085FC 0000000E C=CODE     S=.text    G=(none)   M=frxDock  ACBP=A9
 0001:0000860C 0000000E C=CODE     S=.text    G=(none)   M=frxSearchDialog ACBP=A9
 0001:0000861C 0000000E C=CODE     S=.text    G=(none)   M=frxPreviewPageSettings ACBP=A9
 0001:0000862C 0000000E C=CODE     S=.text    G=(none)   M=frxPreview ACBP=A9
 0001:0000863C 0000000E C=CODE     S=.text    G=(none)   M=frxPrintDialog ACBP=A9
 0001:0000864C 0000000E C=CODE     S=.text    G=(none)   M=frxPreviewPages ACBP=A9
 0001:0000865C 0000000E C=CODE     S=.text    G=(none)   M=frxEngine ACBP=A9
 0001:0000866C 0000000E C=CODE     S=.text    G=(none)   M=frxPassw ACBP=A9
 0001:0000867C 0000000E C=CODE     S=.text    G=(none)   M=frxGraphicUtils ACBP=A9
 0001:0000868C 0000000E C=CODE     S=.text    G=(none)   M=frxDialogForm ACBP=A9
 0001:0000869C 0000000E C=CODE     S=.text    G=(none)   M=frxrcClass ACBP=A9
 0001:000086AC 0000000E C=CODE     S=.text    G=(none)   M=fs_ievents ACBP=A9
 0001:000086BC 0000000E C=CODE     S=.text    G=(none)   M=fs_iclassesrtti ACBP=A9
 0001:000086CC 0000000E C=CODE     S=.text    G=(none)   M=fs_igraphicsrtti ACBP=A9
 0001:000086DC 0000000E C=CODE     S=.text    G=(none)   M=fs_iformsrtti ACBP=A9
 0001:000086EC 0000000E C=CODE     S=.text    G=(none)   M=frxZLib  ACBP=A9
 0001:000086FC 0000000E C=CODE     S=.text    G=(none)   M=frxpnglang ACBP=A9
 0001:0000870C 0000000E C=CODE     S=.text    G=(none)   M=frxpngimage ACBP=A9
 0001:0000871C 0000000E C=CODE     S=.text    G=(none)   M=frxClassRTTI ACBP=A9
 0001:0000872C 0000000E C=CODE     S=.text    G=(none)   M=frxInheritError ACBP=A9
 0001:0000873C 0000000E C=CODE     S=.text    G=(none)   M=fs_ipascal ACBP=A9
 0001:0000874C 0000000E C=CODE     S=.text    G=(none)   M=fs_icpp  ACBP=A9
 0001:0000875C 0000000E C=CODE     S=.text    G=(none)   M=fs_ibasic ACBP=A9
 0001:0000876C 0000000E C=CODE     S=.text    G=(none)   M=fs_ijs   ACBP=A9
 0001:0000877C 0000000E C=CODE     S=.text    G=(none)   M=fs_idialogsrtti ACBP=A9
 0001:0000878C 0000000E C=CODE     S=.text    G=(none)   M=fs_iinirtti ACBP=A9
 0001:0000879C 0000000E C=CODE     S=.text    G=(none)   M=frxUtils ACBP=A9
 0001:000087AC 0000000E C=CODE     S=.text    G=(none)   M=frxChm   ACBP=A9
 0001:000087BC 0000000E C=CODE     S=.text    G=(none)   M=frxGZip  ACBP=A9
 0001:000087CC 0000000E C=CODE     S=.text    G=(none)   M=frxRes   ACBP=A9
 0001:000087DC 0000000E C=CODE     S=.text    G=(none)   M=frxProgress ACBP=A9
 0001:000087EC 0000000E C=CODE     S=.text    G=(none)   M=frxXMLSerializer ACBP=A9
 0001:000087FC 0000000E C=CODE     S=.text    G=(none)   M=frxVariables ACBP=A9
 0001:0000880C 00000016 C=CODE     S=.text    G=(none)   M=frxClass ACBP=A9
 0001:00008824 0000000E C=CODE     S=.text    G=(none)   M=frxPopupForm ACBP=A9
 0001:00008834 0000000E C=CODE     S=.text    G=(none)   M=frxDesgnCtrls ACBP=A9
 0001:00008844 0000000E C=CODE     S=.text    G=(none)   M=OleConst ACBP=A9
 0001:00008854 00000038 C=CODE     S=.text    G=(none)   M=OleDlg   ACBP=A9
 0001:0000888C 0000000E C=CODE     S=.text    G=(none)   M=OleCtnrs ACBP=A9
 0001:0000889C 0000000E C=CODE     S=.text    G=(none)   M=frxRichEdit ACBP=A9
 0001:000088AC 0000000E C=CODE     S=.text    G=(none)   M=frxUnicodeCtrls ACBP=A9
 0001:000088BC 0000000E C=CODE     S=.text    G=(none)   M=frxDesgnWorkspace ACBP=A9
 0001:000088CC 0000000E C=CODE     S=.text    G=(none)   M=frxrcInsp ACBP=A9
 0001:000088DC 0000000E C=CODE     S=.text    G=(none)   M=frxInsp  ACBP=A9
 0001:000088EC 0000000E C=CODE     S=.text    G=(none)   M=frxDataTree ACBP=A9
 0001:000088FC 0000000E C=CODE     S=.text    G=(none)   M=frxSynMemo ACBP=A9
 0001:0000890C 0000000E C=CODE     S=.text    G=(none)   M=CheckLst ACBP=A9
 0001:0000891C 0000000E C=CODE     S=.text    G=(none)   M=frxEvaluateForm ACBP=A9
 0001:0000892C 0000000E C=CODE     S=.text    G=(none)   M=frxWatchForm ACBP=A9
 0001:0000893C 0000000E C=CODE     S=.text    G=(none)   M=frxDesgnWorkspace1 ACBP=A9
 0001:0000894C 0000000E C=CODE     S=.text    G=(none)   M=frxEditFormat ACBP=A9
 0001:0000895C 0000000E C=CODE     S=.text    G=(none)   M=frxEditHighlight ACBP=A9
 0001:0000896C 0000000E C=CODE     S=.text    G=(none)   M=frxEditSysMemo ACBP=A9
 0001:0000897C 0000000E C=CODE     S=.text    G=(none)   M=frxEditMemo ACBP=A9
 0001:0000898C 0000000E C=CODE     S=.text    G=(none)   M=frxCustomEditors ACBP=A9
 0001:0000899C 0000000E C=CODE     S=.text    G=(none)   M=frxEditPage ACBP=A9
 0001:000089AC 0000000E C=CODE     S=.text    G=(none)   M=frxEditDataBand ACBP=A9
 0001:000089BC 0000000E C=CODE     S=.text    G=(none)   M=frxEditStrings ACBP=A9
 0001:000089CC 0000000E C=CODE     S=.text    G=(none)   M=frxEditGroup ACBP=A9
 0001:000089DC 0000000E C=CODE     S=.text    G=(none)   M=frxCodeUtils ACBP=A9
 0001:000089EC 0000000E C=CODE     S=.text    G=(none)   M=frxEditPicture ACBP=A9
 0001:000089FC 0000000E C=CODE     S=.text    G=(none)   M=frxEditFrame ACBP=A9
 0001:00008A0C 0000000E C=CODE     S=.text    G=(none)   M=frxDesgnEditors ACBP=A9
 0001:00008A1C 0000000E C=CODE     S=.text    G=(none)   M=frxEditOptions ACBP=A9
 0001:00008A2C 0000000E C=CODE     S=.text    G=(none)   M=frxEditReport ACBP=A9
 0001:00008A3C 0000000E C=CODE     S=.text    G=(none)   M=frxAbout ACBP=A9
 0001:00008A4C 0000000E C=CODE     S=.text    G=(none)   M=frxEditReportData ACBP=A9
 0001:00008A5C 0000000E C=CODE     S=.text    G=(none)   M=frxEditVar ACBP=A9
 0001:00008A6C 0000000E C=CODE     S=.text    G=(none)   M=frxEditExpr ACBP=A9
 0001:00008A7C 0000000E C=CODE     S=.text    G=(none)   M=frxEditStyle ACBP=A9
 0001:00008A8C 0000000E C=CODE     S=.text    G=(none)   M=frxNewItem ACBP=A9
 0001:00008A9C 0000000E C=CODE     S=.text    G=(none)   M=frxStdWizard ACBP=A9
 0001:00008AAC 0000000E C=CODE     S=.text    G=(none)   M=frxEditTabOrder ACBP=A9
 0001:00008ABC 0000000E C=CODE     S=.text    G=(none)   M=frxrcDesgn ACBP=A9
 0001:00008ACC 0000000E C=CODE     S=.text    G=(none)   M=frxConnItemEdit ACBP=A9
 0001:00008ADC 0000000E C=CODE     S=.text    G=(none)   M=frxConnEditor ACBP=A9
 0001:00008AEC 0000000E C=CODE     S=.text    G=(none)   M=frxReportTree ACBP=A9
 0001:00008AFC 0000000E C=CODE     S=.text    G=(none)   M=frxDesgn ACBP=A9
 0001:00008B0C 0000000E C=CODE     S=.text    G=(none)   M=frxDBSet ACBP=A9
 0001:00008B1C 0000000E C=CODE     S=.text    G=(none)   M=frxEditMD ACBP=A9
 0001:00008B2C 0000000E C=CODE     S=.text    G=(none)   M=frxEditAliases ACBP=A9
 0001:00008B3C 0000000E C=CODE     S=.text    G=(none)   M=frxEditQueryParams ACBP=A9
 0001:00008B4C 0000000E C=CODE     S=.text    G=(none)   M=frxEditSQL ACBP=A9
 0001:00008B5C 0000000E C=CODE     S=.text    G=(none)   M=frxConnWizard ACBP=A9
 0001:00008B6C 0000000E C=CODE     S=.text    G=(none)   M=frxCustomDBEditor ACBP=A9
 0001:00008B7C 0000000E C=CODE     S=.text    G=(none)   M=fs_idbrtti ACBP=A9
 0001:00008B8C 0000000E C=CODE     S=.text    G=(none)   M=frxCustomDBRTTI ACBP=A9
 0001:00008B9C 0000000E C=CODE     S=.text    G=(none)   M=frxCustomDB ACBP=A9
 0001:00008BAC 0000000E C=CODE     S=.text    G=(none)   M=ADOInt   ACBP=A9
 0001:00008BBC 0000000E C=CODE     S=.text    G=(none)   M=OleDB    ACBP=A9
 0001:00008BCC 0000000E C=CODE     S=.text    G=(none)   M=ADOConst ACBP=A9
 0001:00008BDC 0000000E C=CODE     S=.text    G=(none)   M=Mtx      ACBP=A9
 0001:00008BEC 0000000E C=CODE     S=.text    G=(none)   M=ADODB    ACBP=A9
 0001:00008BFC 0000000E C=CODE     S=.text    G=(none)   M=fs_iadortti ACBP=A9
 0001:00008C0C 0000000E C=CODE     S=.text    G=(none)   M=frxADORTTI ACBP=A9
 0001:00008C1C 0000000E C=CODE     S=.text    G=(none)   M=frxADOEditor ACBP=A9
 0001:00008C2C 0000000E C=CODE     S=.text    G=(none)   M=frxADOComponents ACBP=A9
 0001:00008C3C 0000000E C=CODE     S=.text    G=(none)   M=TeCanvas ACBP=A9
 0001:00008C4C 0000000E C=CODE     S=.text    G=(none)   M=TeeConst ACBP=A9
 0001:00008C5C 0000000E C=CODE     S=.text    G=(none)   M=TeeProcs ACBP=A9
 0001:00008C6C 0000000E C=CODE     S=.text    G=(none)   M=TeEngine ACBP=A9
 0001:00008C7C 0000000E C=CODE     S=.text    G=(none)   M=TeeFunci ACBP=A9
 0001:00008C8C 0000000E C=CODE     S=.text    G=(none)   M=Chart    ACBP=A9
 0001:00008C9C 0000000E C=CODE     S=.text    G=(none)   M=Series   ACBP=A9
 0001:00008CAC 0000000E C=CODE     S=.text    G=(none)   M=GanttCh  ACBP=A9
 0001:00008CBC 0000000E C=CODE     S=.text    G=(none)   M=TeeShape ACBP=A9
 0001:00008CCC 0000000E C=CODE     S=.text    G=(none)   M=BubbleCh ACBP=A9
 0001:00008CDC 0000000E C=CODE     S=.text    G=(none)   M=ArrowCha ACBP=A9
 0001:00008CEC 0000000E C=CODE     S=.text    G=(none)   M=frxChartHelpers ACBP=A9
 0001:00008CFC 0000000E C=CODE     S=.text    G=(none)   M=fs_ichartrtti ACBP=A9
 0001:00008D0C 0000000E C=CODE     S=.text    G=(none)   M=frxChartRTTI ACBP=A9
 0001:00008D1C 0000000E C=CODE     S=.text    G=(none)   M=TeeGally ACBP=A9
 0001:00008D2C 0000000E C=CODE     S=.text    G=(none)   M=frxChartEditor ACBP=A9
 0001:00008D3C 0000000E C=CODE     S=.text    G=(none)   M=frxChart ACBP=A9
 0001:00008D4C 0000000E C=CODE     S=.text    G=(none)   M=frxBarcod ACBP=A9
 0001:00008D5C 0000000E C=CODE     S=.text    G=(none)   M=frxBarcodeEditor ACBP=A9
 0001:00008D6C 0000000E C=CODE     S=.text    G=(none)   M=frxBarcodeRTTI ACBP=A9
 0001:00008D7C 0000000E C=CODE     S=.text    G=(none)   M=frxBarcode ACBP=A9
 0001:00008D8C 0000000E C=CODE     S=.text    G=(none)   M=frxOLERTTI ACBP=A9
 0001:00008D9C 0000000E C=CODE     S=.text    G=(none)   M=frxOLEEditor ACBP=A9
 0001:00008DAC 0000000E C=CODE     S=.text    G=(none)   M=frxOLE   ACBP=A9
 0001:00008DBC 0000000E C=CODE     S=.text    G=(none)   M=frxRichRTTI ACBP=A9
 0001:00008DCC 0000000E C=CODE     S=.text    G=(none)   M=frxRichEditor ACBP=A9
 0001:00008DDC 0000000E C=CODE     S=.text    G=(none)   M=frxRich  ACBP=A9
 0001:00008DEC 0000000E C=CODE     S=.text    G=(none)   M=frxCrossEditor ACBP=A9
 0001:00008DFC 0000000E C=CODE     S=.text    G=(none)   M=frxCrossRTTI ACBP=A9
 0001:00008E0C 0000000E C=CODE     S=.text    G=(none)   M=frxCross ACBP=A9
 0001:00008E1C 0000000E C=CODE     S=.text    G=(none)   M=frxChBoxRTTI ACBP=A9
 0001:00008E2C 0000000E C=CODE     S=.text    G=(none)   M=frxChBox ACBP=A9
 0001:00008E3C 0000000E C=CODE     S=.text    G=(none)   M=frxGradientRTTI ACBP=A9
 0001:00008E4C 0000000E C=CODE     S=.text    G=(none)   M=frxGradient ACBP=A9
 0001:00008E5C 0000000E C=CODE     S=.text    G=(none)   M=frxDMPExport ACBP=A9
 0001:00008E6C 0000000E C=CODE     S=.text    G=(none)   M=frxDCtrlRTTI ACBP=A9
 0001:00008E7C 0000000E C=CODE     S=.text    G=(none)   M=frxDCtrl ACBP=A9
 0001:00008E8C 0000000E C=CODE     S=.text    G=(none)   M=frxrcExports ACBP=A9
 0001:00008E9C 0000000E C=CODE     S=.text    G=(none)   M=frxExportMatrix ACBP=A9
 0001:00008EAC 0000000E C=CODE     S=.text    G=(none)   M=frxFileUtils ACBP=A9
 0001:00008EBC 0000000E C=CODE     S=.text    G=(none)   M=frxExportXLS ACBP=A9
 0001:00008ECC 0000000E C=CODE     S=.text    G=(none)   M=frxStorage ACBP=A9
 0001:00008EDC 0000000E C=CODE     S=.text    G=(none)   M=frxExportXML ACBP=A9
 0001:00008EEC 0000000E C=CODE     S=.text    G=(none)   M=frxExportTxtPrn ACBP=A9
 0001:00008EFC 0000000E C=CODE     S=.text    G=(none)   M=frxExportTXT ACBP=A9
 0001:00008F0C 00000038 C=CODE     S=.text    G=(none)   M=WinSock  ACBP=A9
 0001:00008F44 0000000E C=CODE     S=.text    G=(none)   M=ScktComp ACBP=A9
 0001:00008F54 0000000E C=CODE     S=.text    G=(none)   M=frxNetUtils ACBP=A9
 0001:00008F64 0000000E C=CODE     S=.text    G=(none)   M=frxmd5   ACBP=A9
 0001:00008F74 0000000E C=CODE     S=.text    G=(none)   M=frxSMTP  ACBP=A9
 0001:00008F84 0000000E C=CODE     S=.text    G=(none)   M=frxExportMail ACBP=A9
 0001:00008F94 0000000E C=CODE     S=.text    G=(none)   M=frxRC4   ACBP=A9
 0001:00008FA4 0000000E C=CODE     S=.text    G=(none)   M=frxExportPDF ACBP=A9
 0001:00008FB4 0000000E C=CODE     S=.text    G=(none)   M=GIF      ACBP=A9
 0001:00008FC4 0000000E C=CODE     S=.text    G=(none)   M=frxExportImage ACBP=A9
 0001:00008FD4 0000000E C=CODE     S=.text    G=(none)   M=frxImageConverter ACBP=A9
 0001:00008FE4 0000000E C=CODE     S=.text    G=(none)   M=frxExportHTML ACBP=A9
 0001:00008FF4 0000000E C=CODE     S=.text    G=(none)   M=frxGML   ACBP=A9
 0001:00009004 0000000E C=CODE     S=.text    G=(none)   M=frxExportRTF ACBP=A9
 0001:00009014 0000000E C=CODE     S=.text    G=(none)   M=frxExportText ACBP=A9
 0001:00009024 0000000E C=CODE     S=.text    G=(none)   M=frxExportCSV ACBP=A9
 0001:00009034 00000016 C=CODE     S=.text    G=(none)   M=untEasyUtilClasses ACBP=A9
 0001:0000904C 00000016 C=CODE     S=.text    G=(none)   M=untEasyClassinfDeptPostion ACBP=A9
 0001:00009064 00000016 C=CODE     S=.text    G=(none)   M=untEasyClassinfCompanyDept ACBP=A9
 0001:0000907C 00000016 C=CODE     S=.text    G=(none)   M=untEasyClassinfCompany ACBP=A9
 0001:00009094 00000016 C=CODE     S=.text    G=(none)   M=untEasyClasshrEmployee ACBP=A9
 0001:000090AC 00000016 C=CODE     S=.text    G=(none)   M=untEasyClasssysUser ACBP=A9
 0001:000090C4 0000000E C=CODE     S=.text    G=(none)   M=AppEvnts ACBP=A9
 0001:000090D4 0000000E C=CODE     S=.text    G=(none)   M=StdVCL   ACBP=A9
 0001:000090E4 0000000E C=CODE     S=.text    G=(none)   M=EasyPlateServer_TLB ACBP=A9
 0001:000090F4 0000000E C=CODE     S=.text    G=(none)   M=MConnect ACBP=A9
 0001:00009104 0000000E C=CODE     S=.text    G=(none)   M=SConnect ACBP=A9
 0001:00009114 0000000E C=CODE     S=.text    G=(none)   M=ObjBrkr  ACBP=A9
 0001:00009124 0000000E C=CODE     S=.text    G=(none)   M=untEasyUtilStream ACBP=A9
 0001:00009134 0000000E C=CODE     S=.text    G=(none)   M=untEasyUtilRWIni ACBP=A9
 0001:00009144 0000000E C=CODE     S=.text    G=(none)   M=untEasyPlateSplash ACBP=A9
 0001:00009154 0000000E C=CODE     S=.text    G=(none)   M=untEasyDBConnectionConst ACBP=A9
 0001:00009164 0000000E C=CODE     S=.text    G=(none)   M=untEasyUtilConst ACBP=A9
 0001:00009174 0000000E C=CODE     S=.text    G=(none)   M=ZLibConst ACBP=A9
 0001:00009184 0000000E C=CODE     S=.text    G=(none)   M=ZLib     ACBP=A9
 0001:00009194 00000016 C=CODE     S=.text    G=(none)   M=untEasyBallonControl ACBP=A9
 0001:000091AC 0000000E C=CODE     S=.text    G=(none)   M=untEasyCommon ACBP=A9
 0001:000091BC 00000016 C=CODE     S=.text    G=(none)   M=untEasyProgressBar ACBP=A9
 0001:000091D4 0000000E C=CODE     S=.text    G=(none)   M=untEasyFeelStyle ACBP=A9
 0001:000091E4 0000000E C=CODE     S=.text    G=(none)   M=untEasygdip ACBP=A9
 0001:000091F4 0000000E C=CODE     S=.text    G=(none)   M=untEasyGDIPicture ACBP=A9
 0001:00009204 0000000E C=CODE     S=.text    G=(none)   M=untEasyHintInfo ACBP=A9
 0001:00009214 0000000E C=CODE     S=.text    G=(none)   M=untEasyGlowButton ACBP=A9
 0001:00009224 0000000E C=CODE     S=.text    G=(none)   M=untEasyOfficeTabSetStylers ACBP=A9
 0001:00009234 0000000E C=CODE     S=.text    G=(none)   M=untEasyTabSet ACBP=A9
 0001:00009244 0000000E C=CODE     S=.text    G=(none)   M=ImageHlp ACBP=A9
 0001:00009254 0000000E C=CODE     S=.text    G=(none)   M=IdException ACBP=A9
 0001:00009264 0000000E C=CODE     S=.text    G=(none)   M=IdResourceStrings ACBP=A9
 0001:00009274 0000000E C=CODE     S=.text    G=(none)   M=IdURI    ACBP=A9
 0001:00009284 0000000E C=CODE     S=.text    G=(none)   M=IdWinSock2 ACBP=A9
 0001:00009294 0000000E C=CODE     S=.text    G=(none)   M=IdStackConsts ACBP=A9
 0001:000092A4 0000000E C=CODE     S=.text    G=(none)   M=IdStack  ACBP=A9
 0001:000092B4 0000000E C=CODE     S=.text    G=(none)   M=IdStackWindows ACBP=A9
 0001:000092C4 0000000E C=CODE     S=.text    G=(none)   M=IdGlobal ACBP=A9
 0001:000092D4 00000038 C=CODE     S=.text    G=(none)   M=TlHelp32 ACBP=A9
 0001:0000930C 0000003E C=CODE     S=.text    G=(none)   M=untEasyUtilMethod ACBP=A9
 0001:0000934C 00000056 C=CODE     S=.text    G=(none)   M=untEasyDBConnection ACBP=A9
 0001:000093A4 0000000E C=CODE     S=.text    G=(none)   M=dxCustomHint ACBP=A9
 0001:000093B4 0000000E C=CODE     S=.text    G=(none)   M=dxScreenTip ACBP=A9
 0001:000093C4 0000000E C=CODE     S=.text    G=(none)   M=OleServer ACBP=A9
 0001:000093D4 0000000E C=CODE     S=.text    G=(none)   M=cxAccessibility ACBP=A9
 0001:000093E4 0000000E C=CODE     S=.text    G=(none)   M=dxFading ACBP=A9
 0001:000093F4 0000000E C=CODE     S=.text    G=(none)   M=cxStyles ACBP=A9
 0001:00009404 0000000E C=CODE     S=.text    G=(none)   M=dxCommon ACBP=A9
 0001:00009414 0000000E C=CODE     S=.text    G=(none)   M=dxBarStrs ACBP=A9
 0001:00009424 0000000E C=CODE     S=.text    G=(none)   M=dxBarAccessibility ACBP=A9
 0001:00009434 0000000E C=CODE     S=.text    G=(none)   M=dxBarSkinConsts ACBP=A9
 0001:00009444 0000000E C=CODE     S=.text    G=(none)   M=dxBarAddGroupItemsEd ACBP=A9
 0001:00009454 0000000E C=CODE     S=.text    G=(none)   M=dxBarItemEd ACBP=A9
 0001:00009464 0000000E C=CODE     S=.text    G=(none)   M=dxBarPopupMenuEd ACBP=A9
 0001:00009474 0000000E C=CODE     S=.text    G=(none)   M=dxBarCustForm ACBP=A9
 0001:00009484 00000016 C=CODE     S=.text    G=(none)   M=dxBarCustomCustomizationForm ACBP=A9
 0001:0000949C 0000000E C=CODE     S=.text    G=(none)   M=dxBarNameEd ACBP=A9
 0001:000094AC 00000038 C=CODE     S=.text    G=(none)   M=MMSystem ACBP=A9
 0001:000094E4 00000A7E C=CODE     S=.text    G=(none)   M=dxBar    ACBP=A9
 0001:00009F64 00000036 C=CODE     S=.text    G=(none)   M=dxStatusBar ACBP=A9
 0001:00009F9C 0000000E C=CODE     S=.text    G=(none)   M=dxSkinsdxBarPainter ACBP=A9
 0001:00009FAC 0000000E C=CODE     S=.text    G=(none)   M=dxSkinsdxStatusBarPainter ACBP=A9
 0001:00009FBC 0000000E C=CODE     S=.text    G=(none)   M=cxDataUtils ACBP=A9
 0001:00009FCC 0000000E C=CODE     S=.text    G=(none)   M=cxFilterConsts ACBP=A9
 0001:00009FDC 0000000E C=CODE     S=.text    G=(none)   M=cxLike   ACBP=A9
 0001:00009FEC 0000000E C=CODE     S=.text    G=(none)   M=cxDataConsts ACBP=A9
 0001:00009FFC 00000016 C=CODE     S=.text    G=(none)   M=cxVariants ACBP=A9
 0001:0000A014 0000000E C=CODE     S=.text    G=(none)   M=cxFilter ACBP=A9
 0001:0000A024 00000016 C=CODE     S=.text    G=(none)   M=cxEditPaintUtils ACBP=A9
 0001:0000A03C 0000000E C=CODE     S=.text    G=(none)   M=cxDataStorage ACBP=A9
 0001:0000A04C 0000000E C=CODE     S=.text    G=(none)   M=cxEditUtils ACBP=A9
 0001:0000A05C 0000000E C=CODE     S=.text    G=(none)   M=cxEditConsts ACBP=A9
 0001:0000A06C 0000000E C=CODE     S=.text    G=(none)   M=cxFormats ACBP=A9
 0001:0000A07C 0000000E C=CODE     S=.text    G=(none)   M=cxDateUtils ACBP=A9
 0001:0000A08C 000000DE C=CODE     S=.text    G=(none)   M=cxEdit   ACBP=A9
 0001:0000A16C 0000000E C=CODE     S=.text    G=(none)   M=cxFilterControlStrs ACBP=A9
 0001:0000A17C 00000026 C=CODE     S=.text    G=(none)   M=cxFilterControlUtils ACBP=A9
 0001:0000A1A4 0000000E C=CODE     S=.text    G=(none)   M=cxTextEdit ACBP=A9
 0001:0000A1B4 0000000E C=CODE     S=.text    G=(none)   M=cxStandardMask ACBP=A9
 0001:0000A1C4 0000000E C=CODE     S=.text    G=(none)   M=cxRegExpr ACBP=A9
 0001:0000A1D4 0000000E C=CODE     S=.text    G=(none)   M=cxMaskEdit ACBP=A9
 0001:0000A1E4 0000001E C=CODE     S=.text    G=(none)   M=cxDropDownEdit ACBP=A9
 0001:0000A204 00000016 C=CODE     S=.text    G=(none)   M=cxButtons ACBP=A9
 0001:0000A21C 000007AC C=CODE     S=.text    G=(none)   M=cxBarEditItemValueEditor ACBP=A9
 0001:0000A9C8 0000000E C=CODE     S=.text    G=(none)   M=cxCustomData ACBP=A9
 0001:0000A9D8 0000000E C=CODE     S=.text    G=(none)   M=cxCheckBox ACBP=A9
 0001:0000A9E8 0000000E C=CODE     S=.text    G=(none)   M=cxGroupBox ACBP=A9
 0001:0000A9F8 0000000E C=CODE     S=.text    G=(none)   M=cxRadioGroup ACBP=A9
 0001:0000AA08 0000000E C=CODE     S=.text    G=(none)   M=cxMRUEdit ACBP=A9
 0001:0000AA18 0000000E C=CODE     S=.text    G=(none)   M=cxHyperLinkEdit ACBP=A9
 0001:0000AA28 0000000E C=CODE     S=.text    G=(none)   M=cxSpinEdit ACBP=A9
 0001:0000AA38 0000000E C=CODE     S=.text    G=(none)   M=cxTimeEdit ACBP=A9
 0001:0000AA48 0000000E C=CODE     S=.text    G=(none)   M=cxCalc   ACBP=A9
 0001:0000AA58 0000000E C=CODE     S=.text    G=(none)   M=cxMemo   ACBP=A9
 0001:0000AA68 0000000E C=CODE     S=.text    G=(none)   M=cxImage  ACBP=A9
 0001:0000AA78 0000000E C=CODE     S=.text    G=(none)   M=cxBlobEdit ACBP=A9
 0001:0000AA88 0000000E C=CODE     S=.text    G=(none)   M=cxImageComboBox ACBP=A9
 0001:0000AA98 0000000E C=CODE     S=.text    G=(none)   M=cxCurrencyEdit ACBP=A9
 0001:0000AAA8 0000000E C=CODE     S=.text    G=(none)   M=cxCalendar ACBP=A9
 0001:0000AAB8 0000000E C=CODE     S=.text    G=(none)   M=cxButtonEdit ACBP=A9
 0001:0000AAC8 0000000E C=CODE     S=.text    G=(none)   M=cxEditRepositoryItems ACBP=A9
 0001:0000AAD8 00004980 C=CODE     S=.text    G=(none)   M=cxBarEditItem ACBP=A9
 0001:0000F458 00000682 C=CODE     S=.text    G=(none)   M=dxSkinBlue ACBP=A9
 0001:0000FADC 0000068E C=CODE     S=.text    G=(none)   M=dxSkinCaramel ACBP=A9
 0001:0001016C 0000002E C=CODE     S=.text    G=(none)   M=cxPCGoDialog ACBP=A9
 0001:0001019C 0000000E C=CODE     S=.text    G=(none)   M=cxPCConsts ACBP=A9
 0001:000101AC 0000000E C=CODE     S=.text    G=(none)   M=cxPCPaintersFactory ACBP=A9
 0001:000101BC 000002D6 C=CODE     S=.text    G=(none)   M=cxPC     ACBP=A9
 0001:00010494 0000000E C=CODE     S=.text    G=(none)   M=cxPCPainters ACBP=A9
 0001:000104A4 0000000E C=CODE     S=.text    G=(none)   M=dxSkinscxPCPainter ACBP=A9
 0001:000104B4 0000003E C=CODE     S=.text    G=(none)   M=dxBarBuiltInMenu ACBP=A9
 0001:000104F4 000001F3 C=CODE     S=.text    G=(none)   M=cxPCdxBarPopupMenu ACBP=A9
 0001:000106E8 0000000E C=CODE     S=.text    G=(none)   M=cxSplitter ACBP=A9
 0001:000106F8 0000000E C=CODE     S=.text    G=(none)   M=cxExtEditUtils ACBP=A9
 0001:00010708 0000000E C=CODE     S=.text    G=(none)   M=cxExtEditConsts ACBP=A9
 0001:00010718 0000000E C=CODE     S=.text    G=(none)   M=untEasyTrayIcon ACBP=A9
 0001:00010728 00000050 C=CODE     S=.text    G=(none)   M=dxTabbedMDIStrs ACBP=A9
 0001:00010778 00003C87 C=CODE     S=.text    G=(none)   M=dxTabbedMDI ACBP=A9
 0001:00014400 0000002E C=CODE     S=.text    G=(none)   M=cxTreeView ACBP=A9
 0001:00014430 00000016 C=CODE     S=.text    G=(none)   M=untEasyClassPluginDirectory ACBP=A9
 0001:00014448 00000016 C=CODE     S=.text    G=(none)   M=untEasyPackageInfo ACBP=A9
 0001:00014460 0000000E C=CODE     S=.text    G=(none)   M=untEasyLabel ACBP=A9
 0001:00014470 0000000E C=CODE     S=.text    G=(none)   M=untEasyEdit ACBP=A9
 0001:00014480 0000000E C=CODE     S=.text    G=(none)   M=untEasyButtons ACBP=A9
 0001:00014490 00000026 C=CODE     S=.text    G=(none)   M=untEasyPlateDBBaseForm ACBP=A9
 0001:000144B8 00000026 C=CODE     S=.text    G=(none)   M=untEasyUtilCrypt ACBP=A9
 0001:000144E0 00000016 C=CODE     S=.text    G=(none)   M=untEasyUtilDLL ACBP=A9
 0001:000144F8 00001574 C=CODE     S=.text    G=(none)   M=untEasyLoginMain ACBP=A9
 0001:00015A6C 0000000E C=CODE     S=.text    G=(none)   M=untEasyTreeView ACBP=A9
 0001:00015A7C 000004D8 C=CODE     S=.text    G=(none)   M=untEasyPlateLoading ACBP=A9
 0001:00015F54 0000002E C=CODE     S=.text    G=(none)   M=untEasyCSRegUtil ACBP=A9
 0001:00015F84 0000000E C=CODE     S=.text    G=(none)   M=Nb30     ACBP=A9
 0001:00015F94 0000000E C=CODE     S=.text    G=(none)   M=untEasyUtilCompression ACBP=A9
 0001:00015FA4 0000000E C=CODE     S=.text    G=(none)   M=dbcgrids ACBP=A9
 0001:00015FB4 0000000E C=CODE     S=.text    G=(none)   M=Tabs     ACBP=A9
 0001:00015FC4 0000000E C=CODE     S=.text    G=(none)   M=cxLabel  ACBP=A9
 0001:00015FD4 0000000E C=CODE     S=.text    G=(none)   M=cxTrackBar ACBP=A9
 0001:00015FE4 0000000E C=CODE     S=.text    G=(none)   M=cxDB     ACBP=A9
 0001:00015FF4 0000000E C=CODE     S=.text    G=(none)   M=cxListBox ACBP=A9
 0001:00016004 0000000E C=CODE     S=.text    G=(none)   M=cxDBEdit ACBP=A9
 0001:00016014 0000000E C=CODE     S=.text    G=(none)   M=cxData   ACBP=A9
 0001:00016024 0000000E C=CODE     S=.text    G=(none)   M=cxEditRegisteredRepositoryItems ACBP=A9
 0001:00016034 0000000E C=CODE     S=.text    G=(none)   M=cxEditDataRegisteredRepositoryItems ACBP=A9
 0001:00016044 0000000E C=CODE     S=.text    G=(none)   M=cxLookupGrid ACBP=A9
 0001:00016054 0000000E C=CODE     S=.text    G=(none)   M=cxDBFilter ACBP=A9
 0001:00016064 0000000E C=CODE     S=.text    G=(none)   M=cxDBData ACBP=A9
 0001:00016074 0000000E C=CODE     S=.text    G=(none)   M=cxLookupEdit ACBP=A9
 0001:00016084 0000000E C=CODE     S=.text    G=(none)   M=cxDBLookupEdit ACBP=A9
 0001:00016094 0000000E C=CODE     S=.text    G=(none)   M=cxDBEditRepository ACBP=A9
 0001:000160A4 0000000E C=CODE     S=.text    G=(none)   M=cxEditDBRegisteredRepositoryItems ACBP=A9
 0001:000160B4 0000000E C=CODE     S=.text    G=(none)   M=cxLookupDBGrid ACBP=A9
 0001:000160C4 0000000E C=CODE     S=.text    G=(none)   M=cxDBLookupComboBox ACBP=A9
 0001:000160D4 0000000E C=CODE     S=.text    G=(none)   M=cxDBNavigator ACBP=A9
 0001:000160E4 0000000E C=CODE     S=.text    G=(none)   M=cxNavigator ACBP=A9
 0001:000160F4 0000000E C=CODE     S=.text    G=(none)   M=cxFilterControl ACBP=A9
 0001:00016104 0000000E C=CODE     S=.text    G=(none)   M=cxFilterControlDialog ACBP=A9
 0001:00016114 0000000E C=CODE     S=.text    G=(none)   M=cxDBFilterControl ACBP=A9
 0001:00016124 0000000E C=CODE     S=.text    G=(none)   M=cxHeader ACBP=A9
 0001:00016134 0000000E C=CODE     S=.text    G=(none)   M=cxHint   ACBP=A9
 0001:00016144 0000000E C=CODE     S=.text    G=(none)   M=cxCheckComboBox ACBP=A9
 0001:00016154 0000000E C=CODE     S=.text    G=(none)   M=cxCheckGroup ACBP=A9
 0001:00016164 0000000E C=CODE     S=.text    G=(none)   M=dxImagePropEditor ACBP=A9
 0001:00016174 0000000E C=CODE     S=.text    G=(none)   M=dximctrl ACBP=A9
 0001:00016184 0000000E C=CODE     S=.text    G=(none)   M=dxSpinImagePropEditor ACBP=A9
 0001:00016194 0000000E C=CODE     S=.text    G=(none)   M=cxCheckListBox ACBP=A9
 0001:000161A4 0000000E C=CODE     S=.text    G=(none)   M=cxColorComboBox ACBP=A9
 0001:000161B4 0000000E C=CODE     S=.text    G=(none)   M=cxDBCheckComboBox ACBP=A9
 0001:000161C4 0000000E C=CODE     S=.text    G=(none)   M=cxDBCheckGroup ACBP=A9
 0001:000161D4 0000000E C=CODE     S=.text    G=(none)   M=cxDBCheckListBox ACBP=A9
 0001:000161E4 0000000E C=CODE     S=.text    G=(none)   M=cxDBColorComboBox ACBP=A9
 0001:000161F4 0000000E C=CODE     S=.text    G=(none)   M=cxDBFontNameComboBox ACBP=A9
 0001:00016204 0000000E C=CODE     S=.text    G=(none)   M=cxFontNameComboBox ACBP=A9
 0001:00016214 0000000E C=CODE     S=.text    G=(none)   M=cxDBLabel ACBP=A9
 0001:00016224 0000000E C=CODE     S=.text    G=(none)   M=cxDBProgressBar ACBP=A9
 0001:00016234 0000000E C=CODE     S=.text    G=(none)   M=cxProgressBar ACBP=A9
 0001:00016244 0000000E C=CODE     S=.text    G=(none)   M=cxDBRichEdit ACBP=A9
 0001:00016254 0000000E C=CODE     S=.text    G=(none)   M=cxRichEdit ACBP=A9
 0001:00016264 0000000E C=CODE     S=.text    G=(none)   M=cxDBTrackBar ACBP=A9
 0001:00016274 0000000E C=CODE     S=.text    G=(none)   M=cxListView ACBP=A9
 0001:00016284 0000000E C=CODE     S=.text    G=(none)   M=cxMCListBox ACBP=A9
 0001:00016294 0000000E C=CODE     S=.text    G=(none)   M=cxSpinButton ACBP=A9
 0001:000162A4 0000000E C=CODE     S=.text    G=(none)   M=cxGridCommon ACBP=A9
 0001:000162B4 0000000E C=CODE     S=.text    G=(none)   M=cxStorage ACBP=A9
 0001:000162C4 0000000E C=CODE     S=.text    G=(none)   M=cxGridStrs ACBP=A9
 0001:000162D4 0000000E C=CODE     S=.text    G=(none)   M=cxGridDetailsSite ACBP=A9
 0001:000162E4 0000000E C=CODE     S=.text    G=(none)   M=cxFilterDialog ACBP=A9
 0001:000162F4 0000000E C=CODE     S=.text    G=(none)   M=cxGridCustomTableView ACBP=A9
 0001:00016304 0000000E C=CODE     S=.text    G=(none)   M=cxGridLevel ACBP=A9
 0001:00016314 0000000E C=CODE     S=.text    G=(none)   M=cxGridCustomView ACBP=A9
 0001:00016324 0000000E C=CODE     S=.text    G=(none)   M=cxGrid   ACBP=A9
 0001:00016334 0000000E C=CODE     S=.text    G=(none)   M=cxDBExtLookupComboBox ACBP=A9
 0001:00016344 0000000E C=CODE     S=.text    G=(none)   M=cxGridRows ACBP=A9
 0001:00016354 0000000E C=CODE     S=.text    G=(none)   M=cxGridTableView ACBP=A9
 0001:00016364 0000000E C=CODE     S=.text    G=(none)   M=cxGridFilterHelpers ACBP=A9
 0001:00016374 0000000E C=CODE     S=.text    G=(none)   M=cxGridDBDataDefinitions ACBP=A9
 0001:00016384 0000000E C=CODE     S=.text    G=(none)   M=cxGridCustomLayoutView ACBP=A9
 0001:00016394 0000000E C=CODE     S=.text    G=(none)   M=cxGridCardView ACBP=A9
 0001:000163A4 0000000E C=CODE     S=.text    G=(none)   M=cxGridBandedTableView ACBP=A9
 0001:000163B4 0000000E C=CODE     S=.text    G=(none)   M=cxGridCustomPopupMenu ACBP=A9
 0001:000163C4 0000000E C=CODE     S=.text    G=(none)   M=cxGridUIHelper ACBP=A9
 0001:000163D4 0000000E C=CODE     S=.text    G=(none)   M=cxGridUICustomTableHelper ACBP=A9
 0001:000163E4 0000000E C=CODE     S=.text    G=(none)   M=cxGridUICardHelper ACBP=A9
 0001:000163F4 0000000E C=CODE     S=.text    G=(none)   M=cxGridUITableHelper ACBP=A9
 0001:00016404 0000000E C=CODE     S=.text    G=(none)   M=cxGridUIBandedTableHelper ACBP=A9
 0001:00016414 0000000E C=CODE     S=.text    G=(none)   M=cxGridPopupMenuConsts ACBP=A9
 0001:00016424 0000000E C=CODE     S=.text    G=(none)   M=cxGridMenuOperations ACBP=A9
 0001:00016434 0000000E C=CODE     S=.text    G=(none)   M=cxGridGroupRowPopupMenuItems ACBP=A9
 0001:00016444 0000000E C=CODE     S=.text    G=(none)   M=cxGridFooterPopupMenuItems ACBP=A9
 0001:00016454 0000000E C=CODE     S=.text    G=(none)   M=cxGridHeaderPopupMenuItems ACBP=A9
 0001:00016464 0000000E C=CODE     S=.text    G=(none)   M=cxGridStdPopupMenu ACBP=A9
 0001:00016474 0000000E C=CODE     S=.text    G=(none)   M=cxGridPopupMenu ACBP=A9
 0001:00016484 0000000E C=CODE     S=.text    G=(none)   M=dxLayoutSelection ACBP=A9
 0001:00016494 0000000E C=CODE     S=.text    G=(none)   M=dxLayoutStrs ACBP=A9
 0001:000164A4 0000000E C=CODE     S=.text    G=(none)   M=dxLayoutCommon ACBP=A9
 0001:000164B4 0000000E C=CODE     S=.text    G=(none)   M=dxLayoutControlAdapters ACBP=A9
 0001:000164C4 0000000E C=CODE     S=.text    G=(none)   M=dxLayoutcxEditAdapters ACBP=A9
 0001:000164D4 0000000E C=CODE     S=.text    G=(none)   M=dxLayoutEditForm ACBP=A9
 0001:000164E4 0000000E C=CODE     S=.text    G=(none)   M=dxLayoutCustomizeForm ACBP=A9
 0001:000164F4 0000000E C=CODE     S=.text    G=(none)   M=dxLayoutDragAndDrop ACBP=A9
 0001:00016504 0000000E C=CODE     S=.text    G=(none)   M=dxLayoutPainters ACBP=A9
 0001:00016514 0000000E C=CODE     S=.text    G=(none)   M=dxLayoutLookAndFeels ACBP=A9
 0001:00016524 0000000E C=CODE     S=.text    G=(none)   M=dxLayoutContainer ACBP=A9
 0001:00016534 0000000E C=CODE     S=.text    G=(none)   M=dxLayoutControl ACBP=A9
 0001:00016544 0000000E C=CODE     S=.text    G=(none)   M=cxDBPivotGrid ACBP=A9
 0001:00016554 0000000E C=CODE     S=.text    G=(none)   M=cxCustomPivotGrid ACBP=A9
 0001:00016564 0000000E C=CODE     S=.text    G=(none)   M=cxInplaceContainer ACBP=A9
 0001:00016574 0000000E C=CODE     S=.text    G=(none)   M=cxPivotGridAdvancedCustomization ACBP=A9
 0001:00016584 0000000E C=CODE     S=.text    G=(none)   M=cxPivotGridCustomization ACBP=A9
 0001:00016594 0000000E C=CODE     S=.text    G=(none)   M=cxPivotGridStrs ACBP=A9
 0001:000165A4 0000000E C=CODE     S=.text    G=(none)   M=cxPivotGrid ACBP=A9
 0001:000165B4 0000000E C=CODE     S=.text    G=(none)   M=cxPivotGridSummaryDataSet ACBP=A9
 0001:000165C4 0000000E C=CODE     S=.text    G=(none)   M=cxPivotGridCustomDataSet ACBP=A9
 0001:000165D4 0000000E C=CODE     S=.text    G=(none)   M=dxmdaset ACBP=A9
 0001:000165E4 0000000E C=CODE     S=.text    G=(none)   M=cxPivotGridChartConnection ACBP=A9
 0001:000165F4 0000000E C=CODE     S=.text    G=(none)   M=cxGridChartView ACBP=A9
 0001:00016604 0000000E C=CODE     S=.text    G=(none)   M=cxPivotGridDrillDownDataSet ACBP=A9
 0001:00016614 0000000E C=CODE     S=.text    G=(none)   M=cxPivotGridOLAPDataSource ACBP=A9
 0001:00016624 0000000E C=CODE     S=.text    G=(none)   M=cxPivotGridOLAPQueryBuilder ACBP=A9
 0001:00016634 0000000E C=CODE     S=.text    G=(none)   M=cxADOMDInt ACBP=A9
 0001:00016644 0000000E C=CODE     S=.text    G=(none)   M=cxScheduler ACBP=A9
 0001:00016654 0000000E C=CODE     S=.text    G=(none)   M=cxSchedulerYearView ACBP=A9
 0001:00016664 0000000E C=CODE     S=.text    G=(none)   M=cxSchedulerStrs ACBP=A9
 0001:00016674 0000000E C=CODE     S=.text    G=(none)   M=cxSchedulerStorage ACBP=A9
 0001:00016684 0000000E C=CODE     S=.text    G=(none)   M=cxSchedulerHolidays ACBP=A9
 0001:00016694 0000000E C=CODE     S=.text    G=(none)   M=cxSchedulerUtils ACBP=A9
 0001:000166A4 0000000E C=CODE     S=.text    G=(none)   M=cxSchedulerReminderWindow ACBP=A9
 0001:000166B4 0000000E C=CODE     S=.text    G=(none)   M=cxSchedulerDialogs ACBP=A9
 0001:000166C4 0000000E C=CODE     S=.text    G=(none)   M=cxSchedulerTaskDependencyEditor ACBP=A9
 0001:000166D4 0000000E C=CODE     S=.text    G=(none)   M=cxSchedulerHolidaysLocationEditor ACBP=A9
 0001:000166E4 0000000E C=CODE     S=.text    G=(none)   M=cxSchedulerHolidaysLocationHolidayEditor ACBP=A9
 0001:000166F4 0000000E C=CODE     S=.text    G=(none)   M=cxSchedulerHolidaysEditor ACBP=A9
 0001:00016704 0000000E C=CODE     S=.text    G=(none)   M=cxShellBrowserDialog ACBP=A9
 0001:00016714 0000000E C=CODE     S=.text    G=(none)   M=cxShellBrowser ACBP=A9
 0001:00016724 0000000E C=CODE     S=.text    G=(none)   M=cxShellDlgs ACBP=A9
 0001:00016734 0000000E C=CODE     S=.text    G=(none)   M=cxShellCommon ACBP=A9
 0001:00016744 0000000E C=CODE     S=.text    G=(none)   M=cxShellControls ACBP=A9
 0001:00016754 0000000E C=CODE     S=.text    G=(none)   M=cxShellTreeView ACBP=A9
 0001:00016764 0000000E C=CODE     S=.text    G=(none)   M=cxShellListView ACBP=A9
 0001:00016774 0000000E C=CODE     S=.text    G=(none)   M=cxSchedulerRecurrenceSelectionDialog ACBP=A9
 0001:00016784 0000000E C=CODE     S=.text    G=(none)   M=cxSchedulerCustomControls ACBP=A9
 0001:00016794 0000000E C=CODE     S=.text    G=(none)   M=cxSchedulerRecurrenceEditor ACBP=A9
 0001:000167A4 0000000E C=CODE     S=.text    G=(none)   M=cxSchedulerEventEditor ACBP=A9
 0001:000167B4 0000000E C=CODE     S=.text    G=(none)   M=cxSchedulerGoToDateDialog ACBP=A9
 0001:000167C4 0000000E C=CODE     S=.text    G=(none)   M=cxSchedulerCustomResourceView ACBP=A9
 0001:000167D4 0000000E C=CODE     S=.text    G=(none)   M=cxSchedulerDateNavigator ACBP=A9
 0001:000167E4 0000000E C=CODE     S=.text    G=(none)   M=cxSchedulerTimeGridView ACBP=A9
 0001:000167F4 0000000E C=CODE     S=.text    G=(none)   M=cxSchedulerGanttView ACBP=A9
 0001:00016804 0000000E C=CODE     S=.text    G=(none)   M=cxSchedulerWeekView ACBP=A9
 0001:00016814 0000000E C=CODE     S=.text    G=(none)   M=cxSchedulerDayView ACBP=A9
 0001:00016824 0000000E C=CODE     S=.text    G=(none)   M=cxSchedulerResourcesLayoutEditor ACBP=A9
 0001:00016834 0000000E C=CODE     S=.text    G=(none)   M=cxSchedulerDBStorage ACBP=A9
 0001:00016844 0000000E C=CODE     S=.text    G=(none)   M=cxSchedulercxGridConnection ACBP=A9
 0001:00016854 0000000E C=CODE     S=.text    G=(none)   M=cxSchedulerAggregateStorage ACBP=A9
 0001:00016864 0000000E C=CODE     S=.text    G=(none)   M=cxDateNavigator ACBP=A9
 0001:00016874 0000000E C=CODE     S=.text    G=(none)   M=cxTLStrs ACBP=A9
 0001:00016884 0000000E C=CODE     S=.text    G=(none)   M=cxTL     ACBP=A9
 0001:00016894 0000000E C=CODE     S=.text    G=(none)   M=cxTLData ACBP=A9
 0001:000168A4 0000000E C=CODE     S=.text    G=(none)   M=cxDBTL   ACBP=A9
 0001:000168B4 0000000E C=CODE     S=.text    G=(none)   M=cxVGrid  ACBP=A9
 0001:000168C4 0000000E C=CODE     S=.text    G=(none)   M=cxVGridUtils ACBP=A9
 0001:000168D4 0000000E C=CODE     S=.text    G=(none)   M=cxVGridNewCategory ACBP=A9
 0001:000168E4 0000000E C=CODE     S=.text    G=(none)   M=cxVGridConsts ACBP=A9
 0001:000168F4 0000000E C=CODE     S=.text    G=(none)   M=cxVGridViewInfo ACBP=A9
 0001:00016904 0000000E C=CODE     S=.text    G=(none)   M=cxDBVGrid ACBP=A9
 0001:00016914 0000000E C=CODE     S=.text    G=(none)   M=cxOI     ACBP=A9
 0001:00016924 0000000E C=CODE     S=.text    G=(none)   M=cxOICollectionEd ACBP=A9
 0001:00016934 0000000E C=CODE     S=.text    G=(none)   M=cxOIPictureEd ACBP=A9
 0001:00016944 0000000E C=CODE     S=.text    G=(none)   M=cxOIStringsEd ACBP=A9
 0001:00016954 0000000E C=CODE     S=.text    G=(none)   M=MPlayer  ACBP=A9
 0001:00016964 0000000E C=CODE     S=.text    G=(none)   M=cxDBShellComboBox ACBP=A9
 0001:00016974 0000000E C=CODE     S=.text    G=(none)   M=cxShellComboBox ACBP=A9
 0001:00016984 0000000E C=CODE     S=.text    G=(none)   M=cxShellEditRepositoryItems ACBP=A9
 0001:00016994 0000000E C=CODE     S=.text    G=(none)   M=dxorgchr ACBP=A9
 0001:000169A4 0000000E C=CODE     S=.text    G=(none)   M=dxdborgc ACBP=A9
 0001:000169B4 0000000E C=CODE     S=.text    G=(none)   M=dxorgced ACBP=A9
 0001:000169C4 0000000E C=CODE     S=.text    G=(none)   M=dxorgchrstrs ACBP=A9
 0001:000169D4 0000000E C=CODE     S=.text    G=(none)   M=DBTables ACBP=A9
 0001:000169E4 0000000E C=CODE     S=.text    G=(none)   M=SMINTF   ACBP=A9
 0001:000169F4 0000000E C=CODE     S=.text    G=(none)   M=BDE      ACBP=A9
 0001:00016A04 0000000E C=CODE     S=.text    G=(none)   M=bdeconst ACBP=A9
 0001:00016A14 0000000E C=CODE     S=.text    G=(none)   M=cxGridLayoutViewCustomizationForm ACBP=A9
 0001:00016A24 0000000E C=CODE     S=.text    G=(none)   M=cxGridLayoutView ACBP=A9
 0001:00016A34 0000000E C=CODE     S=.text    G=(none)   M=cxLayoutViewEditor ACBP=A9
 0001:00016A44 0000000E C=CODE     S=.text    G=(none)   M=cxCustomTableViewEditor ACBP=A9
 0001:00016A54 0000000E C=CODE     S=.text    G=(none)   M=cxViewEditor ACBP=A9
 0001:00016A64 0000000E C=CODE     S=.text    G=(none)   M=cxDesignWindows ACBP=A9
 0001:00016A74 0000000E C=CODE     S=.text    G=(none)   M=DesignConst ACBP=A9
 0001:00016A84 0000000E C=CODE     S=.text    G=(none)   M=ComponentDesigner ACBP=A9
 0001:00016A94 0000000E C=CODE     S=.text    G=(none)   M=EditIntf ACBP=A9
 0001:00016AA4 0000000E C=CODE     S=.text    G=(none)   M=VirtIntf ACBP=A9
 0001:00016AB4 0000000E C=CODE     S=.text    G=(none)   M=Events   ACBP=A9
 0001:00016AC4 0000000E C=CODE     S=.text    G=(none)   M=ToolUtils ACBP=A9
 0001:00016AD4 0000000E C=CODE     S=.text    G=(none)   M=DesignIntf ACBP=A9
 0001:00016AE4 0000000E C=CODE     S=.text    G=(none)   M=DesignMenus ACBP=A9
 0001:00016AF4 0000000E C=CODE     S=.text    G=(none)   M=ToolsAPI ACBP=A9
 0001:00016B04 0000000E C=CODE     S=.text    G=(none)   M=Update   ACBP=A9
 0001:00016B14 0000000E C=CODE     S=.text    G=(none)   M=LibConst ACBP=A9
 0001:00016B24 0000000E C=CODE     S=.text    G=(none)   M=DesignEditors ACBP=A9
 0001:00016B34 0000000E C=CODE     S=.text    G=(none)   M=Proxies  ACBP=A9
 0001:00016B44 0000000E C=CODE     S=.text    G=(none)   M=Designer ACBP=A9
 0001:00016B54 0000000E C=CODE     S=.text    G=(none)   M=StFilSys ACBP=A9
 0001:00016B64 0000000E C=CODE     S=.text    G=(none)   M=IStreams ACBP=A9
 0001:00016B74 0000000E C=CODE     S=.text    G=(none)   M=AxCtrls  ACBP=A9
 0001:00016B84 0000000E C=CODE     S=.text    G=(none)   M=TopLevels ACBP=A9
 0001:00016B94 0000000E C=CODE     S=.text    G=(none)   M=TreeIntf ACBP=A9
 0001:00016BA4 0000000E C=CODE     S=.text    G=(none)   M=DesignWindows ACBP=A9
 0001:00016BB4 0000000E C=CODE     S=.text    G=(none)   M=VCLEditors ACBP=A9
 0001:00016BC4 0000000E C=CODE     S=.text    G=(none)   M=cxLibraryReg ACBP=A9
 0001:00016BD4 0000000E C=CODE     S=.text    G=(none)   M=dxCoreReg ACBP=A9
 0001:00016BE4 0000000E C=CODE     S=.text    G=(none)   M=cxImageListEditor ACBP=A9
 0001:00016BF4 0000000E C=CODE     S=.text    G=(none)   M=cxImageListEditorView ACBP=A9
 0001:00016C04 0000000E C=CODE     S=.text    G=(none)   M=cxStyleRepositoryEditor ACBP=A9
 0001:00016C14 0000000E C=CODE     S=.text    G=(none)   M=cxStyleSheetsLoad ACBP=A9
 0001:00016C24 0000000E C=CODE     S=.text    G=(none)   M=cxStyleSheetEditor ACBP=A9
 0001:00016C34 0000000E C=CODE     S=.text    G=(none)   M=PicEdit  ACBP=A9
 0001:00016C44 0000000E C=CODE     S=.text    G=(none)   M=LibHelp  ACBP=A9
 0001:00016C54 0000000E C=CODE     S=.text    G=(none)   M=cxPropertiesStoreEditor ACBP=A9
 0001:00016C64 0000000E C=CODE     S=.text    G=(none)   M=cxPropertiesStore ACBP=A9
 0001:00016C74 0000000E C=CODE     S=.text    G=(none)   M=dxScreenTipRepositoryEditor ACBP=A9
 0001:00016C84 0000000E C=CODE     S=.text    G=(none)   M=cxComponentCollectionEditor ACBP=A9
 0001:00016C94 0000000E C=CODE     S=.text    G=(none)   M=ColnEdit ACBP=A9
 0001:00016CA4 0000000E C=CODE     S=.text    G=(none)   M=ActnPopup ACBP=A9
 0001:00016CB4 0000000E C=CODE     S=.text    G=(none)   M=ActnCtrls ACBP=A9
 0001:00016CC4 0000000E C=CODE     S=.text    G=(none)   M=GraphUtil ACBP=A9
 0001:00016CD4 0000000E C=CODE     S=.text    G=(none)   M=ActnMan  ACBP=A9
 0001:00016CE4 0000000E C=CODE     S=.text    G=(none)   M=ActnColorMaps ACBP=A9
 0001:00016CF4 0000000E C=CODE     S=.text    G=(none)   M=ActnMenus ACBP=A9
 0001:00016D04 0000000E C=CODE     S=.text    G=(none)   M=ShadowWnd ACBP=A9
 0001:00016D14 0000000E C=CODE     S=.text    G=(none)   M=XPActnCtrls ACBP=A9
 0001:00016D24 0000000E C=CODE     S=.text    G=(none)   M=ToolWnds ACBP=A9
 0001:00016D34 0000000E C=CODE     S=.text    G=(none)   M=cxPropEditors ACBP=A9
 0001:00016D44 0000000E C=CODE     S=.text    G=(none)   M=cxGridViewLayoutEditor ACBP=A9
 0001:00016D54 0000000E C=CODE     S=.text    G=(none)   M=cxGridStructureNavigator ACBP=A9
 0001:00016D64 0000000E C=CODE     S=.text    G=(none)   M=cxGridEditor ACBP=A9
 0001:00016D74 0000000E C=CODE     S=.text    G=(none)   M=cxGridDBTableView ACBP=A9
 0001:00016D84 0000000E C=CODE     S=.text    G=(none)   M=cxGridDBLayoutView ACBP=A9
 0001:00016D94 0000000E C=CODE     S=.text    G=(none)   M=cxGridDBBandedTableView ACBP=A9
 0001:00016DA4 0000000E C=CODE     S=.text    G=(none)   M=cxGridDBCardView ACBP=A9
 0001:00016DB4 0000000E C=CODE     S=.text    G=(none)   M=cxGridDBChartView ACBP=A9
 0001:00016DC4 0000000E C=CODE     S=.text    G=(none)   M=cxPivotGridDesigner ACBP=A9
 0001:00016DD4 0000000E C=CODE     S=.text    G=(none)   M=cxPivotGridPredefinedStyles ACBP=A9
 0001:00016DE4 0000000E C=CODE     S=.text    G=(none)   M=cxPivotGridStyleSheetsPreview ACBP=A9
 0001:00016DF4 0000000E C=CODE     S=.text    G=(none)   M=cxExportPivotGridLink ACBP=A9
 0001:00016E04 0000000E C=CODE     S=.text    G=(none)   M=cxExportStrs ACBP=A9
 0001:00016E14 0000000E C=CODE     S=.text    G=(none)   M=cxExport ACBP=A9
 0001:00016E24 0000000E C=CODE     S=.text    G=(none)   M=cxHtmlXmlTxtExport ACBP=A9
 0001:00016E34 0000000E C=CODE     S=.text    G=(none)   M=cxXLSExport ACBP=A9
 0001:00016E44 0000000E C=CODE     S=.text    G=(none)   M=cxSSheet ACBP=A9
 0001:00016E54 0000000E C=CODE     S=.text    G=(none)   M=cxSSHistory ACBP=A9
 0001:00016E64 0000000E C=CODE     S=.text    G=(none)   M=cxSSRes  ACBP=A9
 0001:00016E74 0000000E C=CODE     S=.text    G=(none)   M=cxSSTypes ACBP=A9
 0001:00016E84 0000000E C=CODE     S=.text    G=(none)   M=cxSSData ACBP=A9
 0001:00016E94 0000000E C=CODE     S=.text    G=(none)   M=cxExcelConst ACBP=A9
 0001:00016EA4 0000000E C=CODE     S=.text    G=(none)   M=cxSSUtils ACBP=A9
 0001:00016EB4 0000000E C=CODE     S=.text    G=(none)   M=cxSSStyles ACBP=A9
 0001:00016EC4 0000000E C=CODE     S=.text    G=(none)   M=cxSSIntf ACBP=A9
 0001:00016ED4 0000000E C=CODE     S=.text    G=(none)   M=cxSSPainterWrapper ACBP=A9
 0001:00016EE4 0000000E C=CODE     S=.text    G=(none)   M=cxSSHeaders ACBP=A9
 0001:00016EF4 0000000E C=CODE     S=.text    G=(none)   M=cxSSViewInfo ACBP=A9
 0001:00016F04 0000000E C=CODE     S=.text    G=(none)   M=cxSSFormulas ACBP=A9
 0001:00016F14 0000000E C=CODE     S=.text    G=(none)   M=cxExcelFormulas ACBP=A9
 0001:00016F24 0000000E C=CODE     S=.text    G=(none)   M=cxExcelAccess ACBP=A9
 0001:00016F34 0000000E C=CODE     S=.text    G=(none)   M=cxSSEditors ACBP=A9
 0001:00016F44 0000000E C=CODE     S=.text    G=(none)   M=cxSSPainters ACBP=A9
 0001:00016F54 0000000E C=CODE     S=.text    G=(none)   M=cxSSDesigner ACBP=A9
 0001:00016F64 0000000E C=CODE     S=.text    G=(none)   M=cxSSColorBox ACBP=A9
 0001:00016F74 0000000E C=CODE     S=.text    G=(none)   M=cxSSCtrls ACBP=A9
 0001:00016F84 0000000E C=CODE     S=.text    G=(none)   M=cxTLPredefinedStyles ACBP=A9
 0001:00016F94 0000000E C=CODE     S=.text    G=(none)   M=cxTLStyleSheetPreview ACBP=A9
 0001:00016FA4 0000000E C=CODE     S=.text    G=(none)   M=dxtree   ACBP=A9
 0001:00016FB4 0000000E C=CODE     S=.text    G=(none)   M=dxdbtree ACBP=A9
 0001:00016FC4 0000000E C=CODE     S=.text    G=(none)   M=dxlocate ACBP=A9
 0001:00016FD4 0000000E C=CODE     S=.text    G=(none)   M=dxDockControl ACBP=A9
 0001:00016FE4 0000000E C=CODE     S=.text    G=(none)   M=dxDockConsts ACBP=A9
 0001:00016FF4 0000000E C=CODE     S=.text    G=(none)   M=dxDockStyleVS2005 ACBP=A9
 0001:00017004 0000000E C=CODE     S=.text    G=(none)   M=dxDockZones ACBP=A9
 0001:00017014 0000000E C=CODE     S=.text    G=(none)   M=dxDockPanel ACBP=A9
 0001:00017024 0000000E C=CODE     S=.text    G=(none)   M=dxDockControlOfficeView ACBP=A9
 0001:00017034 0000000E C=CODE     S=.text    G=(none)   M=dxDockControlNETView ACBP=A9
 0001:00017044 0000000E C=CODE     S=.text    G=(none)   M=dxDockControlXPView ACBP=A9
 0001:00017054 0000000E C=CODE     S=.text    G=(none)   M=dxdbtrel ACBP=A9
 0001:00017064 0000000E C=CODE     S=.text    G=(none)   M=dxflchrt ACBP=A9
 0001:00017074 0000000E C=CODE     S=.text    G=(none)   M=dxLines  ACBP=A9
 0001:00017084 0000000E C=CODE     S=.text    G=(none)   M=dxLayoutLookAndFeelListDesignForm ACBP=A9
 0001:00017094 0000000E C=CODE     S=.text    G=(none)   M=dxLayoutImport ACBP=A9
 0001:000170A4 0000000E C=CODE     S=.text    G=(none)   M=dxNavBar ACBP=A9
 0001:000170B4 0000000E C=CODE     S=.text    G=(none)   M=dxNavBarConsts ACBP=A9
 0001:000170C4 0000000E C=CODE     S=.text    G=(none)   M=dxNavBarStyles ACBP=A9
 0001:000170D4 0000000E C=CODE     S=.text    G=(none)   M=dxNavBarBase ACBP=A9
 0001:000170E4 0000000E C=CODE     S=.text    G=(none)   M=dxNavBarCollns ACBP=A9
 0001:000170F4 0000000E C=CODE     S=.text    G=(none)   M=dxNavBarVistaViews ACBP=A9
 0001:00017104 0000000E C=CODE     S=.text    G=(none)   M=dxNavBarOffice11Views ACBP=A9
 0001:00017114 0000000E C=CODE     S=.text    G=(none)   M=dxNavBarExplorerViews ACBP=A9
 0001:00017124 0000000E C=CODE     S=.text    G=(none)   M=dxNavBarCustomPainters ACBP=A9
 0001:00017134 0000000E C=CODE     S=.text    G=(none)   M=dxNavBarGraphics ACBP=A9
 0001:00017144 0000000E C=CODE     S=.text    G=(none)   M=dxNavBarViewsFact ACBP=A9
 0001:00017154 0000000E C=CODE     S=.text    G=(none)   M=dxNavBarOfficeViews ACBP=A9
 0001:00017164 0000000E C=CODE     S=.text    G=(none)   M=dxNavBarBaseViews ACBP=A9
 0001:00017174 0000000E C=CODE     S=.text    G=(none)   M=dxNavBarAccessibility ACBP=A9
 0001:00017184 0000000E C=CODE     S=.text    G=(none)   M=dxNavBarXPViews ACBP=A9
 0001:00017194 0000000E C=CODE     S=.text    G=(none)   M=dxNavBarSkinBasedViews ACBP=A9
 0001:000171A4 0000000E C=CODE     S=.text    G=(none)   M=dxNavBarVSToolBoxViews ACBP=A9
 0001:000171B4 0000000E C=CODE     S=.text    G=(none)   M=dxNavBarOffice12Views ACBP=A9
 0001:000171C4 0000000E C=CODE     S=.text    G=(none)   M=dxNavBarCustomization ACBP=A9
 0001:000171D4 0000000E C=CODE     S=.text    G=(none)   M=dxNavBarGroupItems ACBP=A9
 0001:000171E4 0000000E C=CODE     S=.text    G=(none)   M=dxNavBarDsgnConsts ACBP=A9
 0001:000171F4 0000000E C=CODE     S=.text    G=(none)   M=dxfmNavBarDsgnEditor ACBP=A9
 0001:00017204 0000000E C=CODE     S=.text    G=(none)   M=dxNavBarDsgnUtils ACBP=A9
 0001:00017214 0000000E C=CODE     S=.text    G=(none)   M=dxsbar   ACBP=A9
 0001:00017224 0000000E C=CODE     S=.text    G=(none)   M=untEasyClientDataSet ACBP=A9
 0001:00017234 0000000E C=CODE     S=.text    G=(none)   M=untEasyShape ACBP=A9
 0001:00017244 0000000E C=CODE     S=.text    G=(none)   M=cxEasyBlobFileEdit ACBP=A9
 0001:00017254 0000000E C=CODE     S=.text    G=(none)   M=cxEasyFile ACBP=A9
 0001:00017264 00001D64 C=CODE     S=.text    G=(none)   M=untEasyStdCmpsReg ACBP=A9
 0001:00018FC8 00000398 C=CODE     S=.text    G=(none)   M=untEasyLockApp ACBP=A9
 0001:00019360 00000674 C=CODE     S=.text    G=(none)   M=untEasyPlateChangePS ACBP=A9
 0001:000199D4 00000B1C C=CODE     S=.text    G=(none)   M=untEasySelectCMD ACBP=A9
 0001:0001A4F0 0000000E C=CODE     S=.text    G=(none)   M=ap_Classes ACBP=A9
 0001:0001A500 0000000E C=CODE     S=.text    G=(none)   M=ap_Types ACBP=A9
 0001:0001A510 0000000E C=CODE     S=.text    G=(none)   M=ap_System ACBP=A9
 0001:0001A520 0000464A C=CODE     S=.text    G=(none)   M=ap_DBClient ACBP=A9
 0001:0001EB6C 0000093B C=CODE     S=.text    G=(none)   M=untEasyInitCommonScript ACBP=A9
 0001:0001F4A8 00000016 C=CODE     S=.text    G=(none)   M=untEasyIODFM ACBP=A9
 0001:0001F4C0 00000DCC C=CODE     S=.text    G=(none)   M=untEasyRefreshFormCache ACBP=A9
 0001:0002028C 00009218 C=CODE     S=.text    G=(none)   M=untEasyPlateClient ACBP=A9
 0001:000294A4 00000038 C=CODE     S=.text    G=(none)   M=untEasyPlateClientUtil ACBP=A9
 0001:000294DC 0000000E C=CODE     S=.text    G=(none)   M=MidasSpeedFix ACBP=A9
 0001:000294EC 00001865 C=CODE     S=.text    G=(none)   M=EasyPlateClient ACBP=A9
 0002:00000000 0000001C C=DATA     S=.data    G=DGROUP   M=SysInit  ACBP=A9
 0002:0000001C 0000008F C=DATA     S=.data    G=DGROUP   M=FastcodeCPUID ACBP=A9
 0002:000000AC 00000028 C=DATA     S=.data    G=DGROUP   M=FastcodeAnsiStringReplaceUnit ACBP=A9
 0002:000000D4 00000028 C=DATA     S=.data    G=DGROUP   M=FastcodePosUnit ACBP=A9
 0002:000000FC 00000028 C=DATA     S=.data    G=DGROUP   M=FastcodePosExUnit ACBP=A9
 0002:00000124 00000140 C=DATA     S=.data    G=DGROUP   M=FastcodeLowerCaseUnit ACBP=A9
 0002:00000264 00000088 C=DATA     S=.data    G=DGROUP   M=FastcodeUpperCaseUnit ACBP=A9
 0002:000002EC 00000028 C=DATA     S=.data    G=DGROUP   M=FastcodeCompareStrUnit ACBP=A9
 0002:00000314 00000028 C=DATA     S=.data    G=DGROUP   M=FastcodeCompareMemUnit ACBP=A9
 0002:0000033C 00000028 C=DATA     S=.data    G=DGROUP   M=FastcodeCompareTextUnit ACBP=A9
 0002:00000364 00000028 C=DATA     S=.data    G=DGROUP   M=FastcodeStrCompUnit ACBP=A9
 0002:0000038C 00000028 C=DATA     S=.data    G=DGROUP   M=FastcodeStrCopyUnit ACBP=A9
 0002:000003B4 00000128 C=DATA     S=.data    G=DGROUP   M=FastcodeStrICompUnit ACBP=A9
 0002:000004DC 00000028 C=DATA     S=.data    G=DGROUP   M=FastCodeStrLenUnit ACBP=A9
 0002:00000504 00000028 C=DATA     S=.data    G=DGROUP   M=FastcodeFillCharUnit ACBP=A9
 0002:0000052C 00000028 C=DATA     S=.data    G=DGROUP   M=FastcodeStrToInt32Unit ACBP=A9
 0002:00000554 00000038 C=DATA     S=.data    G=DGROUP   M=Fastcode ACBP=A9
 0002:0000058C 00000008 C=DATA     S=.data    G=DGROUP   M=cxBarEditItem ACBP=A9
 0002:00000594 00000008 C=DATA     S=.data    G=DGROUP   M=dxSkinBlue ACBP=A9
 0002:0000059C 00000008 C=DATA     S=.data    G=DGROUP   M=dxSkinCaramel ACBP=A9
 0002:000005A4 00000008 C=DATA     S=.data    G=DGROUP   M=untEasyPlateClient ACBP=A9
 0002:00001000 00000010 C=BSS      S=.bss     G=DGROUP   M=SysInit  ACBP=A9
 0002:00001010 00000020 C=BSS      S=.bss     G=DGROUP   M=FastcodeCPUID ACBP=A9
 0002:00001030 00000004 C=BSS      S=.bss     G=DGROUP   M=Windows  ACBP=A9
 0002:00001034 00000004 C=BSS      S=.bss     G=DGROUP   M=FastcodePatch ACBP=A9
 0002:00001038 00000108 C=BSS      S=.bss     G=DGROUP   M=AnsiStringReplaceJOHIA32Unit12 ACBP=A9
 0002:00001140 00000008 C=BSS      S=.bss     G=DGROUP   M=AnsiStringReplaceJOHPASUnit12 ACBP=A9
 0002:00001148 00000004 C=BSS      S=.bss     G=DGROUP   M=FastcodeAnsiStringReplaceUnit ACBP=A9
 0002:0000114C 00000004 C=BSS      S=.bss     G=DGROUP   M=FastcodePosUnit ACBP=A9
 0002:00001150 00000004 C=BSS      S=.bss     G=DGROUP   M=FastcodePosExUnit ACBP=A9
 0002:00001154 00000004 C=BSS      S=.bss     G=DGROUP   M=FastcodeLowerCaseUnit ACBP=A9
 0002:00001158 00000008 C=BSS      S=.bss     G=DGROUP   M=FastcodeUpperCaseUnit ACBP=A9
 0002:00001160 00000004 C=BSS      S=.bss     G=DGROUP   M=FastcodeCompareStrUnit ACBP=A9
 0002:00001164 00000004 C=BSS      S=.bss     G=DGROUP   M=FastcodeCompareMemUnit ACBP=A9
 0002:00001168 00000004 C=BSS      S=.bss     G=DGROUP   M=FastcodeCompareTextUnit ACBP=A9
 0002:0000116C 00000004 C=BSS      S=.bss     G=DGROUP   M=FastcodeStrCompUnit ACBP=A9
 0002:00001170 00000004 C=BSS      S=.bss     G=DGROUP   M=FastcodeStrCopyUnit ACBP=A9
 0002:00001174 00000004 C=BSS      S=.bss     G=DGROUP   M=FastcodeStrICompUnit ACBP=A9
 0002:00001178 00000004 C=BSS      S=.bss     G=DGROUP   M=FastCodeStrLenUnit ACBP=A9
 0002:0000117C 00000004 C=BSS      S=.bss     G=DGROUP   M=FastcodeFillCharUnit ACBP=A9
 0002:00001180 00000004 C=BSS      S=.bss     G=DGROUP   M=FastcodeStrToInt32Unit ACBP=A9
 0002:00001184 00000004 C=BSS      S=.bss     G=DGROUP   M=Fastcode ACBP=A9
 0002:00001188 00000004 C=BSS      S=.bss     G=DGROUP   M=Messages ACBP=A9
 0002:0000118C 00000004 C=BSS      S=.bss     G=DGROUP   M=CommCtrl ACBP=A9
 0002:00001190 00000004 C=BSS      S=.bss     G=DGROUP   M=Imm      ACBP=A9
 0002:00001194 00000004 C=BSS      S=.bss     G=DGROUP   M=UrlMon   ACBP=A9
 0002:00001198 00000004 C=BSS      S=.bss     G=DGROUP   M=WinInet  ACBP=A9
 0002:0000119C 00000004 C=BSS      S=.bss     G=DGROUP   M=RegStr   ACBP=A9
 0002:000011A0 00000004 C=BSS      S=.bss     G=DGROUP   M=ShellAPI ACBP=A9
 0002:000011A4 00000004 C=BSS      S=.bss     G=DGROUP   M=ShlObj   ACBP=A9
 0002:000011A8 00000004 C=BSS      S=.bss     G=DGROUP   M=WinSpool ACBP=A9
 0002:000011AC 00000004 C=BSS      S=.bss     G=DGROUP   M=CommDlg  ACBP=A9
 0002:000011B0 00000004 C=BSS      S=.bss     G=DGROUP   M=Dlgs     ACBP=A9
 0002:000011B4 00000004 C=BSS      S=.bss     G=DGROUP   M=RichEdit ACBP=A9
 0002:000011B8 00000070 C=BSS      S=.bss     G=DGROUP   M=VCLFixPack ACBP=A9
 0002:00001228 00000004 C=BSS      S=.bss     G=DGROUP   M=OleDlg   ACBP=A9
 0002:0000122C 00000004 C=BSS      S=.bss     G=DGROUP   M=WinSock  ACBP=A9
 0002:00001230 00000004 C=BSS      S=.bss     G=DGROUP   M=TlHelp32 ACBP=A9
 0002:00001234 00000004 C=BSS      S=.bss     G=DGROUP   M=MMSystem ACBP=A9
 0002:00001238 00000004 C=BSS      S=.bss     G=DGROUP   M=cxBarEditItemValueEditor ACBP=A9
 0002:0000123C 00000018 C=BSS      S=.bss     G=DGROUP   M=cxBarEditItem ACBP=A9
 0002:00001254 00000004 C=BSS      S=.bss     G=DGROUP   M=dxSkinBlue ACBP=A9
 0002:00001258 00000004 C=BSS      S=.bss     G=DGROUP   M=dxSkinCaramel ACBP=A9
 0002:0000125C 00000008 C=BSS      S=.bss     G=DGROUP   M=cxPCdxBarPopupMenu ACBP=A9
 0002:00001264 00000004 C=BSS      S=.bss     G=DGROUP   M=dxTabbedMDIStrs ACBP=A9
 0002:00001268 00000008 C=BSS      S=.bss     G=DGROUP   M=dxTabbedMDI ACBP=A9
 0002:00001270 00000008 C=BSS      S=.bss     G=DGROUP   M=untEasyLoginMain ACBP=A9
 0002:00001278 00000008 C=BSS      S=.bss     G=DGROUP   M=untEasyPlateLoading ACBP=A9
 0002:00001280 00000004 C=BSS      S=.bss     G=DGROUP   M=untEasyStdCmpsReg ACBP=A9
 0002:00001284 00000008 C=BSS      S=.bss     G=DGROUP   M=untEasyLockApp ACBP=A9
 0002:0000128C 00000008 C=BSS      S=.bss     G=DGROUP   M=untEasyPlateChangePS ACBP=A9
 0002:00001294 00000008 C=BSS      S=.bss     G=DGROUP   M=untEasySelectCMD ACBP=A9
 0002:0000129C 00000004 C=BSS      S=.bss     G=DGROUP   M=ap_DBClient ACBP=A9
 0002:000012A0 00000010 C=BSS      S=.bss     G=DGROUP   M=untEasyInitCommonScript ACBP=A9
 0002:000012B0 00000008 C=BSS      S=.bss     G=DGROUP   M=untEasyRefreshFormCache ACBP=A9
 0002:000012B8 0000001C C=BSS      S=.bss     G=DGROUP   M=untEasyPlateClient ACBP=A9
 0002:000012D4 00000004 C=BSS      S=.bss     G=DGROUP   M=untEasyPlateClientUtil ACBP=A9


  Address         Publics by Name

 0002:00001160       .1
 0002:00001168       .1
 0002:000011B8       .1
 0002:000011B4       .1
 0002:000011B0       .1
 0002:000011AC       .1
 0002:00001264       .1
 0002:000012D4       .1
 0002:000011A4       .1
 0002:00001164       .1
 0002:0000114C       .1
 0002:0000116C       .1
 0002:00001238       .1
 0002:00001170       .1
 0002:00001174       .1
 0002:00001230       .1
 0002:00001148       .1
 0002:0000122C       .1
 0002:00001228       .1
 0002:00001178       .1
 0002:0000117C       .1
 0002:0000102C       .1
 0002:00001180       .1
 0002:00001184       .1
 0002:00001140       .1
 0002:00001188       .1
 0002:0000118C       .1
 0002:00001038       .1
 0002:00001154       .1
 0002:00001190       .1
 0002:00001194       .1
 0002:00001198       .1
 0002:00001008       .1
 0002:00001034       .1
 0002:00001150       .1
 0002:00001280       .1
 0002:0000119C       .1
 0002:00001158       .1
 0002:000011A0       .1
 0002:000012BC       .2
 0002:000012B4       .2
 0002:00001298       .2
 0002:00001290       .2
 0002:0000125C       .2
 0002:00001258       .2
 0002:00001254       .2
 0002:0000127C       .2
 0002:00001274       .2
 0002:00001288       .2
 0002:00001030       .3
 0002:000011A8       .3
 0002:000012A0       .4
 0002:0000123C       .5
 0002:0000129C       .6
 0002:00001268       .6
 0002:00001234       .7
 0001:000002C8       @GetTls
 0001:00000314       @InitExe
 0002:000012D0       AInitCommonScript
 0001:00005D24       AlignWork
 0001:00000270       AllocTlsBuffer
 0001:00001248       AnsiPosExIC
 0001:000016C0       AnsiStringReplaceJOHIA32Unit12
 0001:0000170C       AnsiStringReplaceJOHPASUnit12
 0001:00001724       AnsiStringReplaceStub
 0002:0000103C       AnsiUpcase
 0002:0000120C       AppCancelHintHook
 0001:00006F1C       Application_CancelHint
 0002:00001260       APreviousMenuClass
 0001:0001EB54       ap_DBClient
 0002:0000014C       AsciiLowerCase
 0002:000012A8       AScriptBplList
 0002:000012A4       AScriptBplList_DLL
 0002:0000058C       AShowParams
 0001:0000D6EC       AssignEditEvents
 0002:000012C0       ATmpCds
 0002:0000028C       B05
 0002:000002D4       B05
 0002:000002BC       B05
 0002:000002AC       B20
 0002:000002E4       B20
 0002:0000025C       B20
 0002:000002CC       B20
 0002:0000024C       B25
 0002:000002C4       B65
 0002:0000029C       B65
 0002:00000254       B65
 0002:000002DC       B65
 0002:000011C8       BackupAlignControl
 0002:000011EC       BackupDefaultHandler
 0002:000011D8       BackupSetBounds
 0002:000011D0       BackupWMSize
 0001:00000D98       BeginPaint
 0001:000067C4       CalcFreeInstBlockItems
 0001:00000DA0       CallWindowProc
 0001:0000DC0C       CanHotTrack
 0001:00000DA8       CharUpperBuffA
 0001:00014070       CheckMaximized
 0001:00020F60       ChineseUpperMoney
 0001:00006764       CleanupInstFreeList
 0001:0000A21C       ClearPublishedEvents
 0001:00000CE0       CloseHandle
 0001:00000DB0       CloseWindow
 0001:00000D78       CombineRgn
 0001:00004BA4       CommCtrl
 0001:00004E3C       CommDlg
 0001:00002A0C       CompareMemStub
 0001:0000274C       CompareMem_DKC_SSE2_1
 0001:000027FC       CompareMem_DKC_SSE2_6
 0001:0000264C       CompareMem_DKC_SSE3_2
 0001:000028D4       CompareMem_JOH_IA32_1
 0001:00002938       CompareMem_PLR_IA32_1
 0001:000029A0       CompareMem_PLR_IA32_2
 0001:0000260C       CompareStrStub
 0001:0000255C       CompareStr_PLR_IA32_12
 0001:000024BC       CompareStr_PLR_IA32_14
 0001:000023F0       CompareStr_PLR_IA32_16
 0001:00002458       CompareStr_PLR_IA32_17
 0001:00002CF4       CompareTextStub
 0001:00002B00       CompareText_JOH_IA32_5
 0001:00002A4C       CompareText_JOH_IA32_6
 0001:00002BB8       CompareText_Sha_IA32_3
 0002:00001010       CPU
 0001:0000A558       CreateButton
 0001:0000B974       CreateDefaultRepositoryItem
 0001:0000A300       CreateEdit
 0001:00015CB4       CreatePG
 0001:00015D44       CreatePG_Plug
 0001:00015DE4       CreatePG_Plug_File
 0001:00000D80       CreateRectRgnIndirect
 0001:0000A5B0       CreateSubControls
 0001:00006A18       CustomFormFocusControl
 0002:00001204       CustomFormFocusControlHook
 0001:0000F428       cxBarEditItem
 0001:0000A9C0       cxBarEditItemValueEditor
 0001:000106C0       cxPCdxBarPopupMenu
 0001:00005CA8       DebugLog
 0001:00011970       Default
 0001:00013DAC       Default
 0001:000121C0       Default
 0001:0000B98C       DefaultRepositoryItem
 0001:00000DB8       DefWindowProc
 0001:00004E74       Dlgs
 0001:00011AA8       DoChildActivate
 0001:00013FDC       DoClientSubclass
 0001:000123C4       DoDestroyWnd
 0001:00011B40       DoDestroyWnd
 0001:00012418       DoFocusChanged
 0001:00012378       DoKeyDown
 0001:000123A0       DoMDIChildCreate
 0001:00011B94       DoNCActivate
 0001:000121F0       DoNCCalcSize
 0001:00011A0C       DoNCCalcSize
 0001:00012260       DoNCPaint
 0001:000122E8       DoPaint
 0001:00011C24       DoSetIcon
 0001:00013DC8       DoSetText
 0001:00011C04       DoSetText
 0001:00011BB4       DoShowWindow
 0001:000117E8       DoSubclass
 0001:00011FA4       DoSubclass
 0001:000141F0       DoUnSubclass
 0001:0001181C       DoUnSubclass
 0001:0001211C       DoUnsubclass
 0001:0001198C       DoWindowPosMessage
 0001:0000FAB8       dxSkinBlue
 0001:00010148       dxSkinCaramel
 0001:000143E0       dxTabbedMDI
 0001:000110EC       dxTabbedMDICBTHook
 0002:0000126C       dxTabbedMDIManagers
 0001:00010770       dxTabbedMDIStrs
 0001:0002AD0C       EasyPlateClient
 0001:00017264       EasyRegisterAllClasses
 0001:000180F4       EasyUnRegisterAllClasses
 0001:0000B9A4       EditList
 0001:0000B9CC       EditorParentForm
 0001:00000DC0       EndPaint
 0001:0000C750       Equals
 0001:0000BA38       FakeWinControl
 0001:00003FCC       Fastcode
 0001:00000EFC       FastcodeAddressPatch
 0002:00000554       FastcodeAnsiStringReplace
 0002:000000BC       FastcodeAnsiStringReplaceAMD64
 0002:000000C0       FastcodeAnsiStringReplaceAMD64_SSE3
 0002:000000C4       FastcodeAnsiStringReplaceIA32
 0002:000000C8       FastcodeAnsiStringReplaceMMX
 0002:000000B0       FastcodeAnsiStringReplaceP4N
 0002:000000AC       FastcodeAnsiStringReplaceP4R
 0002:000000B8       FastcodeAnsiStringReplacePMD
 0002:000000B4       FastcodeAnsiStringReplacePMY
 0002:000000CC       FastcodeAnsiStringReplaceSSE
 0002:000000D0       FastcodeAnsiStringReplaceSSE2
 0001:0000175C       FastcodeAnsiStringReplaceUnit
 0002:00000558       FastcodeCompareMem
 0002:00000324       FastcodeCompareMemAMD64
 0002:00000328       FastcodeCompareMemAMD64_SSE3
 0002:0000032C       FastcodeCompareMemIA32
 0002:00000330       FastcodeCompareMemMMX
 0002:00000318       FastcodeCompareMemP4N
 0002:00000314       FastcodeCompareMemP4R
 0002:00000320       FastcodeCompareMemPMD
 0002:0000031C       FastcodeCompareMemPMY
 0002:00000334       FastcodeCompareMemSSE
 0002:00000338       FastcodeCompareMemSSE2
 0001:00002A44       FastcodeCompareMemUnit
 0002:0000055C       FastcodeCompareStr
 0002:000002FC       FastcodeCompareStrAMD64
 0002:00000300       FastcodeCompareStrAMD64_SSE3
 0002:00000304       FastcodeCompareStrIA32
 0002:00000308       FastcodeCompareStrMMX
 0002:000002F0       FastcodeCompareStrP4N
 0002:000002EC       FastcodeCompareStrP4R
 0002:000002F8       FastcodeCompareStrPMD
 0002:000002F4       FastcodeCompareStrPMY
 0002:0000030C       FastcodeCompareStrSSE
 0002:00000310       FastcodeCompareStrSSE2
 0001:00002644       FastcodeCompareStrUnit
 0002:00000560       FastcodeCompareText
 0002:0000034C       FastcodeCompareTextAMD64
 0002:00000350       FastcodeCompareTextAMD64_SSE3
 0002:00000354       FastcodeCompareTextIA32
 0002:00000358       FastcodeCompareTextMMX
 0002:00000340       FastcodeCompareTextP4N
 0002:0000033C       FastcodeCompareTextP4R
 0002:00000348       FastcodeCompareTextPMD
 0002:00000344       FastcodeCompareTextPMY
 0002:0000035C       FastcodeCompareTextSSE
 0002:00000360       FastcodeCompareTextSSE2
 0001:00002D2C       FastcodeCompareTextUnit
 0001:00000CB0       FastcodeCPUID
 0002:00000564       FastcodeFillChar
 0002:00000514       FastcodeFillCharAMD64
 0002:00000518       FastcodeFillCharAMD64_SSE3
 0002:0000051C       FastcodeFillCharIA32
 0002:00000520       FastcodeFillCharMMX
 0002:00000508       FastcodeFillCharP4N
 0002:00000504       FastcodeFillCharP4R
 0002:00000510       FastcodeFillCharPMD
 0002:0000050C       FastcodeFillCharPMY
 0002:00000524       FastcodeFillCharSSE
 0002:00000528       FastcodeFillCharSSE2
 0001:00003C60       FastcodeFillCharUnit
 0001:00000EDC       FastcodeGetAddress
 0002:00000568       FastcodeLowerCase
 0002:00000134       FastcodeLowerCaseAMD64
 0002:00000138       FastcodeLowerCaseAMD64_SSE3
 0002:0000013C       FastcodeLowerCaseIA32
 0002:00000140       FastcodeLowerCaseMMX
 0002:00000128       FastcodeLowerCaseP4N
 0002:00000124       FastcodeLowerCaseP4R
 0002:00000130       FastcodeLowerCasePMD
 0002:0000012C       FastcodeLowerCasePMY
 0002:00000144       FastcodeLowerCaseSSE
 0002:00000148       FastcodeLowerCaseSSE2
 0001:00001E88       FastcodeLowerCaseUnit
 0001:00000F84       FastcodePatch
 0002:0000056C       FastcodePos
 0002:000000E4       FastcodePosAMD64
 0002:000000E8       FastcodePosAMD64_SSE3
 0002:00000570       FastcodePosEx
 0002:0000010C       FastcodePosExAMD64
 0002:00000110       FastcodePosExAMD64_SSE3
 0002:00000114       FastcodePosExIA32
 0002:00000118       FastcodePosExMMX
 0002:00000100       FastcodePosExP4N
 0002:000000FC       FastcodePosExP4R
 0002:00000108       FastcodePosExPMD
 0002:00000104       FastcodePosExPMY
 0002:0000011C       FastcodePosExSSE
 0002:00000120       FastcodePosExSSE2
 0001:00001D20       FastcodePosExUnit
 0002:000000EC       FastcodePosIA32
[...]
   655 0001:00021FE6   656 0001:00021FFE   659 0001:0002200A   660 0001:00022028
   661 0001:00022066   664 0001:000220A0   665 0001:000220AF   666 0001:000220BB
   668 0001:000220CD   669 0001:000220F0   671 0001:000220F9   674 0001:000220FD
   675 0001:00022115   677 0001:00022121   685 0001:00022175   686 0001:0002218D
   688 0001:00022199   689 0001:000221BC   690 0001:000221F5   692 0001:00022206
   693 0001:0002220E   696 0001:00022239   698 0001:0002223B   699 0001:0002226E
   702 0001:00022307   705 0001:000224C4   706 0001:000224DE   707 0001:000224F0
   710 0001:000224FB   711 0001:00022513   714 0001:00022524   716 0001:0002252D
   717 0001:00022534   721 0001:00022546   724 0001:0002255A   725 0001:00022566
   726 0001:00022572   727 0001:0002257E   728 0001:0002258A   729 0001:00022596
   730 0001:000225A2   734 0001:000225AE   735 0001:000225C0   737 0001:000225CE
   739 0001:000225D3   740 0001:000225DD   742 0001:000225F3   744 0001:00022606
   745 0001:00022617   746 0001:00022628   747 0001:00022654   748 0001:00022656
   750 0001:000226A5   756 0001:00022780   757 0001:0002279E   759 0001:000227AC
   761 0001:000227BA   763 0001:000227F1   765 0001:00022819   766 0001:0002284F
   767 0001:0002285E   768 0001:0002286D   769 0001:0002287B   770 0001:0002288C
   773 0001:000228CE   774 0001:000228D6   779 0001:000228E6   781 0001:000228F4
   783 0001:00022902   784 0001:0002290C   786 0001:00022916   788 0001:00022920
   789 0001:0002292A   790 0001:00022934   792 0001:0002293E   794 0001:0002294C
   796 0001:00022956   798 0001:00022986   803 0001:000229E8   804 0001:000229EC
   805 0001:000229FA   806 0001:00022A16   807 0001:00022A28   808 0001:00022A35
   810 0001:00022A4D   812 0001:00022A64   815 0001:00022A68   816 0001:00022A85
   819 0001:00022A9C   821 0001:00022AA4   824 0001:00022AAC   826 0001:00022AB4
   828 0001:00022ACE   830 0001:00022AE5   832 0001:00022AED   834 0001:00022AF5
   836 0001:00022AFD   838 0001:00022B05   840 0001:00022B0D   841 0001:00022B15
   843 0001:00022B2C   846 0001:00022B43   847 0001:00022B52   848 0001:00022B63
   849 0001:00022B71   850 0001:00022BA0   851 0001:00022BA2   854 0001:00022BD4
   855 0001:00022BDC   858 0001:00022BE4   859 0001:00022C1B   861 0001:00022C2D
   862 0001:00022C3B   864 0001:00022C58   867 0001:00022C5D   869 0001:00022C65
   871 0001:00022C6D   873 0001:00022C75   875 0001:00022C82   876 0001:00022C90
   879 0001:00022C95   880 0001:00022C97   881 0001:00022CC7   887 0001:00022D10
   888 0001:00022D28   890 0001:00022D35   892 0001:00022D42   893 0001:00022D59
   894 0001:00022D6D   895 0001:00022D7E   896 0001:00022D8B   898 0001:00022DA8
   901 0001:00022DB6   902 0001:00022DF5   904 0001:00022DF7   905 0001:00022E0B
   909 0001:00022E17   911 0001:00022E19   912 0001:00022E30   913 0001:00022E5B
   916 0001:00022E74   918 0001:00022EA2   920 0001:00022EB3   922 0001:00022EBF
   924 0001:00022EC7   925 0001:00022F09   931 0001:00022F1A   933 0001:00022F2B
   934 0001:00022F32   936 0001:00022F4A   939 0001:00022F58   940 0001:00022F5F
   942 0001:00022F77   945 0001:00022FC2   957 0001:0002305C   960 0001:0002307F
   961 0001:000230A7   962 0001:000230B6   963 0001:000230C4   964 0001:000230CF
   966 0001:000230DF   967 0001:000230F3   968 0001:000230FD   970 0001:00023119
   971 0001:0002311D   974 0001:00023134   975 0001:00023168   976 0001:0002319B
   978 0001:000231B0   979 0001:000231D0   981 0001:00023251   978 0001:00023252
   982 0001:00023259   983 0001:00023264   984 0001:0002328E   985 0001:000232B2
   987 0001:000232F3   988 0001:000232F9   991 0001:0002334F   968 0001:00023352
   995 0001:00023360   997 0001:0002339D   999 0001:000233C0  1007 0001:0002341F
  1008 0001:00023426  1010 0001:0002343F  1011 0001:0002344E  1013 0001:00023476
  1016 0001:0002349C  1018 0001:000234D7  1023 0001:0002354E  1024 0001:00023556
  1028 0001:00023566  1029 0001:000235A3  1037 0001:000236E0  1039 0001:00023702
  1040 0001:00023712  1042 0001:0002372C  1044 0001:0002374F  1045 0001:0002375A
  1047 0001:00023770  1048 0001:00023788  1050 0001:000237A1  1052 0001:000237AB
  1045 0001:000237B6  1056 0001:000237B9  1057 0001:000237C4  1059 0001:000237DE
  1061 0001:000237F6  1064 0001:00023806  1066 0001:00023851  1068 0001:00023863
  1057 0001:0002386E  1071 0001:00023875  1072 0001:0002388A  1073 0001:00023897
  1075 0001:000238B2  1078 0001:000238C3  1080 0001:000238D9  1081 0001:00023901
  1082 0001:0002390C  1084 0001:00023917  1087 0001:0002392F  1073 0001:00023932
  1089 0001:00023939  1091 0001:0002394A  1093 0001:00023952  1094 0001:00023960
  1095 0001:0002396C  1098 0001:00023978  1099 0001:000239C3  1103 0001:00023A0C
  1105 0001:00023A15  1107 0001:00023A20  1109 0001:00023A38  1111 0001:00023A46
  1114 0001:00023A5C  1121 0001:00023A78  1124 0001:00023A87  1126 0001:00023A95
  1128 0001:00023AA1  1130 0001:00023AB4  1131 0001:00023AD5  1132 0001:00023AE0
  1135 0001:00023AEB  1136 0001:00023AF1  1139 0001:00023B06  1122 0001:00023B07
  1141 0001:00023B0A  1146 0001:00023B28  1148 0001:00023B42  1150 0001:00023B55
  1152 0001:00023B6D  1153 0001:00023B86  1155 0001:00023B98  1157 0001:00023BB5
  1158 0001:00023BC5  1159 0001:00023BE2  1164 0001:00023BF4  1165 0001:00023C2B
  1169 0001:00023C4D  1175 0001:00023CC4  1176 0001:00023CF0  1178 0001:00023CF4
  1180 0001:00023D03  1182 0001:00023D1F  1185 0001:00023D4F  1186 0001:00023D5F
  1187 0001:00023D63  1189 0001:00023D65  1180 0001:00023D66  1192 0001:00023D6B
  1194 0001:00023D7C  1196 0001:00023DA0  1197 0001:00023DAE  1198 0001:00023DBF
  1199 0001:00023DC3  1201 0001:00023DC5  1192 0001:00023DC6  1203 0001:00023DF6
  1206 0001:00023E00  1208 0001:00023E06  1209 0001:00023E15  1210 0001:00023E27
  1213 0001:00023E2C  1215 0001:00023E32  1216 0001:00023E41  1217 0001:00023E53
  1220 0001:00023E58  1222 0001:00023E5B  1223 0001:00023E66  1226 0001:00023E68
  1228 0001:00023E6B  1229 0001:00023E76  1232 0001:00023E78  1234 0001:00023E7B
  1235 0001:00023E80  1238 0001:00023E84  1240 0001:00023E8A  1241 0001:00023E9B
  1242 0001:00023EBA  1245 0001:00023EE0  1247 0001:00023EE3  1248 0001:00023EE8
  1251 0001:00023EEC  1253 0001:00023EF2  1254 0001:00023EF9  1255 0001:00023F00
  1260 0001:00023F04  1261 0001:00023F26  1262 0001:00023F3A  1261 0001:00023F5F
  1263 0001:00023F7F  1270 0001:00023F88  1271 0001:00023FAC  1272 0001:00023FD6
  1274 0001:00023FE6  1275 0001:00024013  1276 0001:00024022  1277 0001:00024030
  1278 0001:0002403B  1279 0001:0002404B  1280 0001:0002405B  1281 0001:00024069
  1282 0001:00024081  1283 0001:000240C3  1284 0001:000240C5  1287 0001:000240F4
  1290 0001:00024133  1295 0001:0002418C  1296 0001:000241A6  1297 0001:000241C5
  1298 0001:000241E0  1299 0001:000241EF  1300 0001:000241FD  1302 0001:00024222
  1304 0001:00024239  1306 0001:0002426B  1309 0001:0002428C  1311 0001:0002428F
  1312 0001:00024294  1315 0001:00024298  1317 0001:0002429B  1318 0001:000242A0
  1327 0001:000242A4  1328 0001:000242D7  1329 0001:000242E4  1330 0001:000242F1
  1331 0001:0002430F  1333 0001:0002431F  1334 0001:00024342  1336 0001:0002434E
  1337 0001:0002435D  1338 0001:0002436B  1339 0001:00024376  1340 0001:00024386
  1342 0001:000243A3  1345 0001:000243B3  1347 0001:000243C3  1348 0001:000243DA
  1349 0001:000243E7  1350 0001:000243F0  1351 0001:00024408  1352 0001:00024411
  1353 0001:0002441F  1354 0001:0002442B  1355 0001:00024468  1360 0001:000244D8
  1361 0001:000244FE  1362 0001:0002450D  1363 0001:0002451B  1364 0001:00024536
  1365 0001:00024545  1367 0001:00024550  1368 0001:0002455F  1369 0001:0002457D
  1371 0001:000245A8  1373 0001:000245E2  1378 0001:00024624  1379 0001:0002465D
  1380 0001:0002466C  1381 0001:0002467A  1382 0001:00024695  1383 0001:000246B0
  1385 0001:000246DB  1387 0001:0002471A  1390 0001:00024758  1391 0001:00024770
  1393 0001:0002478F  1394 0001:000247B7  1396 0001:000247F6  1401 0001:00024810
  1403 0001:00024833  1404 0001:0002484F  1406 0001:00024861  1408 0001:00024879
  1411 0001:0002490E  1406 0001:0002490F  1413 0001:00024918  1415 0001:00024963
  1416 0001:000249CA  1419 0001:000249E8  1421 0001:00024A02  1422 0001:00024A24
  1423 0001:00024A5D  1428 0001:00024ABC  1429 0001:00024AE6  1431 0001:00024AF4
  1433 0001:00024B01  1434 0001:00024B0D  1435 0001:00024B35  1436 0001:00024B41
  1437 0001:00024B53  1436 0001:00024BA4  1439 0001:00024BC9  1442 0001:00024C14
  1444 0001:00024C1A  1445 0001:00024C31  1446 0001:00024C53  1452 0001:00024C7C
  1454 0001:00024C84  1455 0001:00024C9E  1456 0001:00024CAA  1457 0001:00024CB6
  1458 0001:00024CC9  1459 0001:00024CCE  1461 0001:00024CF3  1462 0001:00024D13
  1463 0001:00024D35  1464 0001:00024D57  1471 0001:00024D94  1473 0001:00024D9C
  1474 0001:00024DA8  1475 0001:00024DB3  1476 0001:00024DC4  1477 0001:00024DC8
  1479 0001:00024DCC  1481 0001:00024DCE  1482 0001:00024DD2  1484 0001:00024DF4
  1485 0001:00024E17  1486 0001:00024E27  1487 0001:00024E49  1495 0001:00024E7C
  1496 0001:00024EA5  1499 0001:00024EDA  1502 0001:00024F29  1505 0001:00024F78
  1508 0001:00024FC7  1511 0001:00025016  1514 0001:00025065  1517 0001:0002508C
  1519 0001:000250B3  1521 0001:000250DA  1524 0001:00025101  1526 0001:00025128
  1529 0001:00025135  1531 0001:00025170  1533 0001:000251AB  1535 0001:000251E6
  1537 0001:00025221  1543 0001:0002525E  1544 0001:0002526C  1541 0001:00025279
  1546 0001:00025285  1548 0001:00025293  1549 0001:000252B8  1550 0001:000252CB
  1552 0001:000252E0  1553 0001:00025305  1554 0001:00025318  1556 0001:00025330
  1557 0001:00025355  1558 0001:00025368  1560 0001:00025380  1561 0001:000253A5
  1562 0001:000253B8  1564 0001:000253D0  1565 0001:000253F5  1566 0001:00025408
  1568 0001:00025420  1570 0001:0002542D  1572 0001:00025456  1575 0001:00025458
  1576 0001:0002548B  1579 0001:000255EB  1582 0001:000258B8  1584 0001:000258BE
  1585 0001:000258D5  1586 0001:000258F7  1589 0001:0002591C  1591 0001:00025922
  1592 0001:00025939  1593 0001:0002595B  1596 0001:00025980  1598 0001:00025986
  1599 0001:0002599E  1600 0001:000259B6  1606 0001:000259BC  1608 0001:000259DD
  1609 0001:00025A03  1610 0001:00025A16  1612 0001:00025A1C  1613 0001:00025A2B
  1614 0001:00025A39  1615 0001:00025A4A  1616 0001:00025A5B  1618 0001:00025A72
  1621 0001:00025ABC  1624 0001:00025AD0  1626 0001:00025AD3  1627 0001:00025AEF
  1628 0001:00025AFE  1629 0001:00025B0A  1632 0001:00025B0C  1634 0001:00025B12
  1635 0001:00025B39  1638 0001:00025B54  1640 0001:00025B5A  1641 0001:00025B81
  1644 0001:00025B9C  1646 0001:00025BB2  1647 0001:00025C06  1652 0001:00025C34
  1653 0001:00025C5A  1654 0001:00025C5C  1656 0001:00025C80  1657 0001:00025C97
  1664 0001:00025CF9  1665 0001:00025D39  1668 0001:00025D9F  1661 0001:00025DA0
  1672 0001:00025DDD  1673 0001:00025E46  1678 0001:00025E8C  1679 0001:00025EAC
  1680 0001:00025ED8  1695 0001:00025F4A  1715 0001:00025FCB  1718 0001:00025FEC
  1721 0001:00025FFE  1722 0001:0002603E  1724 0001:00026055  1725 0001:00026095
  1726 0001:0002617C  1729 0001:000265D8  1731 0001:000265DB  1732 0001:000265F7
  1733 0001:00026606  1734 0001:00026612  1741 0001:00026614  1742 0001:00026642
  1743 0001:00026644  1744 0001:00026648  1745 0001:00026657  1746 0001:00026665
  1752 0001:000266B7  1753 0001:000266C8  1755 0001:00026701  1756 0001:00026720
  1757 0001:00026731  1759 0001:0002676A  1760 0001:00026789  1763 0001:000267ED
  1766 0001:00026829  1768 0001:00026866  1769 0001:0002689B  1770 0001:000268CD
  1772 0001:000268F8  1774 0001:00026919  1776 0001:0002692C  1777 0001:0002694F
  1778 0001:0002696F  1774 0001:00026970  1780 0001:00026975  1781 0001:00026979
  1783 0001:0002697E  1749 0001:0002697F  1787 0001:000269D0  1789 0001:00026A4D
  1793 0001:00026B00  1795 0001:00026B03  1796 0001:00026B09  1797 0001:00026B0E
  1800 0001:00026B14  1802 0001:00026B31  1804 0001:00026B42  1805 0001:00026B59
  1806 0001:00026B70  1807 0001:00026B82  1809 0001:00026BC7  1810 0001:00026BD5
  1813 0001:00026BE3  1814 0001:00026C3F  1816 0001:00026C41  1817 0001:00026C55
  1821 0001:00026C73  1822 0001:00026C80  1826 0001:00026C95  1827 0001:00026CAC
  1828 0001:00026CDA  1831 0001:00026CF4  1833 0001:00026D0C  1835 0001:00026D18
  1837 0001:00026D38  1838 0001:00026D44  1841 0001:00026D46  1843 0001:00026D56
  1845 0001:00026D5D  1846 0001:00026D6F  1848 0001:00026DA3  1851 0001:00026DC0
  1853 0001:00026DD8  1856 0001:00026E4D  1859 0001:00026E88  1861 0001:00026E8F
  1863 0001:00026E98  1864 0001:00026EB1  1866 0001:00026ECA  1869 0001:00026F00
  1871 0001:00026F07  1872 0001:00026F2B  1873 0001:00026F42  1874 0001:00026F4B
  1875 0001:00026F6F  1876 0001:00026F78  1877 0001:00026F9C  1878 0001:00026FC0
  1880 0001:00026FC9  1881 0001:00026FED  1882 0001:00026FF6  1883 0001:0002701A
  1885 0001:00027023  1886 0001:00027046  1888 0001:00027069  1889 0001:0002708D
  1890 0001:000270A1  1893 0001:00027190  1895 0001:00027196  1896 0001:0002719D
  1897 0001:000271A9  1899 0001:000271B9  1900 0001:000271C6  1903 0001:000271CC
  1905 0001:000271F3  1907 0001:00027200  1908 0001:00027222  1909 0001:00027244
  1910 0001:00027266  1911 0001:00027288  1912 0001:000272AA  1913 0001:000272CC
  1914 0001:000272EE  1915 0001:00027310  1916 0001:00027332  1917 0001:00027354
  1918 0001:00027376  1919 0001:00027398  1920 0001:000273BA  1921 0001:000273FE
  1924 0001:000275B0  1925 0001:000275CD  1926 0001:000275E5  1927 0001:00027617
  1933 0001:0002761C  1934 0001:00027645  1936 0001:0002766E  1938 0001:0002767B
  1939 0001:00027687  1940 0001:000276AF  1942 0001:000276BB  1945 0001:000276D3
  1946 0001:000276EB  1948 0001:000276F0  1950 0001:00027708  1951 0001:00027716
  1953 0001:00027743  1955 0001:00027755  1959 0001:00027784  1961 0001:000277A0
  1962 0001:000277B9  1964 0001:000277C9  1966 0001:000277CB  1953 0001:000277CC
  1967 0001:000277F1  1972 0001:000278A0  1973 0001:000278BA  1974 0001:000278C9
  1975 0001:000278D7  1977 0001:000278F6  1978 0001:00027914  1981 0001:00027938
  1983 0001:0002796A  1988 0001:00027990  1989 0001:000279AC  1990 0001:000279B9
  1992 0001:000279E2  1994 0001:000279EF  1995 0001:000279FB  1996 0001:00027A23
  1998 0001:00027A2F  2000 0001:00027A47  2001 0001:00027A55  2003 0001:00027A82
  2005 0001:00027AAE  2012 0001:00027B14  2013 0001:00027B47  2014 0001:00027B60
  2016 0001:00027B8A  2017 0001:00027B99  2018 0001:00027BA8  2019 0001:00027BB7
  2020 0001:00027BC5  2021 0001:00027BD0  2023 0001:00027BE0  2024 0001:00027BEC
  2026 0001:00027BF7  2029 0001:00027C1B  2030 0001:00027C23  2031 0001:00027C2B
  2034 0001:00027C65  2041 0001:00027C98  2042 0001:00027CBE  2045 0001:00027CDC
  2047 0001:00027CE9  2048 0001:00027CF5  2049 0001:00027D49  2051 0001:00027D55
  2053 0001:00027D71  2054 0001:00027DB1  2055 0001:00027DBF  2056 0001:00027DD6
  2057 0001:00027DED  2059 0001:00027E01  2062 0001:00027E53  2064 0001:00027E9F
  2069 0001:00027EFA  2072 0001:00027F0A  2042 0001:00027F0D  2073 0001:00027F45
  2078 0001:00027FF8  2079 0001:00028014  2080 0001:00028023  2081 0001:00028031
  2082 0001:00028056  2084 0001:0002806D  2086 0001:0002809A  2089 0001:000280C0
  2090 0001:000280C3  2091 0001:000280C8  2099 0001:000280CC  2100 0001:000280F9
  2101 0001:0002810A  2102 0001:00028119  2103 0001:00028128  2104 0001:00028136
  2105 0001:00028144  2106 0001:0002814F  2107 0001:0002815F  2109 0001:0002816A
  2110 0001:00028178  2111 0001:00028180  2112 0001:0002818B  2113 0001:00028196
  2114 0001:0002819C  2115 0001:000281A8  2116 0001:000281BC  2118 0001:000281D0
  2119 0001:000281E2  2120 0001:00028205  2122 0001:00028207  2123 0001:00028224
  2124 0001:0002822C  2128 0001:0002824A  2129 0001:00028252  2131 0001:00028284
  2136 0001:000282B4  2137 0001:000282BC  2139 0001:000282C8  2140 0001:000282DA
  2139 0001:000282EB  2143 0001:000282F0  2145 0001:00028306  2147 0001:0002831D
  2148 0001:00028336  2150 0001:00028349  2143 0001:0002834A  2152 0001:0002834D
  2158 0001:00028354  2159 0001:00028376  2161 0001:0002839A  2162 0001:000283D4
  2163 0001:000283E2  2165 0001:000283EE  2166 0001:000283F8  2169 0001:00028409
  2170 0001:00028416  2173 0001:0002841F  2174 0001:0002842D  2176 0001:0002844C
  2177 0001:00028469  2180 0001:0002847A  2181 0001:00028487  2183 0001:000284B0
  2188 0001:0002851C  2189 0001:00028534  2190 0001:0002853E  2191 0001:0002855E
  2193 0001:0002856A  2194 0001:0002857B  2196 0001:0002858F  2197 0001:000285A3
  2199 0001:000285D0  2204 0001:00028610  2206 0001:00028630  2205 0001:0002864A
  2207 0001:00028661  2209 0001:0002866E  2210 0001:0002867A  2211 0001:000286A5
  2213 0001:000286B1  2216 0001:000286D4  2217 0001:000286F4  2222 0001:0002874E
  2226 0001:000287A6  2227 0001:000287B8  2213 0001:000287B9  2228 0001:000287E2
  2231 0001:00028844  2233 0001:00028857  2234 0001:0002887C  2241 0001:00028880
  2242 0001:000288AE  2244 0001:000288F7  2245 0001:00028905  2246 0001:0002891C
  2247 0001:00028933  2249 0001:00028947  2251 0001:00028963  2254 0001:000289A1
  2255 0001:000289BA  2256 0001:000289CE  2258 0001:00028A15  2260 0001:00028A17
  2249 0001:00028A18  2263 0001:00028A2C  2265 0001:00028A66  2268 0001:00028ADC
  2270 0001:00028AF2  2271 0001:00028B2A  2277 0001:00028B4C  2278 0001:00028B67
  2279 0001:00028B75  2281 0001:00028B94  2282 0001:00028BB1  2285 0001:00028BC2
  2286 0001:00028BCF  2288 0001:00028BD6  2289 0001:00028BE9  2291 0001:00028BF5
  2292 0001:00028C06  2293 0001:00028C18  2294 0001:00028C29  2296 0001:00028C5F
  2303 0001:00028CBC  2304 0001:00028CE7  2305 0001:00028CFD  2306 0001:00028D0A
  2307 0001:00028D17  2308 0001:00028D1D  2309 0001:00028D52  2314 0001:00028D5C
  2316 0001:00028D84  2315 0001:00028D9A  2317 0001:00028DAF  2319 0001:00028DBC
  2320 0001:00028DC8  2321 0001:00028E08  2323 0001:00028E14  2326 0001:00028E37
  2327 0001:00028E57  2332 0001:00028EAE  2336 0001:00028F03  2337 0001:00028F15
  2323 0001:00028F16  2338 0001:00028F3F  2345 0001:00028FA0  2346 0001:00028FCB
  2347 0001:00028FE1  2348 0001:00028FEE  2349 0001:00028FFB  2350 0001:00029004
  2351 0001:0002900A  2352 0001:00029017  2353 0001:0002904C  2356 0001:00029054
  2357 0001:00029072  2358 0001:00029092  2359 0001:000290D6  2362 0001:000290E0
  2364 0001:000290E3  2365 0001:000290ED  2369 0001:00029110  2372 0001:00029113
  2373 0001:0002911D  2378 0001:00029150  2379 0001:0002916D  2381 0001:0002917C
  2383 0001:00029192  2384 0001:000291B3  2385 0001:000291D8  2381 0001:000291D9
  2388 0001:00029200  2391 0001:00029208  2394 0001:0002920B  2395 0001:00029210
  2398 0001:00029214  2399 0001:0002921A  2400 0001:00029221  2401 0001:0002923B
  2404 0001:00029240  2405 0001:00029243  2407 0001:0002924D  2410 0001:00029261
  2414 0001:000292DC  2415 0001:00029301  2416 0001:00029327  2417 0001:00029384
  2420 0001:000293A8  2422 0001:000293C0  2423 0001:000293D9  2427 0001:00029428
  2429 0001:0002949C  2429 0001:000294A3

Line numbers for untEasyPlateClientUtil(untEasyPlateClientUtil.pas) segment .text

    14 0001:000294D4    14 0001:000294DB

Line numbers for EasyPlateClient(E:\MyProject\EasyPlate\V2.0\src\Client\EasyPlateClient.dpr) segment .text

    41 0001:0002AD0C    42 0001:0002AD1C    43 0001:0002AD28    44 0001:0002AD40
    45 0001:0002AD4C

Bound resource files

D:\Program Files\DevExpress VCL\ExpressSkins Library\Sources\dxSkinBlue.res
D:\Program Files\DevExpress VCL\ExpressSkins Library\Sources\dxSkinCaramel.res
untEasyLoginMain.dfm
untEasyPlateLoading.dfm
untEasyLockApp.dfm
untEasyPlateChangePS.dfm
untEasySelectCMD.dfm
untEasyRefreshFormCache.dfm
untEasyPlateClient.dfm
EasyPlateClient.res
EasyPlateClient.drf


Program entry point at 0001:0002AD0C
