
 Start         Length     Name                   Class
 0001:00000000 0001A174H .text                   CODE
 0002:00000000 0000008CH .data                   DATA
 0002:0000008C 000000C9H .bss                    BSS


Detailed map of segments

 0001:00000000 000001E6 C=CODE     S=.text    G=(none)   M=System   ACBP=A9
 0001:000001E8 00000090 C=CODE     S=.text    G=(none)   M=SysInit  ACBP=A9
 0001:00000278 00000016 C=CODE     S=.text    G=(none)   M=Types    ACBP=A9
 0001:00000290 00000114 C=CODE     S=.text    G=(none)   M=Windows  ACBP=A9
 0001:000003A4 00000038 C=CODE     S=.text    G=(none)   M=Messages ACBP=A9
 0001:000003DC 0000000E C=CODE     S=.text    G=(none)   M=ActiveX  ACBP=A9
 0001:000003EC 0000000E C=CODE     S=.text    G=(none)   M=SysConst ACBP=A9
 0001:000003FC 000000C6 C=CODE     S=.text    G=(none)   M=SysUtils ACBP=A9
 0001:000004C4 0000000E C=CODE     S=.text    G=(none)   M=VarUtils ACBP=A9
 0001:000004D4 0000006E C=CODE     S=.text    G=(none)   M=Variants ACBP=A9
 0001:00000544 0000000E C=CODE     S=.text    G=(none)   M=RTLConsts ACBP=A9
 0001:00000554 00000026 C=CODE     S=.text    G=(none)   M=TypInfo  ACBP=A9
 0001:0000057C 0000014E C=CODE     S=.text    G=(none)   M=Classes  ACBP=A9
 0001:000006CC 0000001E C=CODE     S=.text    G=(none)   M=Math     ACBP=A9
 0001:000006EC 00000026 C=CODE     S=.text    G=(none)   M=Contnrs  ACBP=A9
 0001:00000714 0000000E C=CODE     S=.text    G=(none)   M=HelpIntfs ACBP=A9
 0001:00000724 0000000E C=CODE     S=.text    G=(none)   M=MultiMon ACBP=A9
 0001:00000734 00000038 C=CODE     S=.text    G=(none)   M=CommCtrl ACBP=A9
 0001:0000076C 0000000E C=CODE     S=.text    G=(none)   M=Consts   ACBP=A9
 0001:0000077C 00000036 C=CODE     S=.text    G=(none)   M=Graphics ACBP=A9
 0001:000007B4 00000038 C=CODE     S=.text    G=(none)   M=Imm      ACBP=A9
 0001:000007EC 0000000E C=CODE     S=.text    G=(none)   M=SyncObjs ACBP=A9
 0001:000007FC 0000000E C=CODE     S=.text    G=(none)   M=UxTheme  ACBP=A9
 0001:0000080C 00000038 C=CODE     S=.text    G=(none)   M=UrlMon   ACBP=A9
 0001:00000844 00000040 C=CODE     S=.text    G=(none)   M=WinInet  ACBP=A9
 0001:00000884 00000038 C=CODE     S=.text    G=(none)   M=RegStr   ACBP=A9
 0001:000008BC 00000040 C=CODE     S=.text    G=(none)   M=ShellAPI ACBP=A9
 0001:000008FC 00000038 C=CODE     S=.text    G=(none)   M=ShlObj   ACBP=A9
 0001:00000934 0000000E C=CODE     S=.text    G=(none)   M=WinHelpViewer ACBP=A9
 0001:00000944 00000038 C=CODE     S=.text    G=(none)   M=WinSpool ACBP=A9
 0001:0000097C 0000000E C=CODE     S=.text    G=(none)   M=Printers ACBP=A9
 0001:0000098C 00000038 C=CODE     S=.text    G=(none)   M=CommDlg  ACBP=A9
 0001:000009C4 00000038 C=CODE     S=.text    G=(none)   M=Dlgs     ACBP=A9
 0001:000009FC 0000000E C=CODE     S=.text    G=(none)   M=Dialogs  ACBP=A9
 0001:00000A0C 0000000E C=CODE     S=.text    G=(none)   M=StrUtils ACBP=A9
 0001:00000A1C 0000000E C=CODE     S=.text    G=(none)   M=Clipbrd  ACBP=A9
 0001:00000A2C 0000000E C=CODE     S=.text    G=(none)   M=StdActns ACBP=A9
 0001:00000A3C 0000000E C=CODE     S=.text    G=(none)   M=FlatSB   ACBP=A9
 0001:00000A4C 00000016 C=CODE     S=.text    G=(none)   M=StdCtrls ACBP=A9
 0001:00000A64 0000001E C=CODE     S=.text    G=(none)   M=ExtCtrls ACBP=A9
 0001:00000A84 0000000E C=CODE     S=.text    G=(none)   M=ToolWin  ACBP=A9
 0001:00000A94 00000038 C=CODE     S=.text    G=(none)   M=RichEdit ACBP=A9
 0001:00000ACC 00000016 C=CODE     S=.text    G=(none)   M=IniFiles ACBP=A9
 0001:00000AE4 0000000E C=CODE     S=.text    G=(none)   M=Registry ACBP=A9
 0001:00000AF4 0000000E C=CODE     S=.text    G=(none)   M=Buttons  ACBP=A9
 0001:00000B04 0000000E C=CODE     S=.text    G=(none)   M=ExtDlgs  ACBP=A9
 0001:00000B14 0000000E C=CODE     S=.text    G=(none)   M=Mapi     ACBP=A9
 0001:00000B24 0000000E C=CODE     S=.text    G=(none)   M=ExtActns ACBP=A9
 0001:00000B34 0000000E C=CODE     S=.text    G=(none)   M=ComStrs  ACBP=A9
 0001:00000B44 0000000E C=CODE     S=.text    G=(none)   M=ListActns ACBP=A9
 0001:00000B54 0000006E C=CODE     S=.text    G=(none)   M=ComCtrls ACBP=A9
 0001:00000BC4 0000000E C=CODE     S=.text    G=(none)   M=Themes   ACBP=A9
 0001:00000BD4 0000000E C=CODE     S=.text    G=(none)   M=Menus    ACBP=A9
 0001:00000BE4 0000022E C=CODE     S=.text    G=(none)   M=Controls ACBP=A9
 0001:00000E14 00000016 C=CODE     S=.text    G=(none)   M=ImgList  ACBP=A9
 0001:00000E2C 0000000E C=CODE     S=.text    G=(none)   M=ActnList ACBP=A9
 0001:00000E3C 0000021E C=CODE     S=.text    G=(none)   M=Forms    ACBP=A9
 0001:0000105C 00000056 C=CODE     S=.text    G=(none)   M=untEasyPlateBaseForm ACBP=A9
 0001:000010B4 0000000E C=CODE     S=.text    G=(none)   M=atParser ACBP=A9
 0001:000010C4 0000000E C=CODE     S=.text    G=(none)   M=uCallDLL ACBP=A9
 0001:000010D4 0000000E C=CODE     S=.text    G=(none)   M=ComConst ACBP=A9
 0001:000010E4 0000000E C=CODE     S=.text    G=(none)   M=ComObj   ACBP=A9
 0001:000010F4 0000000E C=CODE     S=.text    G=(none)   M=DispatchLib ACBP=A9
 0001:00001104 0000000E C=CODE     S=.text    G=(none)   M=uSystemLibrary ACBP=A9
 0001:00001114 0000000E C=CODE     S=.text    G=(none)   M=atScript ACBP=A9
 0001:00001124 0000000E C=CODE     S=.text    G=(none)   M=atBasic  ACBP=A9
 0001:00001134 0000000E C=CODE     S=.text    G=(none)   M=atPascal ACBP=A9
 0001:00001144 0000000E C=CODE     S=.text    G=(none)   M=atScripter ACBP=A9
 0001:00001154 00000046 C=CODE     S=.text    G=(none)   M=cxGeometry ACBP=A9
 0001:0000119C 0000000E C=CODE     S=.text    G=(none)   M=dxMessages ACBP=A9
 0001:000011AC 0000002E C=CODE     S=.text    G=(none)   M=dxCore   ACBP=A9
 0001:000011DC 00000016 C=CODE     S=.text    G=(none)   M=dxGDIPlusAPI ACBP=A9
 0001:000011F4 0000000E C=CODE     S=.text    G=(none)   M=dxGDIPlusClasses ACBP=A9
 0001:00001204 0000000E C=CODE     S=.text    G=(none)   M=dxThemeConsts ACBP=A9
 0001:00001214 0000000E C=CODE     S=.text    G=(none)   M=dxUxTheme ACBP=A9
 0001:00001224 0000000E C=CODE     S=.text    G=(none)   M=dxThemeManager ACBP=A9
 0001:00001234 00000016 C=CODE     S=.text    G=(none)   M=dxOffice11 ACBP=A9
 0001:0000124C 0000000E C=CODE     S=.text    G=(none)   M=cxDWMApi ACBP=A9
 0001:0000125C 0000000E C=CODE     S=.text    G=(none)   M=cxLibraryStrs ACBP=A9
 0001:0000126C 0000001E C=CODE     S=.text    G=(none)   M=dxHooks  ACBP=A9
 0001:0000128C 00000056 C=CODE     S=.text    G=(none)   M=cxContainer ACBP=A9
 0001:000012E4 0000000E C=CODE     S=.text    G=(none)   M=cxLibraryConsts ACBP=A9
 0001:000012F4 0000000E C=CODE     S=.text    G=(none)   M=cxScrollBar ACBP=A9
 0001:00001304 00000036 C=CODE     S=.text    G=(none)   M=cxLookAndFeels ACBP=A9
 0001:0000133C 0000000E C=CODE     S=.text    G=(none)   M=cxDrawTextUtils ACBP=A9
 0001:0000134C 0000027E C=CODE     S=.text    G=(none)   M=cxControls ACBP=A9
 0001:000015CC 0000004E C=CODE     S=.text    G=(none)   M=cxClasses ACBP=A9
 0001:0000161C 00000076 C=CODE     S=.text    G=(none)   M=cxGraphics ACBP=A9
 0001:00001694 0000039E C=CODE     S=.text    G=(none)   M=cxLookAndFeelPainters ACBP=A9
 0001:00001A34 0000000E C=CODE     S=.text    G=(none)   M=dxSkinsStrs ACBP=A9
 0001:00001A44 0000000E C=CODE     S=.text    G=(none)   M=dxSkinsCore ACBP=A9
 0001:00001A54 0000000E C=CODE     S=.text    G=(none)   M=dxSkinInfo ACBP=A9
 0001:00001A64 000005F6 C=CODE     S=.text    G=(none)   M=dxSkinsLookAndFeelPainter ACBP=A9
 0001:0000205C 00000016 C=CODE     S=.text    G=(none)   M=dxSkinsDefaultPainters ACBP=A9
 0001:00002074 0000000E C=CODE     S=.text    G=(none)   M=dxSkinsForm ACBP=A9
 0001:00002084 0000000E C=CODE     S=.text    G=(none)   M=cxLocalization ACBP=A9
 0001:00002094 0000000E C=CODE     S=.text    G=(none)   M=MaskUtils ACBP=A9
 0001:000020A4 0000000E C=CODE     S=.text    G=(none)   M=Mask     ACBP=A9
 0001:000020B4 0000000E C=CODE     S=.text    G=(none)   M=JConsts  ACBP=A9
 0001:000020C4 0000000E C=CODE     S=.text    G=(none)   M=jpeg     ACBP=A9
 0001:000020D4 0000000E C=CODE     S=.text    G=(none)   M=untEasyAbout ACBP=A9
 0001:000020E4 0000000E C=CODE     S=.text    G=(none)   M=untEasyWaterImage ACBP=A9
 0001:000020F4 0000000E C=CODE     S=.text    G=(none)   M=untEasyLEDDisPlay ACBP=A9
 0001:00002104 0000000E C=CODE     S=.text    G=(none)   M=untEasyGroupBox ACBP=A9
 0001:00002114 0000000E C=CODE     S=.text    G=(none)   M=DBConsts ACBP=A9
 0001:00002124 0000001E C=CODE     S=.text    G=(none)   M=DateUtils ACBP=A9
 0001:00002144 0000000E C=CODE     S=.text    G=(none)   M=SqlTimSt ACBP=A9
 0001:00002154 0000000E C=CODE     S=.text    G=(none)   M=Midas    ACBP=A9
 0001:00002164 0000000E C=CODE     S=.text    G=(none)   M=FMTBcd   ACBP=A9
 0001:00002174 00000056 C=CODE     S=.text    G=(none)   M=DB       ACBP=A9
 0001:000021CC 0000000E C=CODE     S=.text    G=(none)   M=DBCommon ACBP=A9
 0001:000021DC 0000000E C=CODE     S=.text    G=(none)   M=MidConst ACBP=A9
 0001:000021EC 0000000E C=CODE     S=.text    G=(none)   M=DSIntf   ACBP=A9
 0001:000021FC 0000000E C=CODE     S=.text    G=(none)   M=DataBkr  ACBP=A9
 0001:0000220C 00000036 C=CODE     S=.text    G=(none)   M=DBClient ACBP=A9
 0001:00002244 0000000E C=CODE     S=.text    G=(none)   M=Provider ACBP=A9
 0001:00002254 00000016 C=CODE     S=.text    G=(none)   M=untEasyClassinfDeptPostion ACBP=A9
 0001:0000226C 00000016 C=CODE     S=.text    G=(none)   M=untEasyClassinfCompanyDept ACBP=A9
 0001:00002284 00000016 C=CODE     S=.text    G=(none)   M=untEasyClassinfCompany ACBP=A9
 0001:0000229C 00000016 C=CODE     S=.text    G=(none)   M=untEasyClasshrEmployee ACBP=A9
 0001:000022B4 00000016 C=CODE     S=.text    G=(none)   M=untEasyClasssysUser ACBP=A9
 0001:000022CC 0000000E C=CODE     S=.text    G=(none)   M=AppEvnts ACBP=A9
 0001:000022DC 0000000E C=CODE     S=.text    G=(none)   M=StdVCL   ACBP=A9
 0001:000022EC 0000000E C=CODE     S=.text    G=(none)   M=EasyPlateServer_TLB ACBP=A9
 0001:000022FC 00000038 C=CODE     S=.text    G=(none)   M=WinSock  ACBP=A9
 0001:00002334 0000000E C=CODE     S=.text    G=(none)   M=ScktComp ACBP=A9
 0001:00002344 0000000E C=CODE     S=.text    G=(none)   M=MConnect ACBP=A9
 0001:00002354 0000000E C=CODE     S=.text    G=(none)   M=SConnect ACBP=A9
 0001:00002364 0000000E C=CODE     S=.text    G=(none)   M=ObjBrkr  ACBP=A9
 0001:00002374 0000000E C=CODE     S=.text    G=(none)   M=untEasyUtilStream ACBP=A9
 0001:00002384 0000000E C=CODE     S=.text    G=(none)   M=untEasyUtilRWIni ACBP=A9
 0001:00002394 0000000E C=CODE     S=.text    G=(none)   M=ADOInt   ACBP=A9
 0001:000023A4 0000000E C=CODE     S=.text    G=(none)   M=OleDB    ACBP=A9
 0001:000023B4 0000000E C=CODE     S=.text    G=(none)   M=ADOConst ACBP=A9
 0001:000023C4 0000000E C=CODE     S=.text    G=(none)   M=Mtx      ACBP=A9
 0001:000023D4 0000000E C=CODE     S=.text    G=(none)   M=ADODB    ACBP=A9
 0001:000023E4 0000000E C=CODE     S=.text    G=(none)   M=untEasyPlateSplash ACBP=A9
 0001:000023F4 0000000E C=CODE     S=.text    G=(none)   M=untEasyDBConnectionConst ACBP=A9
 0001:00002404 0000000E C=CODE     S=.text    G=(none)   M=untEasyUtilConst ACBP=A9
 0001:00002414 0000000E C=CODE     S=.text    G=(none)   M=ZLibConst ACBP=A9
 0001:00002424 0000000E C=CODE     S=.text    G=(none)   M=ZLib     ACBP=A9
 0001:00002434 00000016 C=CODE     S=.text    G=(none)   M=untEasyBallonControl ACBP=A9
 0001:0000244C 0000000E C=CODE     S=.text    G=(none)   M=untEasyCommon ACBP=A9
 0001:0000245C 00000016 C=CODE     S=.text    G=(none)   M=untEasyProgressBar ACBP=A9
 0001:00002474 0000000E C=CODE     S=.text    G=(none)   M=untEasyFeelStyle ACBP=A9
 0001:00002484 0000000E C=CODE     S=.text    G=(none)   M=untEasygdip ACBP=A9
 0001:00002494 0000000E C=CODE     S=.text    G=(none)   M=untEasyGDIPicture ACBP=A9
 0001:000024A4 0000000E C=CODE     S=.text    G=(none)   M=untEasyHintInfo ACBP=A9
 0001:000024B4 0000000E C=CODE     S=.text    G=(none)   M=VDBConsts ACBP=A9
 0001:000024C4 0000000E C=CODE     S=.text    G=(none)   M=untEasyGlowButton ACBP=A9
 0001:000024D4 0000000E C=CODE     S=.text    G=(none)   M=untEasyOfficeTabSetStylers ACBP=A9
 0001:000024E4 0000000E C=CODE     S=.text    G=(none)   M=untEasyTabSet ACBP=A9
 0001:000024F4 0000000E C=CODE     S=.text    G=(none)   M=ImageHlp ACBP=A9
 0001:00002504 0000000E C=CODE     S=.text    G=(none)   M=IdException ACBP=A9
 0001:00002514 0000000E C=CODE     S=.text    G=(none)   M=IdResourceStrings ACBP=A9
 0001:00002524 0000000E C=CODE     S=.text    G=(none)   M=IdURI    ACBP=A9
 0001:00002534 0000000E C=CODE     S=.text    G=(none)   M=IdWinSock2 ACBP=A9
 0001:00002544 0000000E C=CODE     S=.text    G=(none)   M=IdStackConsts ACBP=A9
 0001:00002554 0000000E C=CODE     S=.text    G=(none)   M=IdStack  ACBP=A9
 0001:00002564 0000000E C=CODE     S=.text    G=(none)   M=IdStackWindows ACBP=A9
 0001:00002574 0000000E C=CODE     S=.text    G=(none)   M=IdGlobal ACBP=A9
 0001:00002584 00000038 C=CODE     S=.text    G=(none)   M=TlHelp32 ACBP=A9
 0001:000025BC 0000000E C=CODE     S=.text    G=(none)   M=FileCtrl ACBP=A9
 0001:000025CC 00000036 C=CODE     S=.text    G=(none)   M=untEasyUtilMethod ACBP=A9
 0001:00002604 0000004E C=CODE     S=.text    G=(none)   M=untEasyDBConnection ACBP=A9
 0001:00002654 0000000E C=CODE     S=.text    G=(none)   M=dxCustomHint ACBP=A9
 0001:00002664 0000000E C=CODE     S=.text    G=(none)   M=dxScreenTip ACBP=A9
 0001:00002674 0000000E C=CODE     S=.text    G=(none)   M=OleConst ACBP=A9
 0001:00002684 0000000E C=CODE     S=.text    G=(none)   M=OleServer ACBP=A9
 0001:00002694 0000000E C=CODE     S=.text    G=(none)   M=cxAccessibility ACBP=A9
 0001:000026A4 0000000E C=CODE     S=.text    G=(none)   M=dxFading ACBP=A9
 0001:000026B4 0000000E C=CODE     S=.text    G=(none)   M=cxStyles ACBP=A9
 0001:000026C4 0000000E C=CODE     S=.text    G=(none)   M=dxCommon ACBP=A9
 0001:000026D4 0000000E C=CODE     S=.text    G=(none)   M=dxBarStrs ACBP=A9
 0001:000026E4 0000000E C=CODE     S=.text    G=(none)   M=dxBarAccessibility ACBP=A9
 0001:000026F4 0000000E C=CODE     S=.text    G=(none)   M=dxBarSkinConsts ACBP=A9
 0001:00002704 0000000E C=CODE     S=.text    G=(none)   M=dxBarAddGroupItemsEd ACBP=A9
 0001:00002714 0000000E C=CODE     S=.text    G=(none)   M=dxBarItemEd ACBP=A9
 0001:00002724 0000000E C=CODE     S=.text    G=(none)   M=dxBarPopupMenuEd ACBP=A9
 0001:00002734 0000000E C=CODE     S=.text    G=(none)   M=dxBarCustForm ACBP=A9
 0001:00002744 00000016 C=CODE     S=.text    G=(none)   M=dxBarCustomCustomizationForm ACBP=A9
 0001:0000275C 0000000E C=CODE     S=.text    G=(none)   M=dxBarNameEd ACBP=A9
 0001:0000276C 00000038 C=CODE     S=.text    G=(none)   M=MMSystem ACBP=A9
 0001:000027A4 00000A6E C=CODE     S=.text    G=(none)   M=dxBar    ACBP=A9
 0001:00003214 00000026 C=CODE     S=.text    G=(none)   M=dxStatusBar ACBP=A9
 0001:0000323C 0000000E C=CODE     S=.text    G=(none)   M=dxSkinsdxBarPainter ACBP=A9
 0001:0000324C 0000000E C=CODE     S=.text    G=(none)   M=dxSkinsdxStatusBarPainter ACBP=A9
 0001:0000325C 0000000E C=CODE     S=.text    G=(none)   M=cxDataUtils ACBP=A9
 0001:0000326C 0000000E C=CODE     S=.text    G=(none)   M=cxFilterConsts ACBP=A9
 0001:0000327C 0000000E C=CODE     S=.text    G=(none)   M=cxLike   ACBP=A9
 0001:0000328C 0000000E C=CODE     S=.text    G=(none)   M=cxDataConsts ACBP=A9
 0001:0000329C 00000016 C=CODE     S=.text    G=(none)   M=cxVariants ACBP=A9
 0001:000032B4 0000000E C=CODE     S=.text    G=(none)   M=cxFilter ACBP=A9
 0001:000032C4 00000016 C=CODE     S=.text    G=(none)   M=cxEditPaintUtils ACBP=A9
 0001:000032DC 0000000E C=CODE     S=.text    G=(none)   M=cxDataStorage ACBP=A9
 0001:000032EC 0000000E C=CODE     S=.text    G=(none)   M=cxEditUtils ACBP=A9
 0001:000032FC 0000000E C=CODE     S=.text    G=(none)   M=cxEditConsts ACBP=A9
 0001:0000330C 0000000E C=CODE     S=.text    G=(none)   M=cxFormats ACBP=A9
 0001:0000331C 0000000E C=CODE     S=.text    G=(none)   M=cxDateUtils ACBP=A9
 0001:0000332C 000000DE C=CODE     S=.text    G=(none)   M=cxEdit   ACBP=A9
 0001:0000340C 0000000E C=CODE     S=.text    G=(none)   M=cxFilterControlStrs ACBP=A9
 0001:0000341C 00000026 C=CODE     S=.text    G=(none)   M=cxFilterControlUtils ACBP=A9
 0001:00003444 0000000E C=CODE     S=.text    G=(none)   M=cxTextEdit ACBP=A9
 0001:00003454 0000000E C=CODE     S=.text    G=(none)   M=cxStandardMask ACBP=A9
 0001:00003464 0000000E C=CODE     S=.text    G=(none)   M=cxRegExpr ACBP=A9
 0001:00003474 0000000E C=CODE     S=.text    G=(none)   M=cxMaskEdit ACBP=A9
 0001:00003484 0000001E C=CODE     S=.text    G=(none)   M=cxDropDownEdit ACBP=A9
 0001:000034A4 00000016 C=CODE     S=.text    G=(none)   M=cxButtons ACBP=A9
 0001:000034BC 000007AC C=CODE     S=.text    G=(none)   M=cxBarEditItemValueEditor ACBP=A9
 0001:00003C68 0000000E C=CODE     S=.text    G=(none)   M=cxCustomData ACBP=A9
 0001:00003C78 0000000E C=CODE     S=.text    G=(none)   M=cxCheckBox ACBP=A9
 0001:00003C88 0000000E C=CODE     S=.text    G=(none)   M=cxGroupBox ACBP=A9
 0001:00003C98 0000000E C=CODE     S=.text    G=(none)   M=cxRadioGroup ACBP=A9
 0001:00003CA8 0000000E C=CODE     S=.text    G=(none)   M=cxMRUEdit ACBP=A9
 0001:00003CB8 0000000E C=CODE     S=.text    G=(none)   M=cxHyperLinkEdit ACBP=A9
 0001:00003CC8 0000000E C=CODE     S=.text    G=(none)   M=cxSpinEdit ACBP=A9
 0001:00003CD8 0000000E C=CODE     S=.text    G=(none)   M=cxTimeEdit ACBP=A9
 0001:00003CE8 0000000E C=CODE     S=.text    G=(none)   M=cxCalc   ACBP=A9
 0001:00003CF8 0000000E C=CODE     S=.text    G=(none)   M=cxMemo   ACBP=A9
 0001:00003D08 0000000E C=CODE     S=.text    G=(none)   M=cxImage  ACBP=A9
 0001:00003D18 0000000E C=CODE     S=.text    G=(none)   M=cxBlobEdit ACBP=A9
 0001:00003D28 0000000E C=CODE     S=.text    G=(none)   M=cxImageComboBox ACBP=A9
 0001:00003D38 0000000E C=CODE     S=.text    G=(none)   M=cxCurrencyEdit ACBP=A9
 0001:00003D48 0000000E C=CODE     S=.text    G=(none)   M=cxCalendar ACBP=A9
 0001:00003D58 0000000E C=CODE     S=.text    G=(none)   M=cxButtonEdit ACBP=A9
 0001:00003D68 0000000E C=CODE     S=.text    G=(none)   M=cxEditRepositoryItems ACBP=A9
 0001:00003D78 00004980 C=CODE     S=.text    G=(none)   M=cxBarEditItem ACBP=A9
 0001:000086F8 00000682 C=CODE     S=.text    G=(none)   M=dxSkinBlue ACBP=A9
 0001:00008D7C 0000068E C=CODE     S=.text    G=(none)   M=dxSkinCaramel ACBP=A9
 0001:0000940C 0000002E C=CODE     S=.text    G=(none)   M=cxPCGoDialog ACBP=A9
 0001:0000943C 0000000E C=CODE     S=.text    G=(none)   M=cxPCConsts ACBP=A9
 0001:0000944C 0000000E C=CODE     S=.text    G=(none)   M=cxPCPaintersFactory ACBP=A9
 0001:0000945C 000002D6 C=CODE     S=.text    G=(none)   M=cxPC     ACBP=A9
 0001:00009734 0000000E C=CODE     S=.text    G=(none)   M=cxPCPainters ACBP=A9
 0001:00009744 0000000E C=CODE     S=.text    G=(none)   M=dxSkinscxPCPainter ACBP=A9
 0001:00009754 0000003E C=CODE     S=.text    G=(none)   M=dxBarBuiltInMenu ACBP=A9
 0001:00009794 000001F3 C=CODE     S=.text    G=(none)   M=cxPCdxBarPopupMenu ACBP=A9
 0001:00009988 0000000E C=CODE     S=.text    G=(none)   M=cxSplitter ACBP=A9
 0001:00009998 0000000E C=CODE     S=.text    G=(none)   M=cxExtEditUtils ACBP=A9
 0001:000099A8 0000000E C=CODE     S=.text    G=(none)   M=cxExtEditConsts ACBP=A9
 0001:000099B8 0000000E C=CODE     S=.text    G=(none)   M=untEasyTrayIcon ACBP=A9
 0001:000099C8 00000050 C=CODE     S=.text    G=(none)   M=dxTabbedMDIStrs ACBP=A9
 0001:00009A18 00003C87 C=CODE     S=.text    G=(none)   M=dxTabbedMDI ACBP=A9
 0001:0000D6A0 0000002E C=CODE     S=.text    G=(none)   M=cxTreeView ACBP=A9
 0001:0000D6D0 00000016 C=CODE     S=.text    G=(none)   M=untEasyClassPluginDirectory ACBP=A9
 0001:0000D6E8 00000016 C=CODE     S=.text    G=(none)   M=untEasyPackageInfo ACBP=A9
 0001:0000D700 0000000E C=CODE     S=.text    G=(none)   M=untEasyLabel ACBP=A9
 0001:0000D710 0000000E C=CODE     S=.text    G=(none)   M=DBPWDlg  ACBP=A9
 0001:0000D720 0000000E C=CODE     S=.text    G=(none)   M=DBLogDlg ACBP=A9
 0001:0000D730 0000000E C=CODE     S=.text    G=(none)   M=DBCtrls  ACBP=A9
 0001:0000D740 0000000E C=CODE     S=.text    G=(none)   M=untEasyEdit ACBP=A9
 0001:0000D750 0000000E C=CODE     S=.text    G=(none)   M=untEasyButtons ACBP=A9
 0001:0000D760 0000001E C=CODE     S=.text    G=(none)   M=untEasyPlateDBBaseForm ACBP=A9
 0001:0000D780 00000016 C=CODE     S=.text    G=(none)   M=untEasyUtilDLL ACBP=A9
 0001:0000D798 00000D8C C=CODE     S=.text    G=(none)   M=untEasyLoginMain ACBP=A9
 0001:0000E524 0000000E C=CODE     S=.text    G=(none)   M=untEasyTreeView ACBP=A9
 0001:0000E534 000004DC C=CODE     S=.text    G=(none)   M=untEasyPlateLoading ACBP=A9
 0001:0000EA10 0000002E C=CODE     S=.text    G=(none)   M=untEasyCSRegUtil ACBP=A9
 0001:0000EA40 0000000E C=CODE     S=.text    G=(none)   M=Nb30     ACBP=A9
 0001:0000EA50 0000000E C=CODE     S=.text    G=(none)   M=untEasyUtilCompression ACBP=A9
 0001:0000EA60 0000000E C=CODE     S=.text    G=(none)   M=untEasyUtilCrypt ACBP=A9
 0001:0000EA70 0000000E C=CODE     S=.text    G=(none)   M=Grids    ACBP=A9
 0001:0000EA80 0000000E C=CODE     S=.text    G=(none)   M=DBGrids  ACBP=A9
 0001:0000EA90 0000000E C=CODE     S=.text    G=(none)   M=dbcgrids ACBP=A9
 0001:0000EAA0 0000000E C=CODE     S=.text    G=(none)   M=Tabs     ACBP=A9
 0001:0000EAB0 0000000E C=CODE     S=.text    G=(none)   M=cxLabel  ACBP=A9
 0001:0000EAC0 0000000E C=CODE     S=.text    G=(none)   M=cxTrackBar ACBP=A9
 0001:0000EAD0 0000000E C=CODE     S=.text    G=(none)   M=cxDB     ACBP=A9
 0001:0000EAE0 0000000E C=CODE     S=.text    G=(none)   M=cxListBox ACBP=A9
 0001:0000EAF0 0000000E C=CODE     S=.text    G=(none)   M=cxDBEdit ACBP=A9
 0001:0000EB00 0000000E C=CODE     S=.text    G=(none)   M=cxData   ACBP=A9
 0001:0000EB10 0000000E C=CODE     S=.text    G=(none)   M=cxEditRegisteredRepositoryItems ACBP=A9
 0001:0000EB20 0000000E C=CODE     S=.text    G=(none)   M=cxEditDataRegisteredRepositoryItems ACBP=A9
 0001:0000EB30 0000000E C=CODE     S=.text    G=(none)   M=cxLookupGrid ACBP=A9
 0001:0000EB40 0000000E C=CODE     S=.text    G=(none)   M=cxDBFilter ACBP=A9
 0001:0000EB50 0000000E C=CODE     S=.text    G=(none)   M=cxDBData ACBP=A9
 0001:0000EB60 0000000E C=CODE     S=.text    G=(none)   M=cxLookupEdit ACBP=A9
 0001:0000EB70 0000000E C=CODE     S=.text    G=(none)   M=cxDBLookupEdit ACBP=A9
 0001:0000EB80 0000000E C=CODE     S=.text    G=(none)   M=cxDBEditRepository ACBP=A9
 0001:0000EB90 0000000E C=CODE     S=.text    G=(none)   M=cxEditDBRegisteredRepositoryItems ACBP=A9
 0001:0000EBA0 0000000E C=CODE     S=.text    G=(none)   M=cxLookupDBGrid ACBP=A9
 0001:0000EBB0 0000000E C=CODE     S=.text    G=(none)   M=cxDBLookupComboBox ACBP=A9
 0001:0000EBC0 0000000E C=CODE     S=.text    G=(none)   M=cxDBNavigator ACBP=A9
 0001:0000EBD0 0000000E C=CODE     S=.text    G=(none)   M=cxNavigator ACBP=A9
 0001:0000EBE0 0000000E C=CODE     S=.text    G=(none)   M=cxFilterControl ACBP=A9
 0001:0000EBF0 0000000E C=CODE     S=.text    G=(none)   M=cxFilterControlDialog ACBP=A9
 0001:0000EC00 0000000E C=CODE     S=.text    G=(none)   M=cxDBFilterControl ACBP=A9
 0001:0000EC10 0000000E C=CODE     S=.text    G=(none)   M=cxHeader ACBP=A9
 0001:0000EC20 0000000E C=CODE     S=.text    G=(none)   M=cxHint   ACBP=A9
 0001:0000EC30 0000000E C=CODE     S=.text    G=(none)   M=cxCheckComboBox ACBP=A9
 0001:0000EC40 0000000E C=CODE     S=.text    G=(none)   M=cxCheckGroup ACBP=A9
 0001:0000EC50 0000000E C=CODE     S=.text    G=(none)   M=dxImagePropEditor ACBP=A9
 0001:0000EC60 0000000E C=CODE     S=.text    G=(none)   M=dximctrl ACBP=A9
 0001:0000EC70 0000000E C=CODE     S=.text    G=(none)   M=dxSpinImagePropEditor ACBP=A9
 0001:0000EC80 0000000E C=CODE     S=.text    G=(none)   M=cxCheckListBox ACBP=A9
 0001:0000EC90 0000000E C=CODE     S=.text    G=(none)   M=cxColorComboBox ACBP=A9
 0001:0000ECA0 0000000E C=CODE     S=.text    G=(none)   M=cxDBCheckComboBox ACBP=A9
 0001:0000ECB0 0000000E C=CODE     S=.text    G=(none)   M=cxDBCheckGroup ACBP=A9
 0001:0000ECC0 0000000E C=CODE     S=.text    G=(none)   M=cxDBCheckListBox ACBP=A9
 0001:0000ECD0 0000000E C=CODE     S=.text    G=(none)   M=cxDBColorComboBox ACBP=A9
 0001:0000ECE0 0000000E C=CODE     S=.text    G=(none)   M=cxDBFontNameComboBox ACBP=A9
 0001:0000ECF0 0000000E C=CODE     S=.text    G=(none)   M=cxFontNameComboBox ACBP=A9
 0001:0000ED00 0000000E C=CODE     S=.text    G=(none)   M=cxDBLabel ACBP=A9
 0001:0000ED10 0000000E C=CODE     S=.text    G=(none)   M=cxDBProgressBar ACBP=A9
 0001:0000ED20 0000000E C=CODE     S=.text    G=(none)   M=cxProgressBar ACBP=A9
 0001:0000ED30 0000000E C=CODE     S=.text    G=(none)   M=cxDBRichEdit ACBP=A9
 0001:0000ED40 0000000E C=CODE     S=.text    G=(none)   M=cxRichEdit ACBP=A9
 0001:0000ED50 0000000E C=CODE     S=.text    G=(none)   M=OleCtnrs ACBP=A9
 0001:0000ED60 00000038 C=CODE     S=.text    G=(none)   M=OleDlg   ACBP=A9
 0001:0000ED98 0000000E C=CODE     S=.text    G=(none)   M=cxDBTrackBar ACBP=A9
 0001:0000EDA8 0000000E C=CODE     S=.text    G=(none)   M=cxListView ACBP=A9
 0001:0000EDB8 0000000E C=CODE     S=.text    G=(none)   M=cxMCListBox ACBP=A9
 0001:0000EDC8 0000000E C=CODE     S=.text    G=(none)   M=cxSpinButton ACBP=A9
 0001:0000EDD8 0000000E C=CODE     S=.text    G=(none)   M=cxGridCommon ACBP=A9
 0001:0000EDE8 0000000E C=CODE     S=.text    G=(none)   M=cxStorage ACBP=A9
 0001:0000EDF8 0000000E C=CODE     S=.text    G=(none)   M=cxGridStrs ACBP=A9
 0001:0000EE08 0000000E C=CODE     S=.text    G=(none)   M=cxGridDetailsSite ACBP=A9
 0001:0000EE18 0000000E C=CODE     S=.text    G=(none)   M=cxFilterDialog ACBP=A9
 0001:0000EE28 0000000E C=CODE     S=.text    G=(none)   M=cxGridCustomTableView ACBP=A9
 0001:0000EE38 0000000E C=CODE     S=.text    G=(none)   M=cxGridLevel ACBP=A9
 0001:0000EE48 0000000E C=CODE     S=.text    G=(none)   M=cxGridCustomView ACBP=A9
 0001:0000EE58 0000000E C=CODE     S=.text    G=(none)   M=cxGrid   ACBP=A9
 0001:0000EE68 0000000E C=CODE     S=.text    G=(none)   M=cxDBExtLookupComboBox ACBP=A9
 0001:0000EE78 0000000E C=CODE     S=.text    G=(none)   M=cxGridRows ACBP=A9
 0001:0000EE88 0000000E C=CODE     S=.text    G=(none)   M=cxGridTableView ACBP=A9
 0001:0000EE98 0000000E C=CODE     S=.text    G=(none)   M=cxGridFilterHelpers ACBP=A9
 0001:0000EEA8 0000000E C=CODE     S=.text    G=(none)   M=cxGridDBDataDefinitions ACBP=A9
 0001:0000EEB8 0000000E C=CODE     S=.text    G=(none)   M=cxGridCustomLayoutView ACBP=A9
 0001:0000EEC8 0000000E C=CODE     S=.text    G=(none)   M=cxGridCardView ACBP=A9
 0001:0000EED8 0000000E C=CODE     S=.text    G=(none)   M=cxGridBandedTableView ACBP=A9
 0001:0000EEE8 0000000E C=CODE     S=.text    G=(none)   M=cxGridCustomPopupMenu ACBP=A9
 0001:0000EEF8 0000000E C=CODE     S=.text    G=(none)   M=cxGridUIHelper ACBP=A9
 0001:0000EF08 0000000E C=CODE     S=.text    G=(none)   M=cxGridUICustomTableHelper ACBP=A9
 0001:0000EF18 0000000E C=CODE     S=.text    G=(none)   M=cxGridUICardHelper ACBP=A9
 0001:0000EF28 0000000E C=CODE     S=.text    G=(none)   M=cxGridUITableHelper ACBP=A9
 0001:0000EF38 0000000E C=CODE     S=.text    G=(none)   M=cxGridUIBandedTableHelper ACBP=A9
 0001:0000EF48 0000000E C=CODE     S=.text    G=(none)   M=cxGridPopupMenuConsts ACBP=A9
 0001:0000EF58 0000000E C=CODE     S=.text    G=(none)   M=cxGridMenuOperations ACBP=A9
 0001:0000EF68 0000000E C=CODE     S=.text    G=(none)   M=cxGridGroupRowPopupMenuItems ACBP=A9
 0001:0000EF78 0000000E C=CODE     S=.text    G=(none)   M=cxGridFooterPopupMenuItems ACBP=A9
 0001:0000EF88 0000000E C=CODE     S=.text    G=(none)   M=cxGridHeaderPopupMenuItems ACBP=A9
 0001:0000EF98 0000000E C=CODE     S=.text    G=(none)   M=cxGridStdPopupMenu ACBP=A9
 0001:0000EFA8 0000000E C=CODE     S=.text    G=(none)   M=cxGridPopupMenu ACBP=A9
 0001:0000EFB8 0000000E C=CODE     S=.text    G=(none)   M=dxLayoutSelection ACBP=A9
 0001:0000EFC8 0000000E C=CODE     S=.text    G=(none)   M=dxLayoutStrs ACBP=A9
 0001:0000EFD8 0000000E C=CODE     S=.text    G=(none)   M=dxLayoutCommon ACBP=A9
 0001:0000EFE8 0000000E C=CODE     S=.text    G=(none)   M=dxLayoutControlAdapters ACBP=A9
 0001:0000EFF8 0000000E C=CODE     S=.text    G=(none)   M=dxLayoutcxEditAdapters ACBP=A9
 0001:0000F008 0000000E C=CODE     S=.text    G=(none)   M=dxLayoutEditForm ACBP=A9
 0001:0000F018 0000000E C=CODE     S=.text    G=(none)   M=dxLayoutCustomizeForm ACBP=A9
 0001:0000F028 0000000E C=CODE     S=.text    G=(none)   M=dxLayoutDragAndDrop ACBP=A9
 0001:0000F038 0000000E C=CODE     S=.text    G=(none)   M=dxLayoutPainters ACBP=A9
 0001:0000F048 0000000E C=CODE     S=.text    G=(none)   M=dxLayoutLookAndFeels ACBP=A9
 0001:0000F058 0000000E C=CODE     S=.text    G=(none)   M=dxLayoutContainer ACBP=A9
 0001:0000F068 0000000E C=CODE     S=.text    G=(none)   M=dxLayoutControl ACBP=A9
 0001:0000F078 0000000E C=CODE     S=.text    G=(none)   M=cxDBPivotGrid ACBP=A9
 0001:0000F088 0000000E C=CODE     S=.text    G=(none)   M=cxCustomPivotGrid ACBP=A9
 0001:0000F098 0000000E C=CODE     S=.text    G=(none)   M=cxInplaceContainer ACBP=A9
 0001:0000F0A8 0000000E C=CODE     S=.text    G=(none)   M=cxPivotGridAdvancedCustomization ACBP=A9
 0001:0000F0B8 0000000E C=CODE     S=.text    G=(none)   M=cxPivotGridCustomization ACBP=A9
 0001:0000F0C8 0000000E C=CODE     S=.text    G=(none)   M=cxPivotGridStrs ACBP=A9
 0001:0000F0D8 0000000E C=CODE     S=.text    G=(none)   M=cxPivotGrid ACBP=A9
 0001:0000F0E8 0000000E C=CODE     S=.text    G=(none)   M=cxPivotGridSummaryDataSet ACBP=A9
 0001:0000F0F8 0000000E C=CODE     S=.text    G=(none)   M=cxPivotGridCustomDataSet ACBP=A9
 0001:0000F108 0000000E C=CODE     S=.text    G=(none)   M=dxmdaset ACBP=A9
 0001:0000F118 0000000E C=CODE     S=.text    G=(none)   M=cxPivotGridChartConnection ACBP=A9
 0001:0000F128 0000000E C=CODE     S=.text    G=(none)   M=cxGridChartView ACBP=A9
 0001:0000F138 0000000E C=CODE     S=.text    G=(none)   M=cxPivotGridDrillDownDataSet ACBP=A9
 0001:0000F148 0000000E C=CODE     S=.text    G=(none)   M=cxPivotGridOLAPDataSource ACBP=A9
 0001:0000F158 0000000E C=CODE     S=.text    G=(none)   M=cxPivotGridOLAPQueryBuilder ACBP=A9
 0001:0000F168 0000000E C=CODE     S=.text    G=(none)   M=cxADOMDInt ACBP=A9
 0001:0000F178 0000000E C=CODE     S=.text    G=(none)   M=cxScheduler ACBP=A9
 0001:0000F188 0000000E C=CODE     S=.text    G=(none)   M=cxSchedulerYearView ACBP=A9
 0001:0000F198 0000000E C=CODE     S=.text    G=(none)   M=cxSchedulerStrs ACBP=A9
 0001:0000F1A8 0000000E C=CODE     S=.text    G=(none)   M=cxSchedulerStorage ACBP=A9
 0001:0000F1B8 0000000E C=CODE     S=.text    G=(none)   M=cxSchedulerHolidays ACBP=A9
 0001:0000F1C8 0000000E C=CODE     S=.text    G=(none)   M=cxSchedulerUtils ACBP=A9
 0001:0000F1D8 0000000E C=CODE     S=.text    G=(none)   M=cxSchedulerReminderWindow ACBP=A9
 0001:0000F1E8 0000000E C=CODE     S=.text    G=(none)   M=cxSchedulerDialogs ACBP=A9
 0001:0000F1F8 0000000E C=CODE     S=.text    G=(none)   M=cxSchedulerTaskDependencyEditor ACBP=A9
 0001:0000F208 0000000E C=CODE     S=.text    G=(none)   M=cxSchedulerHolidaysLocationEditor ACBP=A9
 0001:0000F218 0000000E C=CODE     S=.text    G=(none)   M=cxSchedulerHolidaysLocationHolidayEditor ACBP=A9
 0001:0000F228 0000000E C=CODE     S=.text    G=(none)   M=cxSchedulerHolidaysEditor ACBP=A9
 0001:0000F238 0000000E C=CODE     S=.text    G=(none)   M=cxShellBrowserDialog ACBP=A9
 0001:0000F248 0000000E C=CODE     S=.text    G=(none)   M=cxShellBrowser ACBP=A9
 0001:0000F258 0000000E C=CODE     S=.text    G=(none)   M=cxShellDlgs ACBP=A9
 0001:0000F268 0000000E C=CODE     S=.text    G=(none)   M=cxShellCommon ACBP=A9
 0001:0000F278 0000000E C=CODE     S=.text    G=(none)   M=cxShellControls ACBP=A9
 0001:0000F288 0000000E C=CODE     S=.text    G=(none)   M=cxShellTreeView ACBP=A9
 0001:0000F298 0000000E C=CODE     S=.text    G=(none)   M=cxShellListView ACBP=A9
 0001:0000F2A8 0000000E C=CODE     S=.text    G=(none)   M=cxSchedulerRecurrenceSelectionDialog ACBP=A9
 0001:0000F2B8 0000000E C=CODE     S=.text    G=(none)   M=cxSchedulerCustomControls ACBP=A9
 0001:0000F2C8 0000000E C=CODE     S=.text    G=(none)   M=cxSchedulerRecurrenceEditor ACBP=A9
 0001:0000F2D8 0000000E C=CODE     S=.text    G=(none)   M=cxSchedulerEventEditor ACBP=A9
 0001:0000F2E8 0000000E C=CODE     S=.text    G=(none)   M=cxSchedulerGoToDateDialog ACBP=A9
 0001:0000F2F8 0000000E C=CODE     S=.text    G=(none)   M=cxSchedulerCustomResourceView ACBP=A9
 0001:0000F308 0000000E C=CODE     S=.text    G=(none)   M=cxSchedulerDateNavigator ACBP=A9
 0001:0000F318 0000000E C=CODE     S=.text    G=(none)   M=cxSchedulerTimeGridView ACBP=A9
 0001:0000F328 0000000E C=CODE     S=.text    G=(none)   M=cxSchedulerGanttView ACBP=A9
 0001:0000F338 0000000E C=CODE     S=.text    G=(none)   M=cxSchedulerWeekView ACBP=A9
 0001:0000F348 0000000E C=CODE     S=.text    G=(none)   M=cxSchedulerDayView ACBP=A9
 0001:0000F358 0000000E C=CODE     S=.text    G=(none)   M=cxSchedulerResourcesLayoutEditor ACBP=A9
 0001:0000F368 0000000E C=CODE     S=.text    G=(none)   M=cxSchedulerDBStorage ACBP=A9
 0001:0000F378 0000000E C=CODE     S=.text    G=(none)   M=cxSchedulercxGridConnection ACBP=A9
 0001:0000F388 0000000E C=CODE     S=.text    G=(none)   M=cxSchedulerAggregateStorage ACBP=A9
 0001:0000F398 0000000E C=CODE     S=.text    G=(none)   M=cxDateNavigator ACBP=A9
 0001:0000F3A8 0000000E C=CODE     S=.text    G=(none)   M=cxTLStrs ACBP=A9
 0001:0000F3B8 0000000E C=CODE     S=.text    G=(none)   M=cxTL     ACBP=A9
 0001:0000F3C8 0000000E C=CODE     S=.text    G=(none)   M=cxTLData ACBP=A9
 0001:0000F3D8 0000000E C=CODE     S=.text    G=(none)   M=cxDBTL   ACBP=A9
 0001:0000F3E8 0000000E C=CODE     S=.text    G=(none)   M=cxVGrid  ACBP=A9
 0001:0000F3F8 0000000E C=CODE     S=.text    G=(none)   M=cxVGridUtils ACBP=A9
 0001:0000F408 0000000E C=CODE     S=.text    G=(none)   M=cxVGridNewCategory ACBP=A9
 0001:0000F418 0000000E C=CODE     S=.text    G=(none)   M=cxVGridConsts ACBP=A9
 0001:0000F428 0000000E C=CODE     S=.text    G=(none)   M=cxVGridViewInfo ACBP=A9
 0001:0000F438 0000000E C=CODE     S=.text    G=(none)   M=cxDBVGrid ACBP=A9
 0001:0000F448 0000000E C=CODE     S=.text    G=(none)   M=cxOI     ACBP=A9
 0001:0000F458 0000000E C=CODE     S=.text    G=(none)   M=cxOICollectionEd ACBP=A9
 0001:0000F468 0000000E C=CODE     S=.text    G=(none)   M=cxOIPictureEd ACBP=A9
 0001:0000F478 0000000E C=CODE     S=.text    G=(none)   M=cxOIStringsEd ACBP=A9
 0001:0000F488 0000000E C=CODE     S=.text    G=(none)   M=MPlayer  ACBP=A9
 0001:0000F498 0000000E C=CODE     S=.text    G=(none)   M=cxDBShellComboBox ACBP=A9
 0001:0000F4A8 0000000E C=CODE     S=.text    G=(none)   M=cxShellComboBox ACBP=A9
 0001:0000F4B8 0000000E C=CODE     S=.text    G=(none)   M=cxShellEditRepositoryItems ACBP=A9
 0001:0000F4C8 0000000E C=CODE     S=.text    G=(none)   M=dxorgchr ACBP=A9
 0001:0000F4D8 0000000E C=CODE     S=.text    G=(none)   M=dxdborgc ACBP=A9
 0001:0000F4E8 0000000E C=CODE     S=.text    G=(none)   M=dxorgced ACBP=A9
 0001:0000F4F8 0000000E C=CODE     S=.text    G=(none)   M=dxorgchrstrs ACBP=A9
 0001:0000F508 0000000E C=CODE     S=.text    G=(none)   M=DBTables ACBP=A9
 0001:0000F518 0000000E C=CODE     S=.text    G=(none)   M=SMINTF   ACBP=A9
 0001:0000F528 0000000E C=CODE     S=.text    G=(none)   M=BDE      ACBP=A9
 0001:0000F538 0000000E C=CODE     S=.text    G=(none)   M=bdeconst ACBP=A9
 0001:0000F548 0000000E C=CODE     S=.text    G=(none)   M=cxGridLayoutViewCustomizationForm ACBP=A9
 0001:0000F558 0000000E C=CODE     S=.text    G=(none)   M=cxGridLayoutView ACBP=A9
 0001:0000F568 0000000E C=CODE     S=.text    G=(none)   M=cxLayoutViewEditor ACBP=A9
 0001:0000F578 0000000E C=CODE     S=.text    G=(none)   M=cxCustomTableViewEditor ACBP=A9
 0001:0000F588 0000000E C=CODE     S=.text    G=(none)   M=cxViewEditor ACBP=A9
 0001:0000F598 0000000E C=CODE     S=.text    G=(none)   M=cxDesignWindows ACBP=A9
 0001:0000F5A8 0000000E C=CODE     S=.text    G=(none)   M=DesignConst ACBP=A9
 0001:0000F5B8 0000000E C=CODE     S=.text    G=(none)   M=ComponentDesigner ACBP=A9
 0001:0000F5C8 0000000E C=CODE     S=.text    G=(none)   M=EditIntf ACBP=A9
 0001:0000F5D8 0000000E C=CODE     S=.text    G=(none)   M=VirtIntf ACBP=A9
 0001:0000F5E8 0000000E C=CODE     S=.text    G=(none)   M=Events   ACBP=A9
 0001:0000F5F8 0000000E C=CODE     S=.text    G=(none)   M=ToolUtils ACBP=A9
 0001:0000F608 0000000E C=CODE     S=.text    G=(none)   M=DesignIntf ACBP=A9
 0001:0000F618 0000000E C=CODE     S=.text    G=(none)   M=DesignMenus ACBP=A9
 0001:0000F628 0000000E C=CODE     S=.text    G=(none)   M=ToolsAPI ACBP=A9
 0001:0000F638 0000000E C=CODE     S=.text    G=(none)   M=Update   ACBP=A9
 0001:0000F648 0000000E C=CODE     S=.text    G=(none)   M=LibConst ACBP=A9
 0001:0000F658 0000000E C=CODE     S=.text    G=(none)   M=DesignEditors ACBP=A9
 0001:0000F668 0000000E C=CODE     S=.text    G=(none)   M=Proxies  ACBP=A9
 0001:0000F678 0000000E C=CODE     S=.text    G=(none)   M=Designer ACBP=A9
 0001:0000F688 0000000E C=CODE     S=.text    G=(none)   M=StFilSys ACBP=A9
 0001:0000F698 0000000E C=CODE     S=.text    G=(none)   M=IStreams ACBP=A9
 0001:0000F6A8 0000000E C=CODE     S=.text    G=(none)   M=AxCtrls  ACBP=A9
 0001:0000F6B8 0000000E C=CODE     S=.text    G=(none)   M=TopLevels ACBP=A9
 0001:0000F6C8 0000000E C=CODE     S=.text    G=(none)   M=TreeIntf ACBP=A9
 0001:0000F6D8 0000000E C=CODE     S=.text    G=(none)   M=DesignWindows ACBP=A9
 0001:0000F6E8 0000000E C=CODE     S=.text    G=(none)   M=VCLEditors ACBP=A9
 0001:0000F6F8 0000000E C=CODE     S=.text    G=(none)   M=cxLibraryReg ACBP=A9
 0001:0000F708 0000000E C=CODE     S=.text    G=(none)   M=dxCoreReg ACBP=A9
 0001:0000F718 0000000E C=CODE     S=.text    G=(none)   M=cxImageListEditor ACBP=A9
 0001:0000F728 0000000E C=CODE     S=.text    G=(none)   M=cxImageListEditorView ACBP=A9
 0001:0000F738 0000000E C=CODE     S=.text    G=(none)   M=cxStyleRepositoryEditor ACBP=A9
 0001:0000F748 0000000E C=CODE     S=.text    G=(none)   M=cxStyleSheetsLoad ACBP=A9
 0001:0000F758 0000000E C=CODE     S=.text    G=(none)   M=cxStyleSheetEditor ACBP=A9
 0001:0000F768 0000000E C=CODE     S=.text    G=(none)   M=PicEdit  ACBP=A9
 0001:0000F778 0000000E C=CODE     S=.text    G=(none)   M=LibHelp  ACBP=A9
 0001:0000F788 0000000E C=CODE     S=.text    G=(none)   M=cxPropertiesStoreEditor ACBP=A9
 0001:0000F798 0000000E C=CODE     S=.text    G=(none)   M=cxPropertiesStore ACBP=A9
 0001:0000F7A8 0000000E C=CODE     S=.text    G=(none)   M=dxScreenTipRepositoryEditor ACBP=A9
 0001:0000F7B8 0000000E C=CODE     S=.text    G=(none)   M=cxComponentCollectionEditor ACBP=A9
 0001:0000F7C8 0000000E C=CODE     S=.text    G=(none)   M=ColnEdit ACBP=A9
 0001:0000F7D8 0000000E C=CODE     S=.text    G=(none)   M=ActnPopup ACBP=A9
 0001:0000F7E8 0000000E C=CODE     S=.text    G=(none)   M=ActnCtrls ACBP=A9
 0001:0000F7F8 0000000E C=CODE     S=.text    G=(none)   M=GraphUtil ACBP=A9
 0001:0000F808 0000000E C=CODE     S=.text    G=(none)   M=ActnMan  ACBP=A9
 0001:0000F818 0000000E C=CODE     S=.text    G=(none)   M=ActnColorMaps ACBP=A9
 0001:0000F828 0000000E C=CODE     S=.text    G=(none)   M=ActnMenus ACBP=A9
 0001:0000F838 0000000E C=CODE     S=.text    G=(none)   M=ShadowWnd ACBP=A9
 0001:0000F848 0000000E C=CODE     S=.text    G=(none)   M=XPActnCtrls ACBP=A9
 0001:0000F858 0000000E C=CODE     S=.text    G=(none)   M=ToolWnds ACBP=A9
 0001:0000F868 0000000E C=CODE     S=.text    G=(none)   M=cxPropEditors ACBP=A9
 0001:0000F878 0000000E C=CODE     S=.text    G=(none)   M=cxGridViewLayoutEditor ACBP=A9
 0001:0000F888 0000000E C=CODE     S=.text    G=(none)   M=cxGridStructureNavigator ACBP=A9
 0001:0000F898 0000000E C=CODE     S=.text    G=(none)   M=cxGridEditor ACBP=A9
 0001:0000F8A8 0000000E C=CODE     S=.text    G=(none)   M=cxGridDBTableView ACBP=A9
 0001:0000F8B8 0000000E C=CODE     S=.text    G=(none)   M=cxGridDBLayoutView ACBP=A9
 0001:0000F8C8 0000000E C=CODE     S=.text    G=(none)   M=cxGridDBBandedTableView ACBP=A9
 0001:0000F8D8 0000000E C=CODE     S=.text    G=(none)   M=cxGridDBCardView ACBP=A9
 0001:0000F8E8 0000000E C=CODE     S=.text    G=(none)   M=cxGridDBChartView ACBP=A9
 0001:0000F8F8 0000000E C=CODE     S=.text    G=(none)   M=cxPivotGridDesigner ACBP=A9
 0001:0000F908 0000000E C=CODE     S=.text    G=(none)   M=cxPivotGridPredefinedStyles ACBP=A9
 0001:0000F918 0000000E C=CODE     S=.text    G=(none)   M=cxPivotGridStyleSheetsPreview ACBP=A9
 0001:0000F928 0000000E C=CODE     S=.text    G=(none)   M=cxExportPivotGridLink ACBP=A9
 0001:0000F938 0000000E C=CODE     S=.text    G=(none)   M=cxExportStrs ACBP=A9
 0001:0000F948 0000000E C=CODE     S=.text    G=(none)   M=cxExport ACBP=A9
 0001:0000F958 0000000E C=CODE     S=.text    G=(none)   M=cxHtmlXmlTxtExport ACBP=A9
 0001:0000F968 0000000E C=CODE     S=.text    G=(none)   M=cxXLSExport ACBP=A9
 0001:0000F978 0000000E C=CODE     S=.text    G=(none)   M=cxSSheet ACBP=A9
 0001:0000F988 0000000E C=CODE     S=.text    G=(none)   M=cxSSHistory ACBP=A9
 0001:0000F998 0000000E C=CODE     S=.text    G=(none)   M=cxSSRes  ACBP=A9
 0001:0000F9A8 0000000E C=CODE     S=.text    G=(none)   M=cxSSTypes ACBP=A9
 0001:0000F9B8 0000000E C=CODE     S=.text    G=(none)   M=cxSSData ACBP=A9
 0001:0000F9C8 0000000E C=CODE     S=.text    G=(none)   M=cxExcelConst ACBP=A9
 0001:0000F9D8 0000000E C=CODE     S=.text    G=(none)   M=cxSSUtils ACBP=A9
 0001:0000F9E8 0000000E C=CODE     S=.text    G=(none)   M=cxSSStyles ACBP=A9
 0001:0000F9F8 0000000E C=CODE     S=.text    G=(none)   M=cxSSIntf ACBP=A9
 0001:0000FA08 0000000E C=CODE     S=.text    G=(none)   M=cxSSPainterWrapper ACBP=A9
 0001:0000FA18 0000000E C=CODE     S=.text    G=(none)   M=cxSSHeaders ACBP=A9
 0001:0000FA28 0000000E C=CODE     S=.text    G=(none)   M=cxSSViewInfo ACBP=A9
 0001:0000FA38 0000000E C=CODE     S=.text    G=(none)   M=cxSSFormulas ACBP=A9
 0001:0000FA48 0000000E C=CODE     S=.text    G=(none)   M=cxExcelFormulas ACBP=A9
 0001:0000FA58 0000000E C=CODE     S=.text    G=(none)   M=cxExcelAccess ACBP=A9
 0001:0000FA68 0000000E C=CODE     S=.text    G=(none)   M=cxSSEditors ACBP=A9
 0001:0000FA78 0000000E C=CODE     S=.text    G=(none)   M=cxSSPainters ACBP=A9
 0001:0000FA88 0000000E C=CODE     S=.text    G=(none)   M=cxSSDesigner ACBP=A9
 0001:0000FA98 0000000E C=CODE     S=.text    G=(none)   M=cxSSColorBox ACBP=A9
 0001:0000FAA8 0000000E C=CODE     S=.text    G=(none)   M=cxSSCtrls ACBP=A9
 0001:0000FAB8 0000000E C=CODE     S=.text    G=(none)   M=cxTLPredefinedStyles ACBP=A9
 0001:0000FAC8 0000000E C=CODE     S=.text    G=(none)   M=cxTLStyleSheetPreview ACBP=A9
 0001:0000FAD8 0000000E C=CODE     S=.text    G=(none)   M=dxtree   ACBP=A9
 0001:0000FAE8 0000000E C=CODE     S=.text    G=(none)   M=dxdbtree ACBP=A9
 0001:0000FAF8 0000000E C=CODE     S=.text    G=(none)   M=dxlocate ACBP=A9
 0001:0000FB08 0000000E C=CODE     S=.text    G=(none)   M=dxDockControl ACBP=A9
 0001:0000FB18 0000000E C=CODE     S=.text    G=(none)   M=dxDockConsts ACBP=A9
 0001:0000FB28 0000000E C=CODE     S=.text    G=(none)   M=dxDockStyleVS2005 ACBP=A9
 0001:0000FB38 0000000E C=CODE     S=.text    G=(none)   M=dxDockZones ACBP=A9
 0001:0000FB48 0000000E C=CODE     S=.text    G=(none)   M=dxDockPanel ACBP=A9
 0001:0000FB58 0000000E C=CODE     S=.text    G=(none)   M=dxDockControlOfficeView ACBP=A9
 0001:0000FB68 0000000E C=CODE     S=.text    G=(none)   M=dxDockControlNETView ACBP=A9
 0001:0000FB78 0000000E C=CODE     S=.text    G=(none)   M=dxDockControlXPView ACBP=A9
 0001:0000FB88 0000000E C=CODE     S=.text    G=(none)   M=dxdbtrel ACBP=A9
 0001:0000FB98 0000000E C=CODE     S=.text    G=(none)   M=dxflchrt ACBP=A9
 0001:0000FBA8 0000000E C=CODE     S=.text    G=(none)   M=dxLines  ACBP=A9
 0001:0000FBB8 0000000E C=CODE     S=.text    G=(none)   M=dxLayoutLookAndFeelListDesignForm ACBP=A9
 0001:0000FBC8 0000000E C=CODE     S=.text    G=(none)   M=dxLayoutImport ACBP=A9
 0001:0000FBD8 0000000E C=CODE     S=.text    G=(none)   M=dxNavBar ACBP=A9
 0001:0000FBE8 0000000E C=CODE     S=.text    G=(none)   M=dxNavBarConsts ACBP=A9
 0001:0000FBF8 0000000E C=CODE     S=.text    G=(none)   M=dxNavBarStyles ACBP=A9
 0001:0000FC08 0000000E C=CODE     S=.text    G=(none)   M=dxNavBarBase ACBP=A9
 0001:0000FC18 0000000E C=CODE     S=.text    G=(none)   M=dxNavBarCollns ACBP=A9
 0001:0000FC28 0000000E C=CODE     S=.text    G=(none)   M=dxNavBarVistaViews ACBP=A9
 0001:0000FC38 0000000E C=CODE     S=.text    G=(none)   M=dxNavBarOffice11Views ACBP=A9
 0001:0000FC48 0000000E C=CODE     S=.text    G=(none)   M=dxNavBarExplorerViews ACBP=A9
 0001:0000FC58 0000000E C=CODE     S=.text    G=(none)   M=dxNavBarCustomPainters ACBP=A9
 0001:0000FC68 0000000E C=CODE     S=.text    G=(none)   M=dxNavBarGraphics ACBP=A9
 0001:0000FC78 0000000E C=CODE     S=.text    G=(none)   M=dxNavBarViewsFact ACBP=A9
 0001:0000FC88 0000000E C=CODE     S=.text    G=(none)   M=dxNavBarOfficeViews ACBP=A9
 0001:0000FC98 0000000E C=CODE     S=.text    G=(none)   M=dxNavBarBaseViews ACBP=A9
 0001:0000FCA8 0000000E C=CODE     S=.text    G=(none)   M=dxNavBarAccessibility ACBP=A9
 0001:0000FCB8 0000000E C=CODE     S=.text    G=(none)   M=dxNavBarXPViews ACBP=A9
 0001:0000FCC8 0000000E C=CODE     S=.text    G=(none)   M=dxNavBarSkinBasedViews ACBP=A9
 0001:0000FCD8 0000000E C=CODE     S=.text    G=(none)   M=dxNavBarVSToolBoxViews ACBP=A9
 0001:0000FCE8 0000000E C=CODE     S=.text    G=(none)   M=dxNavBarOffice12Views ACBP=A9
 0001:0000FCF8 0000000E C=CODE     S=.text    G=(none)   M=dxNavBarCustomization ACBP=A9
 0001:0000FD08 0000000E C=CODE     S=.text    G=(none)   M=dxNavBarGroupItems ACBP=A9
 0001:0000FD18 0000000E C=CODE     S=.text    G=(none)   M=dxNavBarDsgnConsts ACBP=A9
 0001:0000FD28 0000000E C=CODE     S=.text    G=(none)   M=dxfmNavBarDsgnEditor ACBP=A9
 0001:0000FD38 0000000E C=CODE     S=.text    G=(none)   M=dxNavBarDsgnUtils ACBP=A9
 0001:0000FD48 0000000E C=CODE     S=.text    G=(none)   M=dxsbar   ACBP=A9
 0001:0000FD58 0000000E C=CODE     S=.text    G=(none)   M=untEasyClientDataSet ACBP=A9
 0001:0000FD68 0000000E C=CODE     S=.text    G=(none)   M=untEasyShape ACBP=A9
 0001:0000FD78 0000000E C=CODE     S=.text    G=(none)   M=cxEasyBlobFileEdit ACBP=A9
 0001:0000FD88 0000000E C=CODE     S=.text    G=(none)   M=cxEasyFile ACBP=A9
 0001:0000FD98 00001814 C=CODE     S=.text    G=(none)   M=untEasyStdCmpsReg ACBP=A9
 0001:000115AC 0000039C C=CODE     S=.text    G=(none)   M=untEasyLockApp ACBP=A9
 0001:00011948 00000674 C=CODE     S=.text    G=(none)   M=untEasyPlateChangePS ACBP=A9
 0001:00011FBC 00000B28 C=CODE     S=.text    G=(none)   M=untEasySelectCMD ACBP=A9
 0001:00012AE4 00006400 C=CODE     S=.text    G=(none)   M=untEasyPlateClient ACBP=A9
 0001:00018EE4 00000038 C=CODE     S=.text    G=(none)   M=untEasyPlateClientUtil ACBP=A9
 0001:00018F1C 00001255 C=CODE     S=.text    G=(none)   M=EasyPlateClient ACBP=A9
 0002:00000000 0000001C C=DATA     S=.data    G=DGROUP   M=SysInit  ACBP=A9
 0002:0000001C 00000008 C=DATA     S=.data    G=DGROUP   M=cxBarEditItem ACBP=A9
 0002:00000024 00000008 C=DATA     S=.data    G=DGROUP   M=dxSkinBlue ACBP=A9
 0002:0000002C 00000008 C=DATA     S=.data    G=DGROUP   M=dxSkinCaramel ACBP=A9
 0002:00001000 00000008 C=BSS      S=.bss     G=DGROUP   M=SysInit  ACBP=A9
 0002:00001008 00000004 C=BSS      S=.bss     G=DGROUP   M=Windows  ACBP=A9
 0002:0000100C 00000004 C=BSS      S=.bss     G=DGROUP   M=Messages ACBP=A9
 0002:00001010 00000004 C=BSS      S=.bss     G=DGROUP   M=CommCtrl ACBP=A9
 0002:00001014 00000004 C=BSS      S=.bss     G=DGROUP   M=Imm      ACBP=A9
 0002:00001018 00000004 C=BSS      S=.bss     G=DGROUP   M=UrlMon   ACBP=A9
 0002:0000101C 00000004 C=BSS      S=.bss     G=DGROUP   M=WinInet  ACBP=A9
 0002:00001020 00000004 C=BSS      S=.bss     G=DGROUP   M=RegStr   ACBP=A9
 0002:00001024 00000004 C=BSS      S=.bss     G=DGROUP   M=ShellAPI ACBP=A9
 0002:00001028 00000004 C=BSS      S=.bss     G=DGROUP   M=ShlObj   ACBP=A9
 0002:0000102C 00000004 C=BSS      S=.bss     G=DGROUP   M=WinSpool ACBP=A9
 0002:00001030 00000004 C=BSS      S=.bss     G=DGROUP   M=CommDlg  ACBP=A9
 0002:00001034 00000004 C=BSS      S=.bss     G=DGROUP   M=Dlgs     ACBP=A9
 0002:00001038 00000004 C=BSS      S=.bss     G=DGROUP   M=RichEdit ACBP=A9
 0002:0000103C 00000004 C=BSS      S=.bss     G=DGROUP   M=WinSock  ACBP=A9
 0002:00001040 00000004 C=BSS      S=.bss     G=DGROUP   M=TlHelp32 ACBP=A9
 0002:00001044 00000004 C=BSS      S=.bss     G=DGROUP   M=MMSystem ACBP=A9
 0002:00001048 00000004 C=BSS      S=.bss     G=DGROUP   M=cxBarEditItemValueEditor ACBP=A9
 0002:0000104C 00000018 C=BSS      S=.bss     G=DGROUP   M=cxBarEditItem ACBP=A9
 0002:00001064 00000004 C=BSS      S=.bss     G=DGROUP   M=dxSkinBlue ACBP=A9
 0002:00001068 00000004 C=BSS      S=.bss     G=DGROUP   M=dxSkinCaramel ACBP=A9
 0002:0000106C 00000008 C=BSS      S=.bss     G=DGROUP   M=cxPCdxBarPopupMenu ACBP=A9
 0002:00001074 00000004 C=BSS      S=.bss     G=DGROUP   M=dxTabbedMDIStrs ACBP=A9
 0002:00001078 00000008 C=BSS      S=.bss     G=DGROUP   M=dxTabbedMDI ACBP=A9
 0002:00001080 00000008 C=BSS      S=.bss     G=DGROUP   M=untEasyLoginMain ACBP=A9
 0002:00001088 00000008 C=BSS      S=.bss     G=DGROUP   M=untEasyPlateLoading ACBP=A9
 0002:00001090 00000004 C=BSS      S=.bss     G=DGROUP   M=OleDlg   ACBP=A9
 0002:00001094 00000004 C=BSS      S=.bss     G=DGROUP   M=untEasyStdCmpsReg ACBP=A9
 0002:00001098 00000008 C=BSS      S=.bss     G=DGROUP   M=untEasyLockApp ACBP=A9
 0002:000010A0 00000008 C=BSS      S=.bss     G=DGROUP   M=untEasyPlateChangePS ACBP=A9
 0002:000010A8 00000008 C=BSS      S=.bss     G=DGROUP   M=untEasySelectCMD ACBP=A9
 0002:000010B0 00000014 C=BSS      S=.bss     G=DGROUP   M=untEasyPlateClient ACBP=A9
 0002:000010C4 00000004 C=BSS      S=.bss     G=DGROUP   M=untEasyPlateClientUtil ACBP=A9


  Address         Publics by Name

 0002:00001020       .1
 0002:000010C4       .1
 0002:00001004       .1
 0002:0000101C       .1
 0002:00001074       .1
 0002:00001018       .1
 0002:00001028       .1
 0002:00001014       .1
 0002:00001010       .1
 0002:0000100C       .1
 0002:00001094       .1
 0002:00001090       .1
 0002:00001030       .1
 0002:00001034       .1
 0002:00001038       .1
 0002:0000103C       .1
 0002:00001040       .1
 0002:00001024       .1
 0002:00001048       .1
 0002:00001064       .2
 0002:00001084       .2
 0002:0000108C       .2
 0002:000010B4       .2
 0002:000010AC       .2
 0002:00001068       .2
 0002:000010A4       .2
 0002:0000109C       .2
 0002:0000106C       .2
 0002:0000102C       .3
 0002:00001008       .3
 0002:0000104C       .5
 0002:00001078       .6
 0002:00001044       .7
 0001:000001FC       @InitExe
 0002:00001070       APreviousMenuClass
 0002:0000001C       AShowParams
 0001:0000698C       AssignEditEvents
 0002:000010B8       ATmpCds
 0001:000002B0       BeginPaint
 0001:00006EAC       CanHotTrack
 0001:0000D310       CheckMaximized
 0001:000034BC       ClearPublishedEvents
 0001:000002A0       CombineRgn
 0001:00000764       CommCtrl
 0001:000009BC       CommDlg
 0001:000037F8       CreateButton
 0001:00004C14       CreateDefaultRepositoryItem
 0001:000035A0       CreateEdit
 0001:0000E770       CreatePG
 0001:0000E800       CreatePG_Plug
 0001:0000E8A0       CreatePG_Plug_File
 0001:000002A8       CreateRectRgnIndirect
 0001:00003850       CreateSubControls
 0001:000086C8       cxBarEditItem
 0001:00003C60       cxBarEditItemValueEditor
 0001:00009960       cxPCdxBarPopupMenu
 0001:0000AC10       Default
 0001:0000B460       Default
 0001:0000D04C       Default
 0001:00004C2C       DefaultRepositoryItem
 0001:000002B8       DefWindowProc
 0001:000009F4       Dlgs
 0001:0000AD48       DoChildActivate
 0001:0000D27C       DoClientSubclass
 0001:0000B664       DoDestroyWnd
 0001:0000ADE0       DoDestroyWnd
 0001:0000B6B8       DoFocusChanged
 0001:0000B618       DoKeyDown
 0001:0000B640       DoMDIChildCreate
 0001:0000AE34       DoNCActivate
 0001:0000ACAC       DoNCCalcSize
 0001:0000B490       DoNCCalcSize
 0001:0000B500       DoNCPaint
 0001:0000B588       DoPaint
 0001:0000AEC4       DoSetIcon
 0001:0000AEA4       DoSetText
 0001:0000D068       DoSetText
 0001:0000AE54       DoShowWindow
 0001:0000B244       DoSubclass
 0001:0000AA88       DoSubclass
 0001:0000B3BC       DoUnsubclass
 0001:0000AABC       DoUnSubclass
 0001:0000D490       DoUnSubclass
 0001:0000AC2C       DoWindowPosMessage
 0001:00008D58       dxSkinBlue
 0001:000093E8       dxSkinCaramel
 0001:0000D680       dxTabbedMDI
 0001:0000A38C       dxTabbedMDICBTHook
 0002:0000107C       dxTabbedMDIManagers
 0001:00009A10       dxTabbedMDIStrs
 0001:0001A12C       EasyPlateClient
 0001:0000FD98       EasyRegisterAllClasses
 0001:00010980       EasyUnRegisterAllClasses
 0001:00004C44       EditList
 0001:00004C6C       EditorParentForm
 0001:000002C0       EndPaint
 0001:000059F0       Equals
 0001:00004CD8       FakeWinControl
 0002:00001050       FDefaultRepositoryItem
 0002:00001054       FEditList
 0002:00001058       FEditorParentForm
 0002:0000105C       FEditStyle
 0002:00001060       FFakeWinControl
 0001:00000944       Finalization
 0001:00018EAC       Finalization
 0001:00009920       Finalization
 0001:000099E0       Finalization
 0001:000008C4       Finalization
 0001:00000884       Finalization
 0001:00012AAC       Finalization
 0001:0000D644       Finalization
 0001:0000084C       Finalization
 0001:0000080C       Finalization
 0001:000007B4       Finalization
 0001:0000E4EC       Finalization
 0001:00000734       Finalization
 0001:000003A4       Finalization
 0001:0000036C       Finalization
 0001:00011F84       Finalization
 0001:0000E9D8       Finalization
 0001:00000240       Finalization
 0001:0000ED60       Finalization
 0001:00011910       Finalization
 0001:00002584       Finalization
 0001:000008FC       Finalization
 0001:00009394       Finalization
 0001:0000098C       Finalization
 0001:000009C4       Finalization
 0001:00008D04       Finalization
 0001:00018EE4       Finalization
 0001:0000276C       Finalization
 0001:00000A94       Finalization
 0001:00018F1C       Finalization
 0001:00003C30       Finalization
 0001:0000864C       Finalization
 0001:000022FC       Finalization
 0001:00011568       Finalization
 0002:00001098       frmEasyLockApp
 0002:00001080       frmEasyLoginMain
 0002:000010A0       frmEasyPlateChangePS
 0002:000010B0       frmEasyPlateClient
 0002:00001088       frmEasyPlateLoading
 0002:000010A8       frmEasySelectCMD
 0001:000002C8       GetActiveWindow
 0001:0000C090       GetDblClickShiftState
 0001:000002D0       GetDCEx
 0001:0001366C       GetEasyPlateClientVersion
 0001:0000379C       GetEditSize
 0001:000002D8       GetFocus
 0001:0001378C       GetLocalDateTime
 0001:0001369C       GetLocalDateTimeFormatSettings
 0001:0000DA58       GetLocalDateTimeFormatSettings
 0001:000001E8       GetModuleHandle
 0001:00000290       GetUserDefaultLCID
 0001:000002E0       GetWindowDC
 0001:000002E8       GetWindowLong
 0001:00006278       HasEditButtonCompositeFrame
 0002:000010BC       HasFilePlugDir
 0001:0000D2CC       HideAllChilds
 0002:00001000       HInstance
 0001:000007E4       Imm
 0001:000068F4       InitEditProperties
 0001:00004E04       InitEditStyle
 0001:0000B2B0       InitializeBoundsRect
 0001:0000839C       InitializeExternalBorderBounds
 0001:000001F0       InitializeModule
 0001:00004E30       InternalGetEditStyle
 0001:00003924       InternalShowValueEditor
 0001:00000844       InternetGetConnectedState
 0001:0000A360       InvalidateAllWnd
 0001:00017294       LoadPluginFromCMD
 0001:000003D4       Messages
 0001:0000279C       MMSystem
 0002:00000004       Module
 0001:00000298       MulDiv
 0001:000002F0       OffsetRect
 0001:0000ED90       OleDlg
 0002:000010C0       PluginDirPath
 0001:000002F8       PostMessage
 0001:0000B9F0       ProcessDragAndDrop
 0001:0000A348       RecalculateNCPart
 0001:00000300       RedrawWindow
 0001:0000A374       RefreshWindow
 0001:00008C80       RegisterPainters
 0001:00009310       RegisterPainters
 0001:000008B4       RegStr
 0001:00000308       ReleaseCapture
 0001:00000310       ReleaseDC
 0001:0000D4A4       RestoreProperties
 0001:00000AC4       RichEdit
 0001:00000318       ScreenToClient
 0001:00000320       SendMessage
 0001:00000328       SetCapture
 0001:00006880       SetEditButtonsWidth
 0001:00000330       SetFocus
 0001:00004D68       SetLookAndFeel
 0001:00004D28       SetStyleColors
 0001:0000B278       SetSubclassedWindowProperties
 0001:00000338       SetWindowLong
 0001:00000340       SetWindowPos
 0001:000008F4       ShellAPI
 0001:000008BC       ShellExecute
 0001:0000092C       ShlObj
 0001:00012394       ShowSelectCMDForm
 0001:00003C18       ShowValueEditor
 0001:00000348       ShowWindow
 0002:00000024       SkinNames
 0002:0000002C       SkinNames
 0002:00000028       SkinPainters
 0002:00000030       SkinPainters
 0001:00000358       SmallPointToPoint
 0001:0000D2AC       StoreProperties
 0001:0000B420       SysDefault
 0001:00000270       SysInit
 0001:00005EB8       TcxBarEditItemControl.ActivateEdit
 0001:00007D90       TcxBarEditItemControl.AssignViewInfoEvents
 0001:00005FC8       TcxBarEditItemControl.CalcDrawParams
 0001:00006008       TcxBarEditItemControl.CalcParts
 0001:00006F14       TcxBarEditItemControl.CalculateEditViewInfo
 0001:00006068       TcxBarEditItemControl.CanHide
 0001:000060A4       TcxBarEditItemControl.CanSelect
 0001:00007DE8       TcxBarEditItemControl.CheckHint
 0001:000060E0       TcxBarEditItemControl.CheckHotTrack
 0001:00007178       TcxBarEditItemControl.ClearEditEvents
 0001:00007EB4       TcxBarEditItemControl.ClearViewInfoEvents
 0001:00006188       TcxBarEditItemControl.ControlInactivate
 0001:00007104       TcxBarEditItemControl.CreateEditViewData
 0001:0000715C       TcxBarEditItemControl.CreateEditViewInfo
 0001:00005E4C       TcxBarEditItemControl.Destroy
 0001:00007430       TcxBarEditItemControl.DoAfterKeyDown
 0001:0000747C       TcxBarEditItemControl.DoCustomDrawPopupBorder
 0001:000074D4       TcxBarEditItemControl.DoDrawEditBackground
 0001:00007580       TcxBarEditItemControl.DoDrawEditButton
 0001:0000772C       TcxBarEditItemControl.DoDrawEditButtonBackground
 0001:00007864       TcxBarEditItemControl.DoDrawEditButtonBorder
 0001:000079F8       TcxBarEditItemControl.DoEditClosePopup
 0001:000079E8       TcxBarEditItemControl.DoEditPaint
 0001:00007A58       TcxBarEditItemControl.DoEditPropertiesChange
 0001:00007AF0       TcxBarEditItemControl.DoFocusChanged
 0001:00007A94       TcxBarEditItemControl.DoGetEditButtonState
 0001:00007AD0       TcxBarEditItemControl.DoGetEditDefaultButtonWidth
 0001:00007B50       TcxBarEditItemControl.DoInitPopup
 0001:00007BB4       TcxBarEditItemControl.DoKeyDown
 0001:00007BF8       TcxBarEditItemControl.DoKeyPress
 0001:00007C34       TcxBarEditItemControl.DoKeyUp
 0001:0000620C       TcxBarEditItemControl.DoMouseMove
 0001:000061D4       TcxBarEditItemControl.DoPaint
 0001:00007C78       TcxBarEditItemControl.DoPostEditValue
 0001:00007CD8       TcxBarEditItemControl.DoValidate
 0001:00007EFC       TcxBarEditItemControl.DrawEditBackground
 0001:000062B4       TcxBarEditItemControl.DrawTextField
 0001:00007F98       TcxBarEditItemControl.GetBoundsRect
 0001:0000654C       TcxBarEditItemControl.GetCaptionAreaWidth
 0001:00006380       TcxBarEditItemControl.GetControl
 0001:000065AC       TcxBarEditItemControl.GetControlAreaWidth
 0001:00007FD8       TcxBarEditItemControl.GetCurEditValue
 0001:00008014       TcxBarEditItemControl.GetDefaultEditButtonWidth
 0001:00006494       TcxBarEditItemControl.GetDefaultHeight
 0001:0000805C       TcxBarEditItemControl.GetDropDownEdit
 0001:00007D5C       TcxBarEditItemControl.GetEditButtonState
 0001:00008064       TcxBarEditItemControl.GetEditSize
 0001:00008280       TcxBarEditItemControl.GetEditStyle
 0001:00008318       TcxBarEditItemControl.GetEditViewInfo
 0001:00006388       TcxBarEditItemControl.GetHandle
 0001:000063B8       TcxBarEditItemControl.GetHintParams
 0001:00008370       TcxBarEditItemControl.GetItem
 0001:000064E0       TcxBarEditItemControl.GetMinEditorWidth
 0001:000064FC       TcxBarEditItemControl.GetPartCount
 0001:000065D4       TcxBarEditItemControl.GetPossibleViewLevels
 0001:00008384       TcxBarEditItemControl.GetProperties
 0001:00006524       TcxBarEditItemControl.GetShowCaption
 0001:0000660C       TcxBarEditItemControl.Hide
 0001:00006AA8       TcxBarEditItemControl.InitEdit
 0001:00008430       TcxBarEditItemControl.InitEditContentParams
 0001:00007254       TcxBarEditItemControl.InternalShowEdit
 0001:00006BC4       TcxBarEditItemControl.IsChildWindow
 0001:000084C8       TcxBarEditItemControl.IsDropDownEdit
 0001:00005E8C       TcxBarEditItemControl.IsDroppedDown
 0001:00006C00       TcxBarEditItemControl.IsEditTransparent
 0001:000084E4       TcxBarEditItemControl.IsPopupSideward
 0001:00006C20       TcxBarEditItemControl.IsTransparentOnGlass
 0001:00006C30       TcxBarEditItemControl.KeyDown
 0001:000085F8       TcxBarEditItemControl.LockChangeEvents
 0001:00008514       TcxBarEditItemControl.NeedEditShowCaption
 0001:00006C64       TcxBarEditItemControl.ParentVisibleChange
 0001:00008550       TcxBarEditItemControl.PrepareEditForClose
 0001:00006CB4       TcxBarEditItemControl.RestoreDisplayValue
 0001:000072C8       TcxBarEditItemControl.SaveEditEvents
 0001:00006DB4       TcxBarEditItemControl.Show
 0001:00006DE8       TcxBarEditItemControl.StoreDisplayValue
 0001:00006E74       TcxBarEditItemControl.WantsKey
 0001:00004F84       TcxBarEditItemVerticalButtonControl.CanClicked
 0001:00005010       TcxBarEditItemVerticalButtonControl.CanEdit
 0001:00004FAC       TcxBarEditItemVerticalButtonControl.CanSelect
 0001:00004FD4       TcxBarEditItemVerticalButtonControl.GetPaintStyle
 0001:00005228       TcxCustomBarEditItem.Assign
 0001:000055DC       TcxCustomBarEditItem.CanEdit
 0001:000055FC       TcxCustomBarEditItem.CaptionIsEditValue
 0001:000057B0       TcxCustomBarEditItem.CheckIsBlobEditValue
 0001:00005138       TcxCustomBarEditItem.Create
 0001:0000581C       TcxCustomBarEditItem.CreateProperties
 0001:0000572C       TcxCustomBarEditItem.CustomizingDoDrawEditButtonBackground
 0001:0000577C       TcxCustomBarEditItem.CustomizingDoGetEditDefaultButtonWidth
 0001:0000529C       TcxCustomBarEditItem.DefineProperties
 0001:000051D8       TcxCustomBarEditItem.Destroy
 0001:0000583C       TcxCustomBarEditItem.DestroyProperties
 0001:00005250       TcxCustomBarEditItem.DoClick
 0001:0000562C       TcxCustomBarEditItem.DoEditValueChanged
 0001:0000532C       TcxCustomBarEditItem.DrawCustomizingImage
 0001:000053E0       TcxCustomBarEditItem.DrawCustomizingImageContent
 0001:000055A0       TcxCustomBarEditItem.GetControlClass
 0001:0000584C       TcxCustomBarEditItem.GetCurEditValue
 0001:00005284       TcxCustomBarEditItem.GetProperties
 0001:00005894       TcxCustomBarEditItem.GetPropertiesClass
 0001:000058B4       TcxCustomBarEditItem.GetPropertiesClassName
 0001:000058F8       TcxCustomBarEditItem.GetPropertiesValue
 0001:0000593C       TcxCustomBarEditItem.GetRepositoryItemValue
 0001:000055B0       TcxCustomBarEditItem.HasAccel
 0001:0000569C       TcxCustomBarEditItem.InitProperties
 0001:00005964       TcxCustomBarEditItem.IsBarCompatibleEdit
 0001:000059D0       TcxCustomBarEditItem.IsBlobEditValue
 0001:00005A28       TcxCustomBarEditItem.IsEditValueStored
 0001:000056C4       TcxCustomBarEditItem.PropertiesChanged
 0001:00005A7C       TcxCustomBarEditItem.PropertiesChangedHandler
 0001:00005A8C       TcxCustomBarEditItem.PropertiesValueChanged
 0001:00005B28       TcxCustomBarEditItem.ReadEditValue
 0001:00005AD4       TcxCustomBarEditItem.ReadEditValue
 0001:00005710       TcxCustomBarEditItem.RepositoryItemItemRemoved
 0001:0000571C       TcxCustomBarEditItem.RepositoryItemPropertiesChanged
 0001:00005D4C       TcxCustomBarEditItem.SetBarStyleDropDownButton
 0001:00005BB8       TcxCustomBarEditItem.SetEditValue
 0001:00005C24       TcxCustomBarEditItem.SetHeight
 0001:00005C5C       TcxCustomBarEditItem.SetProperties
 0001:00005C70       TcxCustomBarEditItem.SetPropertiesClass
 0001:00005CC4       TcxCustomBarEditItem.SetPropertiesClassName
 0001:00005CE8       TcxCustomBarEditItem.SetRepositoryItem
 0001:00005D00       TcxCustomBarEditItem.SetRepositoryItemValue
 0001:000056F8       TcxCustomBarEditItem.UpdatePropertiesValue
 0001:00005D78       TcxCustomBarEditItem.UpdateRepositoryItemValue
 0001:00005D94       TcxCustomBarEditItem.UseBarPaintingStyle
 0001:00005DCC       TcxCustomBarEditItem.WriteEditValue
 0001:00005DBC       TcxCustomBarEditItem.WriteEditValue
 0001:000050B8       TcxItemsEditorEx.GetAddedItemClass
 0001:000050C0       TcxItemsEditorEx.GetPopupItemCaption
 0001:000050D8       TcxItemsEditorEx.InitializeAddedItem
 0001:00005028       TcxItemsEditorEx.InitSubItem
 0001:00009870       TcxPCdxBarInternalPopupMenu.CreateMenuItem
 0001:00009898       TcxPCdxBarInternalPopupMenu.CreatePopupMenu
 0001:000098D4       TcxPCdxBarInternalPopupMenu.DestroyPopupMenu
 0001:000098E4       TcxPCdxBarInternalPopupMenu.GetPopupClass
 0001:000098F8       TcxPCdxBarInternalPopupMenu.GetPopupMenu
 0001:00009908       TcxPCdxBarInternalPopupMenu.SetImages
 0001:00008C58       TdxSkinBluePainter.LookAndFeelName
 0001:000092E8       TdxSkinCaramelPainter.LookAndFeelName
 0001:0000A91C       TdxTabbedMDIChild.Create
 0001:0000A964       TdxTabbedMDIChild.Destroy
 0001:0000A998       TdxTabbedMDIChild.DoFormCreated
 0001:0000AA74       TdxTabbedMDIChild.GetForm
 0001:0000AA24       TdxTabbedMDIChild.RestoreOriginalBounds
 0001:0000AA54       TdxTabbedMDIChild.RestoreProperties
 0001:0000AAD4       TdxTabbedMDIChild.SetHandle
 0001:0000AB4C       TdxTabbedMDIChild.SetIsCreating
 0001:0000A9A8       TdxTabbedMDIChild.SetSubclassedWindowProperties
 0001:0000AB94       TdxTabbedMDIChild.StoreOriginalBounds
 0001:0000ABE0       TdxTabbedMDIChild.StoreProperties
 0001:0000AA04       TdxTabbedMDIChild.UpdateBounds
 0001:0000AEE4       TdxTabbedMDIChild.WndProc
 0001:0000B958       TdxTabbedMDIClientControl.ActiveChildChanged
 0001:0000BE40       TdxTabbedMDIClientControl.AddRefreshChild
 0001:0000B194       TdxTabbedMDIClientControl.ApplicationWndHook
 0001:0000B0A8       TdxTabbedMDIClientControl.BeginDragAndDrop
 0001:0000B124       TdxTabbedMDIClientControl.BeginUpdate
 0001:0000B204       TdxTabbedMDIClientControl.BoundsChanged
 0001:0000BE54       TdxTabbedMDIClientControl.CalculateTabsViewInfo
 0001:0000BC94       TdxTabbedMDIClientControl.CanDrawParentBackground
 0001:0000BE88       TdxTabbedMDIClientControl.CheckChanges
 0001:0000BFFC       TdxTabbedMDIClientControl.CheckRefreshedChildCaptions
 0001:0000C030       TdxTabbedMDIClientControl.CheckRefreshedChilds
 0001:0000AF9C       TdxTabbedMDIClientControl.Create
 0001:0000B21C       TdxTabbedMDIClientControl.CreateDragAndDropObject
 0001:0000B318       TdxTabbedMDIClientControl.CreateHandle
 0001:0000BDE0       TdxTabbedMDIClientControl.CreateHelpers
 0001:0000BF5C       TdxTabbedMDIClientControl.DeleteRefreshChild
 0001:0000AFFC       TdxTabbedMDIClientControl.Destroy
 0001:0000BE14       TdxTabbedMDIClientControl.DestroyHelpers
 0001:0000B3D8       TdxTabbedMDIClientControl.DestroyWindowHandle
 0001:0000C1B8       TdxTabbedMDIClientControl.DoClientAreaPaint
 0001:0000C064       TdxTabbedMDIClientControl.DoHandleKey
 0001:0000C0C4       TdxTabbedMDIClientControl.DoMouseDown
 0001:0000C120       TdxTabbedMDIClientControl.DoMouseMove
 0001:0000C15C       TdxTabbedMDIClientControl.DoMouseUp
 0001:0000C1A4       TdxTabbedMDIClientControl.DoNonClientAreaPaint
 0001:0000B0E8       TdxTabbedMDIClientControl.EndDragAndDrop
 0001:0000B12C       TdxTabbedMDIClientControl.EndUpdate
 0001:0000C238       TdxTabbedMDIClientControl.GetActiveChild
 0001:0000BC98       TdxTabbedMDIClientControl.GetBoundsRect
 0001:0000BCAC       TdxTabbedMDIClientControl.GetCanvas
 0001:0000BCB8       TdxTabbedMDIClientControl.GetColor
 0001:0000BCB4       TdxTabbedMDIClientControl.GetControl
 0001:0000BC58       TdxTabbedMDIClientControl.GetController
 0001:0000B40C       TdxTabbedMDIClientControl.GetDeviceContext
 0001:0000BCC0       TdxTabbedMDIClientControl.GetDragAndDropObject
 0001:0000BCCC       TdxTabbedMDIClientControl.GetDragAndDropState
 0001:0000BCD4       TdxTabbedMDIClientControl.GetFont
 0001:0000BCE8       TdxTabbedMDIClientControl.GetLookAndFeel
 0001:0000C274       TdxTabbedMDIClientControl.GetMappedTabsMousePosition
 0001:0000C258       TdxTabbedMDIClientControl.GetMouseButton
 0001:0000BC60       TdxTabbedMDIClientControl.GetPainter
 0001:0000C2A8       TdxTabbedMDIClientControl.GetParentForm
 0001:0000BC80       TdxTabbedMDIClientControl.GetProperties
 0001:0000C2B4       TdxTabbedMDIClientControl.GetTabbedMDIProperties
 0001:0000BC8C       TdxTabbedMDIClientControl.GetViewInfo
 0001:0000BF6C       TdxTabbedMDIClientControl.Invalidate
 0001:0000BCF8       TdxTabbedMDIClientControl.InvalidateRect
 0001:0000BD48       TdxTabbedMDIClientControl.IsDesigning
 0001:0000BD58       TdxTabbedMDIClientControl.IsDestroying
 0001:0000BD44       TdxTabbedMDIClientControl.IsEnabled
 0001:0000BD64       TdxTabbedMDIClientControl.IsFocused
 0001:0000BD94       TdxTabbedMDIClientControl.IsLoading
 0001:0000C2C0       TdxTabbedMDIClientControl.IsLocked
 0001:0000BD98       TdxTabbedMDIClientControl.IsParentBackground
 0001:0000BF8C       TdxTabbedMDIClientControl.LayoutChanged
 0001:0000B9D8       TdxTabbedMDIClientControl.LookAndFeelChangeHandler
 0001:0000BA54       TdxTabbedMDIClientControl.MouseDown
 0001:0000BDD0       TdxTabbedMDIClientControl.MouseLeave
 0001:0000BAF8       TdxTabbedMDIClientControl.MouseMove
 0001:0000BBDC       TdxTabbedMDIClientControl.MouseUp
 0001:0000B41C       TdxTabbedMDIClientControl.NeedsScrollBars
 0001:0000BC1C       TdxTabbedMDIClientControl.Paint
 0001:0000BD9C       TdxTabbedMDIClientControl.PtInCaller
 0001:0000BFA4       TdxTabbedMDIClientControl.RecreatePainter
 0001:0000C2E4       TdxTabbedMDIClientControl.SetActiveChild
 0001:0000C30C       TdxTabbedMDIClientControl.SetBoundsRect
 0001:0000C354       TdxTabbedMDIClientControl.SetClientBoundsRect
 0001:0000BD40       TdxTabbedMDIClientControl.SetModified
 0001:0000C388       TdxTabbedMDIClientControl.SubscribeChild
 0001:0000C3A4       TdxTabbedMDIClientControl.SubscribeChilds
 0001:0000B978       TdxTabbedMDIClientControl.TabPropertiesChangedHandler
 0001:0000B990       TdxTabbedMDIClientControl.TabPropertiesStyleChangedHandler
 0001:0000B99C       TdxTabbedMDIClientControl.TabPropertiesTabIndexChangedHandler
 0001:0000C3E8       TdxTabbedMDIClientControl.UnSubscribeChild
 0001:0000C42C       TdxTabbedMDIClientControl.UpdateActiveChildBounds
 0001:0000B700       TdxTabbedMDIClientControl.WndProc
 0001:0000CD44       TdxTabbedMDIManager.Assign
 0001:0000CDBC       TdxTabbedMDIManager.BuildFormatString
 0001:0000CEEC       TdxTabbedMDIManager.CheckUnique
 0001:0000D5BC       TdxTabbedMDIManager.ClientWndDestroyingNotify
 0001:0000CBB4       TdxTabbedMDIManager.Create
 0001:0000CCF4       TdxTabbedMDIManager.Destroy
 0001:0000D5CC       TdxTabbedMDIManager.DoPageAdded
 0001:0000CF70       TdxTabbedMDIManager.GetFormattedCaption
 0001:0000CDB8       TdxTabbedMDIManager.GetLookAndFeel
 0001:0000CDA0       TdxTabbedMDIManager.IsDesigning
 0001:0000CDA8       TdxTabbedMDIManager.IsDestroying
 0001:0000D000       TdxTabbedMDIManager.IsFormCaptionMaskStored
 0001:0000CDB0       TdxTabbedMDIManager.IsLoading
 0001:0000D5A0       TdxTabbedMDIManager.Loaded
 0001:0000D5E8       TdxTabbedMDIManager.LookAndFeelChangeHandler
 0001:0000D0F8       TdxTabbedMDIManager.MainFormWndProc
 0001:0000D128       TdxTabbedMDIManager.SetActive
 0001:0000D1BC       TdxTabbedMDIManager.SetForm
 0001:0000D188       TdxTabbedMDIManager.SetFormCaptionMask
 0001:0000D254       TdxTabbedMDIManager.SetLookAndFeel
 0001:0000D268       TdxTabbedMDIManager.SetTabProperties
 0001:0000D378       TdxTabbedMDIManager.SubscribeClient
 0001:0000D420       TdxTabbedMDIManager.SubscribeForm
 0001:0000D604       TdxTabbedMDIManager.TabPropertiesChangedHandler
 0001:0000D61C       TdxTabbedMDIManager.TabPropertiesStyleChangedHandler
 0001:0000D630       TdxTabbedMDIManager.TabPropertiesTabIndexChangedHandler
 0001:0000D4C4       TdxTabbedMDIManager.UnSubscribeClient
 0001:0000D52C       TdxTabbedMDIManager.UnSubscribeForm
 0001:0000D558       TdxTabbedMDIManager.UpdateCaption
 0001:0000D58C       TdxTabbedMDIManager.UpdateScrollBarsArea
 0001:0000C564       TdxTabbedMDIPage.Create
 0001:0000C6B0       TdxTabbedMDIPage.Destroy
 0001:0000C6FC       TdxTabbedMDIPage.DoMDIChildCreated
 0001:0000C7F0       TdxTabbedMDIPage.GetHandle
 0001:0000C800       TdxTabbedMDIPage.GetMDIChild
 0001:0000C804       TdxTabbedMDIPage.GetTab
 0001:0000C72C       TdxTabbedMDIPage.MDIChildDestroying
 0001:0000C808       TdxTabbedMDIPage.SetCaption
 0001:0000C818       TdxTabbedMDIPage.SetImageIndex
 0001:0000C734       TdxTabbedMDIPage.UpdateActiveCaption
 0001:0000C758       TdxTabbedMDIPage.UpdateBounds
 0001:0000C79C       TdxTabbedMDIPage.UpdateCaption
 0001:0000C768       TdxTabbedMDIPage.UpdateIcon
 0001:0000C458       TdxTabbedMDITabController.Create
 0001:0000C4AC       TdxTabbedMDITabController.GetClientToScreen
 0001:0000C49C       TdxTabbedMDITabController.GetControlHandle
 0001:0000C51C       TdxTabbedMDITabController.GetScreenToClient
 0001:0000C560       TdxTabbedMDITabControlViewInfo.HasBorders
 0001:0000C8E0       TdxTabbedMDITabProperties.AddPage
 0001:0000C910       TdxTabbedMDITabProperties.ClearPages
 0001:0000C920       TdxTabbedMDITabProperties.CloseTab
 0001:0000C828       TdxTabbedMDITabProperties.Create
 0001:0000C9C0       TdxTabbedMDITabProperties.DeletePage
 0001:0000C8A0       TdxTabbedMDITabProperties.Destroy
 0001:0000CB18       TdxTabbedMDITabProperties.GetActivePage
 0001:0000CB34       TdxTabbedMDITabProperties.GetPage
 0001:0000CB28       TdxTabbedMDITabProperties.GetPageCount
 0001:0000CB6C       TdxTabbedMDITabProperties.GetPageIndex
 0001:0000C9EC       TdxTabbedMDITabProperties.GetPageIndexByHandle
 0001:0000CB70       TdxTabbedMDITabProperties.MDIChildClose
 0001:0000CA38       TdxTabbedMDITabProperties.MoveTab
 0001:0000CA64       TdxTabbedMDITabProperties.SetActivePageByHandle
 0001:0000CBA8       TdxTabbedMDITabProperties.SetPageIndex
 0001:0000CA84       TdxTabbedMDITabProperties.UpdateImages
 0001:00004EC0       TEditorParentForm.Destroy
 0001:00004EEC       TEditorParentForm.GetTabOrderList
 0001:00004EF0       TEditorParentForm.SetFocusedControl
 0001:00004EA4       TFakeWinControl.CreateWnd
 0001:00004E74       TFakeWinControl.Destroy
 0001:00004EA8       TFakeWinControl.DestroyWindowHandle
 0001:00004EB4       TFakeWinControl.DestroyWnd
 0001:000117D8       TfrmEasyLockApp.btnUnLockClick
 0001:000117E4       TfrmEasyLockApp.FormCloseQuery
 0001:000118F0       TfrmEasyLockApp.FormShow
 0001:0000DB84       TfrmEasyLoginMain.bbtnCancelClick
 0001:0000DB90       TfrmEasyLoginMain.bbtnLoginClick
 0001:0000DB80       TfrmEasyLoginMain.FormCreate
 0001:0000DB64       TfrmEasyLoginMain.GetLoginUserID
 0001:0000DB48       TfrmEasyLoginMain.SetLoginUserID
 0001:00011BC4       TfrmEasyPlateChangePS.btnCancelClick
 0001:00011BD0       TfrmEasyPlateChangePS.btnOkClick
 0001:00011F64       TfrmEasyPlateChangePS.FormShow
 0001:00015A88       TfrmEasyPlateClient.AddLangMenu
 0001:0001653C       TfrmEasyPlateClient.AddPlugParams
 0001:00013B08       TfrmEasyPlateClient.AddSkinMenu
 0001:00017610       TfrmEasyPlateClient.btnAppDirClick
 0001:00017EE4       TfrmEasyPlateClient.btnChangePSClick
 0001:00017390       TfrmEasyPlateClient.btnCMDClick
 0001:000176A0       TfrmEasyPlateClient.btnDfmDirClick
 0001:00016694       TfrmEasyPlateClient.btnEnableMDITabClick
 0001:00015A7C       TfrmEasyPlateClient.btnExitClick
 0001:000175D4       TfrmEasyPlateClient.btnLockAppClick
 0001:00018A3C       TfrmEasyPlateClient.btnNavTreeClick
 0001:00017658       TfrmEasyPlateClient.btnPluginDirClick
 0001:000185A0       TfrmEasyPlateClient.btnSwitchUserClick
 0001:00016468       TfrmEasyPlateClient.btnSyncServerTimeClick
 0001:00017190       TfrmEasyPlateClient.btntlbCMDClick
 0001:000171F4       TfrmEasyPlateClient.btntlbMainClick
 0001:0001866C       TfrmEasyPlateClient.btnUCClick
 0001:00016814       TfrmEasyPlateClient.cbCloseBtnVisibleChange
 0001:000166FC       TfrmEasyPlateClient.cbTextRationChange
 0001:00014EE4       TfrmEasyPlateClient.CheckCurrUserInfo
 0001:00015854       TfrmEasyPlateClient.CheckHasLoaded
 0001:00017258       TfrmEasyPlateClient.dxBarSubItem3Popup
 0001:00013BF0       TfrmEasyPlateClient.EasyAddSubItemBarButton
 0001:00015E28       TfrmEasyPlateClient.EasyAddSubItemBarButtonLang
 0001:00018E40       TfrmEasyPlateClient.EasyAddSysVar
 0001:0001840C       TfrmEasyPlateClient.edtCMDKeyDown
 0001:00013DD8       TfrmEasyPlateClient.FormCloseQuery
 0001:0001461C       TfrmEasyPlateClient.FormCreate
 0001:000148C4       TfrmEasyPlateClient.FormDestroy
 0001:00018734       TfrmEasyPlateClient.FormResize
 0001:00013974       TfrmEasyPlateClient.FormShow
 0001:00013E2C       TfrmEasyPlateClient.GetRegValue
 0001:00017738       TfrmEasyPlateClient.GetRootRoleGUID
 0001:00017F20       TfrmEasyPlateClient.HasPluginFileGUID
 0001:000168FC       TfrmEasyPlateClient.InitDMData
 0001:000150CC       TfrmEasyPlateClient.InitStbMain
 0001:0001534C       TfrmEasyPlateClient.InitTreeViewNav
 0001:00017984       TfrmEasyPlateClient.InitUserRights
 0001:00014B88       TfrmEasyPlateClient.Init_LoadPlugs
 0001:00015608       TfrmEasyPlateClient.LoadChildTreeNodes
 0001:000162E0       TfrmEasyPlateClient.LoadImages
 0001:00015B0C       TfrmEasyPlateClient.LoadLangClick
 0001:00015D10       TfrmEasyPlateClient.LoadLangs
 0001:00014D80       TfrmEasyPlateClient.LoadPlugFile
 0001:00018420       TfrmEasyPlateClient.LoadPlugFile_File
 0001:00013EEC       TfrmEasyPlateClient.LoadRegInfo
 0001:00013CB4       TfrmEasyPlateClient.LoadSkinClick
 0001:0001386C       TfrmEasyPlateClient.LoadSkins
 0001:000187AC       TfrmEasyPlateClient.LoadUCIni
 0001:00013DCC       TfrmEasyPlateClient.mmTitleClick
 0001:000159F8       TfrmEasyPlateClient.pmAllCollapseClick
 0001:000159E8       TfrmEasyPlateClient.pmAllExpandClick
 0001:00015E1C       TfrmEasyPlateClient.pmArrangeIconsClick
 0001:00015E10       TfrmEasyPlateClient.pmCascadeClick
 0001:000159BC       TfrmEasyPlateClient.pmCollapseClick
 0001:00015A14       TfrmEasyPlateClient.pmDisplayHindeNavClick
[...]
   167 0001:0000E035   172 0001:0000E042   173 0001:0000E04F   175 0001:0000E07B
   179 0001:0000E093   183 0001:0000E0C4   184 0001:0000E0DC   187 0001:0000E1C1
   189 0001:0000E51C   189 0001:0000E523

Line numbers for untEasyPlateLoading(untEasyPlateLoading.pas) segment .text

    78 0001:0000E770    79 0001:0000E777    80 0001:0000E77B    81 0001:0000E794
    84 0001:0000E7A2    85 0001:0000E7B9    86 0001:0000E7CB    89 0001:0000E7E5
    91 0001:0000E7FA    96 0001:0000E800    97 0001:0000E80A    98 0001:0000E80E
    99 0001:0000E827   102 0001:0000E835   103 0001:0000E840   104 0001:0000E857
   105 0001:0000E869   108 0001:0000E883   110 0001:0000E898   114 0001:0000E8A0
   115 0001:0000E8A7   116 0001:0000E8AB   117 0001:0000E8C4   120 0001:0000E8D2
   121 0001:0000E8E9   122 0001:0000E8FB   125 0001:0000E915   127 0001:0000E92A
   132 0001:0000E930   133 0001:0000E936   134 0001:0000E942   135 0001:0000E950
   136 0001:0000E95A   137 0001:0000E966   138 0001:0000E970   139 0001:0000E97C
   141 0001:0000E986   144 0001:0000E99F   145 0001:0000E9A7   148 0001:0000E9AC
   149 0001:0000E9B2   150 0001:0000E9C8   153 0001:0000E9CC   154 0001:0000E9CF
   155 0001:0000E9D4   157 0001:0000EA08   157 0001:0000EA0F

Line numbers for untEasyStdCmpsReg(untEasyStdCmpsReg.pas) segment .text

    85 0001:0000FD98    87 0001:0000FDA1   218 0001:0001097A   221 0001:00010980
   223 0001:00010989   353 0001:00011562   359 0001:00011568   361 0001:0001159B
   355 0001:000115A0   358 0001:000115AA

Line numbers for untEasyLockApp(untEasyLockApp.pas) segment .text

    59 0001:000117D8    61 0001:000117DB    62 0001:000117E0    66 0001:000117E4
    68 0001:00011805    70 0001:00011859    71 0001:0001185C    74 0001:000118C2
    77 0001:000118F0    78 0001:000118F6    79 0001:000118FD    80 0001:0001190B
    82 0001:00011940    82 0001:00011947

Line numbers for untEasyPlateChangePS(untEasyPlateChangePS.pas) segment .text

    63 0001:00011BC4    65 0001:00011BC7    66 0001:00011BCC    71 0001:00011BD0
    73 0001:00011BF3    75 0001:00011C40    77 0001:00011C63    79 0001:00011C92
    81 0001:00011CFE    82 0001:00011D0C    83 0001:00011D26    85 0001:00011D3E
    89 0001:00011D63    92 0001:00011D65    93 0001:00011D92    99 0001:00011DA0
   100 0001:00011DB8   104 0001:00011DBA   105 0001:00011DD2   109 0001:00011DD4
   110 0001:00011DEC   112 0001:00011E75   115 0001:00011F64   116 0001:00011F6A
   117 0001:00011F71   118 0001:00011F7F   120 0001:00011FB4   120 0001:00011FBB

Line numbers for untEasySelectCMD(untEasySelectCMD.pas) segment .text

    85 0001:00012394    86 0001:000123C0    87 0001:000123C8    90 0001:000123DE
    91 0001:000123ED    92 0001:000123F5    93 0001:00012415    94 0001:00012422
    95 0001:00012439    94 0001:00012453    97 0001:00012456    99 0001:00012460
   100 0001:00012470   101 0001:00012494   107 0001:0001249C   108 0001:000124BE
   109 0001:000124C5   110 0001:000124D6   112 0001:000124E3   113 0001:000124EF
   114 0001:00012534   116 0001:00012540   118 0001:00012561   119 0001:00012580
   121 0001:000125A6   122 0001:000125B1   123 0001:000125ED   124 0001:00012629
   125 0001:00012665   126 0001:000126A1   127 0001:000126DD   128 0001:0001270B
   130 0001:00012719   116 0001:0001272B   132 0001:00012732   134 0001:00012738
   135 0001:00012744   136 0001:00012789   138 0001:000127D7   141 0001:00012884
   143 0001:0001289F   145 0001:000128B2   147 0001:000128B8   148 0001:000128C4
   149 0001:000128D3   153 0001:000128E1   155 0001:000128E7   156 0001:000128F3
   157 0001:00012938   160 0001:00012966   163 0001:000129B8   165 0001:000129BB
   166 0001:000129C0   169 0001:000129C4   171 0001:000129DC   172 0001:00012A02
   173 0001:00012A19   174 0001:00012A45   175 0001:00012A6E   178 0001:00012AA0
   180 0001:00012AA3   181 0001:00012AA8   183 0001:00012ADC   183 0001:00012AE3

Line numbers for untEasyPlateClient(untEasyPlateClient.pas) segment .text

   304 0001:0001366C   305 0001:00013672   306 0001:0001367E   311 0001:0001369C
   312 0001:000136C7   313 0001:000136D7   314 0001:000136DE   315 0001:000136E5
   316 0001:000136F5   317 0001:00013705   318 0001:00013715   319 0001:00013725
   320 0001:0001375E   325 0001:0001378C   326 0001:000137BF   327 0001:000137CF
   328 0001:000137D6   329 0001:000137DD   330 0001:000137ED   331 0001:000137FD
   332 0001:00013840   339 0001:0001386C   340 0001:00013886   341 0001:000138A5
   342 0001:000138C0   343 0001:000138CF   344 0001:000138DD   346 0001:00013902
   348 0001:00013919   350 0001:0001394B   353 0001:00013974   354 0001:00013992
   356 0001:000139A0   357 0001:000139A7   359 0001:000139C7   360 0001:000139D3
   362 0001:000139E0   364 0001:000139E9   366 0001:000139F9   367 0001:00013A21
   370 0001:00013A28   371 0001:00013A3A   372 0001:00013A4C   373 0001:00013A6E
   374 0001:00013A70   376 0001:00013ABB   381 0001:00013B08   382 0001:00013B2C
   383 0001:00013B40   384 0001:00013B55   385 0001:00013B91   383 0001:00013B92
   386 0001:00013BB9   392 0001:00013BF0   393 0001:00013C1A   394 0001:00013C30
   395 0001:00013C3D   396 0001:00013C46   397 0001:00013C4C   398 0001:00013C63
   399 0001:00013C6C   400 0001:00013C78   401 0001:00013CAA   406 0001:00013CB4
   407 0001:00013CD2   408 0001:00013D01   409 0001:00013D18   411 0001:00013D24
   412 0001:00013D31   413 0001:00013D41   416 0001:00013D5B   418 0001:00013D8A
   421 0001:00013DCC   423 0001:00013DCF   424 0001:00013DD4   428 0001:00013DD8
   430 0001:00013DDE   432 0001:00013DF9   434 0001:00013E08   435 0001:00013E0B
   438 0001:00013E2C   439 0001:00013E4F   440 0001:00013E7C   443 0001:00013E84
   444 0001:00013EA4   445 0001:00013ED4   464 0001:00013EEC   465 0001:00013F1D
   466 0001:00013F21   467 0001:00013F26   468 0001:00013F50   469 0001:00013F5E
   471 0001:00013F6E   472 0001:00013F7D   473 0001:00013F8C   474 0001:00013F9A
   476 0001:00013FA8   477 0001:00013FB4   480 0001:00013FC2   481 0001:00013FCA
   482 0001:00013FD2   484 0001:00013FDA   487 0001:00013FDF   489 0001:00013FE4
   491 0001:00013FF9   482 0001:00013FFD   492 0001:00014002   495 0001:0001401E
   496 0001:00014036   499 0001:00014042   500 0001:0001404A   501 0001:00014059
   504 0001:00014075   505 0001:0001408D   508 0001:00014099   509 0001:000140A3
   510 0001:000140A8   511 0001:000140B6   514 0001:000140D2   515 0001:000140EA
   518 0001:000140F6   521 0001:0001413E   522 0001:00014156   525 0001:00014162
   526 0001:00014180   527 0001:000141BE   530 0001:000141F8   531 0001:00014207
   532 0001:00014213   534 0001:00014225   535 0001:00014248   537 0001:00014251
   540 0001:00014255   541 0001:0001426D   543 0001:00014279   551 0001:000142CD
   552 0001:000142E5   554 0001:000142F1   555 0001:00014314   556 0001:0001434D
   558 0001:0001435E   559 0001:00014366   562 0001:00014391   564 0001:00014393
   565 0001:000143C6   568 0001:0001445F   571 0001:0001461C   572 0001:00014636
   573 0001:00014648   576 0001:00014653   577 0001:0001466B   580 0001:0001467C
   582 0001:00014685   583 0001:0001468C   587 0001:0001469E   590 0001:000146B2
   591 0001:000146BE   592 0001:000146CA   593 0001:000146D6   594 0001:000146E2
   595 0001:000146EE   596 0001:000146FA   600 0001:00014706   601 0001:00014718
   603 0001:00014726   605 0001:0001472B   606 0001:00014735   608 0001:0001474B
   610 0001:0001475E   611 0001:0001476F   612 0001:0001479B   613 0001:0001479D
   615 0001:000147EC   621 0001:000148C4   622 0001:000148E2   624 0001:000148F0
   626 0001:000148FE   628 0001:00014935   630 0001:0001495D   631 0001:00014993
   632 0001:000149A2   633 0001:000149B1   634 0001:000149BF   635 0001:000149D0
   638 0001:00014A12   639 0001:00014A1A   644 0001:00014A2A   646 0001:00014A38
   648 0001:00014A46   649 0001:00014A50   651 0001:00014A5A   653 0001:00014A64
   654 0001:00014A6E   656 0001:00014A78   658 0001:00014AA8   663 0001:00014B08
   664 0001:00014B0C   665 0001:00014B1A   666 0001:00014B36   667 0001:00014B48
   668 0001:00014B55   670 0001:00014B6D   672 0001:00014B84   675 0001:00014B88
   676 0001:00014BA5   679 0001:00014BBC   681 0001:00014BC4   684 0001:00014BCC
   686 0001:00014BD4   689 0001:00014BEE   690 0001:00014C05   691 0001:00014C0D
   693 0001:00014C24   695 0001:00014C2C   696 0001:00014C34   698 0001:00014C4B
   700 0001:00014C53   702 0001:00014C5B   703 0001:00014C92   705 0001:00014CA4
   706 0001:00014CB2   708 0001:00014CCF   710 0001:00014CD4   713 0001:00014CF6
   715 0001:00014D03   716 0001:00014D11   718 0001:00014D16   719 0001:00014D18
   720 0001:00014D48   726 0001:00014D80   727 0001:00014D98   729 0001:00014DA5
   731 0001:00014DB2   732 0001:00014DC9   733 0001:00014DDD   734 0001:00014DEE
   735 0001:00014DFB   737 0001:00014E18   740 0001:00014E26   741 0001:00014E65
   743 0001:00014E67   744 0001:00014E7B   748 0001:00014E87   750 0001:00014E89
   751 0001:00014EA0   752 0001:00014ECB   755 0001:00014EE4   757 0001:00014F12
   759 0001:00014F23   761 0001:00014F2F   763 0001:00014F37   764 0001:00014F79
   770 0001:00014F8A   772 0001:00014F9B   773 0001:00014FA2   775 0001:00014FBA
   778 0001:00014FC8   779 0001:00014FCF   781 0001:00014FE7   784 0001:00015032
   790 0001:000150CC   802 0001:000150EA   805 0001:00015121   807 0001:00015141
   813 0001:0001519D   816 0001:000151AA   817 0001:000151B1   819 0001:000151C7
   820 0001:000151D6   822 0001:000151FB   825 0001:0001521E   827 0001:00015256
   830 0001:000152D3   838 0001:0001534C   840 0001:0001536E   841 0001:0001537E
   843 0001:00015398   845 0001:000153BB   846 0001:000153C6   848 0001:000153DC
   849 0001:000153F4   851 0001:0001540D   853 0001:00015417   846 0001:00015422
   872 0001:00015425   873 0001:0001543A   874 0001:00015447   876 0001:00015462
   879 0001:00015473   881 0001:00015489   882 0001:000154B1   883 0001:000154BC
   885 0001:000154C7   888 0001:000154DF   874 0001:000154E2   890 0001:000154E9
   892 0001:000154F6   893 0001:00015504   894 0001:00015510   896 0001:0001551C
   897 0001:00015557   901 0001:0001559C   903 0001:000155A5   905 0001:000155B0
   907 0001:000155C8   909 0001:000155D6   912 0001:000155EC   919 0001:00015608
   922 0001:00015617   924 0001:00015625   926 0001:00015631   928 0001:00015644
   929 0001:00015665   930 0001:00015670   933 0001:0001567B   934 0001:00015681
   937 0001:00015696   920 0001:00015697   939 0001:0001569A   944 0001:000156B8
   946 0001:000156D2   948 0001:000156E5   950 0001:000156FD   951 0001:00015716
   953 0001:00015728   955 0001:00015745   956 0001:00015755   957 0001:00015772
   962 0001:00015784   963 0001:000157BB   967 0001:000157DD   973 0001:00015854
   974 0001:00015880   976 0001:00015884   978 0001:00015893   980 0001:000158AF
   983 0001:000158DF   984 0001:000158EF   985 0001:000158F3   987 0001:000158F5
   978 0001:000158F6   990 0001:000158FB   992 0001:0001590C   994 0001:00015930
   995 0001:0001593E   996 0001:0001594F   997 0001:00015953   999 0001:00015955
   990 0001:00015956  1001 0001:00015986  1004 0001:00015990  1006 0001:00015996
  1007 0001:000159A5  1008 0001:000159B7  1011 0001:000159BC  1013 0001:000159C2
  1014 0001:000159D1  1015 0001:000159E3  1018 0001:000159E8  1020 0001:000159EB
  1021 0001:000159F6  1024 0001:000159F8  1026 0001:000159FB  1027 0001:00015A06
  1030 0001:00015A08  1032 0001:00015A0B  1033 0001:00015A10  1036 0001:00015A14
  1038 0001:00015A1A  1039 0001:00015A2B  1040 0001:00015A4A  1043 0001:00015A70
  1045 0001:00015A73  1046 0001:00015A78  1049 0001:00015A7C  1051 0001:00015A7F
  1052 0001:00015A84  1057 0001:00015A88  1058 0001:00015AAA  1059 0001:00015ABE
  1058 0001:00015AE3  1060 0001:00015B03  1067 0001:00015B0C  1068 0001:00015B30
  1069 0001:00015B5A  1071 0001:00015B6A  1072 0001:00015B97  1073 0001:00015BA6
  1074 0001:00015BB4  1075 0001:00015BBF  1076 0001:00015BCF  1077 0001:00015BDF
  1078 0001:00015BED  1079 0001:00015C05  1080 0001:00015C47  1081 0001:00015C49
  1084 0001:00015C78  1087 0001:00015CB7  1092 0001:00015D10  1093 0001:00015D2A
  1094 0001:00015D49  1095 0001:00015D64  1096 0001:00015D73  1097 0001:00015D81
  1099 0001:00015DA6  1101 0001:00015DBD  1103 0001:00015DEF  1106 0001:00015E10
  1108 0001:00015E13  1109 0001:00015E18  1112 0001:00015E1C  1114 0001:00015E1F
  1115 0001:00015E24  1124 0001:00015E28  1125 0001:00015E5B  1126 0001:00015E68
  1127 0001:00015E75  1128 0001:00015E93  1130 0001:00015EA3  1131 0001:00015EC6
  1133 0001:00015ED2  1134 0001:00015EE1  1135 0001:00015EEF  1136 0001:00015EFA
  1137 0001:00015F0A  1139 0001:00015F27  1142 0001:00015F37  1144 0001:00015F47
  1145 0001:00015F5E  1146 0001:00015F6B  1147 0001:00015F74  1148 0001:00015F8C
  1149 0001:00015F95  1150 0001:00015FA3  1151 0001:00015FAF  1152 0001:00015FEC
  1157 0001:0001605C  1158 0001:00016082  1159 0001:00016091  1160 0001:0001609F
  1161 0001:000160BA  1162 0001:000160C9  1164 0001:000160D4  1165 0001:000160E3
  1167 0001:00016103  1169 0001:0001612E  1171 0001:00016168  1176 0001:000161AC
  1177 0001:000161E5  1178 0001:000161F4  1179 0001:00016202  1180 0001:0001621D
  1181 0001:00016238  1183 0001:00016263  1185 0001:000162A2  1188 0001:000162E0
  1189 0001:000162F8  1191 0001:00016317  1192 0001:0001633F  1194 0001:0001637E
  1197 0001:00016398  1199 0001:000163B9  1200 0001:000163D5  1202 0001:0001641A
  1203 0001:00016460  1206 0001:00016468  1208 0001:00016482  1209 0001:000164A4
  1210 0001:000164DD  1215 0001:0001653C  1216 0001:00016566  1218 0001:00016574
  1220 0001:00016581  1221 0001:0001658D  1222 0001:000165B5  1223 0001:000165C1
  1224 0001:000165D3  1223 0001:00016624  1226 0001:00016649  1229 0001:00016694
  1231 0001:0001669A  1232 0001:000166B1  1233 0001:000166D3  1239 0001:000166FC
  1241 0001:00016704  1242 0001:0001671E  1243 0001:0001672A  1244 0001:00016736
  1245 0001:00016749  1246 0001:0001674E  1248 0001:00016773  1249 0001:00016793
  1250 0001:000167B5  1251 0001:000167D7  1258 0001:00016814  1260 0001:0001681C
  1261 0001:00016828  1262 0001:00016833  1263 0001:00016844  1264 0001:00016848
  1266 0001:0001684C  1268 0001:0001684E  1269 0001:00016852  1271 0001:00016874
  1272 0001:00016897  1273 0001:000168A7  1274 0001:000168C9  1282 0001:000168FC
  1283 0001:00016925  1286 0001:0001695A  1289 0001:000169A9  1292 0001:000169F8
  1295 0001:00016A47  1298 0001:00016A96  1301 0001:00016AE5  1303 0001:00016B0C
  1305 0001:00016B33  1307 0001:00016B5A  1310 0001:00016B67  1312 0001:00016BA2
  1314 0001:00016BDD  1320 0001:00016C1A  1321 0001:00016C28  1318 0001:00016C35
  1323 0001:00016C41  1325 0001:00016C4F  1326 0001:00016C74  1327 0001:00016C87
  1329 0001:00016C99  1330 0001:00016CBE  1331 0001:00016CD1  1333 0001:00016CE6
  1334 0001:00016D0B  1335 0001:00016D1E  1337 0001:00016D36  1338 0001:00016D5B
  1339 0001:00016D6E  1341 0001:00016D86  1342 0001:00016DAB  1343 0001:00016DBE
  1345 0001:00016DD6  1347 0001:00016DE3  1349 0001:00016E0C  1352 0001:00016E0E
  1353 0001:00016E41  1356 0001:00016F75  1359 0001:00017190  1361 0001:00017196
  1362 0001:000171AD  1363 0001:000171CF  1366 0001:000171F4  1368 0001:000171FA
  1369 0001:00017211  1370 0001:00017233  1373 0001:00017258  1375 0001:0001725E
  1376 0001:00017276  1377 0001:0001728E  1384 0001:00017294  1385 0001:000172C1
  1387 0001:000172CE  1391 0001:000172F3  1393 0001:0001730E  1394 0001:00017322
  1396 0001:00017338  1398 0001:0001733A  1385 0001:0001733B  1399 0001:00017360
  1403 0001:00017390  1405 0001:000173B1  1406 0001:000173DA  1408 0001:000173E4
  1409 0001:000173F3  1410 0001:00017401  1412 0001:0001740E  1413 0001:0001741A
  1414 0001:0001745C  1416 0001:00017468  1418 0001:00017480  1420 0001:000174AB
  1422 0001:000174C3  1423 0001:000174D4  1424 0001:000174E5  1427 0001:000174F1
  1428 0001:00017509  1431 0001:0001751D  1434 0001:0001756C  1437 0001:000175D4
  1439 0001:000175D7  1440 0001:000175F3  1441 0001:00017602  1442 0001:0001760E
  1445 0001:00017610  1447 0001:00017616  1448 0001:0001763D  1451 0001:00017658
  1453 0001:0001765E  1454 0001:00017685  1457 0001:000176A0  1459 0001:000176B6
  1460 0001:0001770A  1465 0001:00017738  1466 0001:0001775E  1467 0001:00017760
  1469 0001:00017781  1470 0001:00017795  1477 0001:000177F4  1478 0001:00017834
  1481 0001:0001789A  1474 0001:0001789B  1485 0001:000178D8  1486 0001:0001793E
  1491 0001:00017984  1492 0001:000179A5  1493 0001:000179D1  1526 0001:00017A43
  1528 0001:00017A64  1531 0001:00017A85  1534 0001:00017A97  1535 0001:00017AD7
  1537 0001:00017AEE  1538 0001:00017B2E  1539 0001:00017C0B  1542 0001:00017EE4
  1544 0001:00017EE7  1545 0001:00017F03  1546 0001:00017F12  1547 0001:00017F1E
  1554 0001:00017F20  1555 0001:00017F4E  1556 0001:00017F50  1557 0001:00017F54
  1558 0001:00017F63  1559 0001:00017F71  1565 0001:00017FC3  1566 0001:00017FD4
  1568 0001:0001800D  1569 0001:0001802C  1570 0001:0001803D  1572 0001:00018076
  1573 0001:00018095  1576 0001:000180F9  1579 0001:00018135  1581 0001:00018172
  1582 0001:000181A7  1583 0001:000181D9  1585 0001:00018204  1587 0001:00018225
  1589 0001:00018238  1590 0001:0001825B  1591 0001:0001827B  1587 0001:0001827C
  1593 0001:00018281  1594 0001:00018285  1596 0001:0001828A  1562 0001:0001828B
  1600 0001:000182DC  1602 0001:00018359  1606 0001:0001840C  1608 0001:0001840F
  1609 0001:00018415  1610 0001:0001841A  1613 0001:00018420  1615 0001:0001843A
  1617 0001:00018447  1618 0001:0001845E  1619 0001:00018472  1620 0001:00018482
  1622 0001:000184BE  1625 0001:000184CC  1626 0001:0001851F  1628 0001:00018521
  1629 0001:00018535  1634 0001:00018541  1635 0001:00018558  1636 0001:00018586
  1639 0001:000185A0  1641 0001:000185B8  1643 0001:000185C4  1645 0001:000185E4
  1646 0001:000185F0  1649 0001:000185F2  1651 0001:00018602  1653 0001:00018609
  1654 0001:0001861B  1656 0001:0001864F  1659 0001:0001866C  1661 0001:00018684
  1664 0001:000186F9  1667 0001:00018734  1669 0001:0001873B  1671 0001:00018744
  1672 0001:0001875D  1674 0001:00018776  1677 0001:000187AC  1679 0001:000187B3
  1680 0001:000187D7  1681 0001:000187EE  1682 0001:000187F7  1683 0001:0001881B
  1684 0001:00018824  1685 0001:00018848  1686 0001:0001886C  1688 0001:00018875
  1689 0001:00018899  1690 0001:000188A2  1691 0001:000188C6  1693 0001:000188CF
  1694 0001:000188F2  1696 0001:00018915  1697 0001:00018939  1698 0001:0001894D
  1701 0001:00018A3C  1703 0001:00018A42  1704 0001:00018A49  1705 0001:00018A5D
  1708 0001:00018A60  1710 0001:00018A87  1712 0001:00018A94  1713 0001:00018AB3
  1714 0001:00018AD2  1715 0001:00018AF4  1716 0001:00018B16  1717 0001:00018B38
  1718 0001:00018B5A  1719 0001:00018B7C  1720 0001:00018B9E  1721 0001:00018BC0
  1722 0001:00018BE2  1723 0001:00018C04  1724 0001:00018C26  1725 0001:00018C48
  1726 0001:00018C8C  1729 0001:00018E40  1730 0001:00018E5D  1731 0001:00018E75
  1732 0001:00018EA7  1734 0001:00018EDC  1734 0001:00018EE3

Line numbers for untEasyPlateClientUtil(untEasyPlateClientUtil.pas) segment .text

    14 0001:00018F14    14 0001:00018F1B

Line numbers for EasyPlateClient(E:\MyProject\EasyPlate\V2.0\src\Client\EasyPlateClient.dpr) segment .text

    18 0001:0001A12C    19 0001:0001A13C    20 0001:0001A148    21 0001:0001A160
    22 0001:0001A16C

Bound resource files

D:\Program Files\DevExpress VCL\ExpressSkins Library\Sources\dxSkinBlue.res
D:\Program Files\DevExpress VCL\ExpressSkins Library\Sources\dxSkinCaramel.res
untEasyLoginMain.dfm
untEasyPlateLoading.dfm
untEasyLockApp.dfm
untEasyPlateChangePS.dfm
untEasySelectCMD.dfm
untEasyPlateClient.dfm
EasyPlateClient.REC
EasyPlateClient.res
EasyPlateClient.drf


Program entry point at 0001:0001A12C
